Component: Arm Compiler for Embedded 6.22 Tool: armlink [5ee90200]

==============================================================================

Section Cross References

    startup_stm32g474xx.o(RESET) refers to startup_stm32g474xx.o(STACK) for __initial_sp
    startup_stm32g474xx.o(RESET) refers to startup_stm32g474xx.o(.text) for Reset_Handler
    startup_stm32g474xx.o(RESET) refers to stm32g4xx_it.o(.text.NMI_Handler) for NMI_Handler
    startup_stm32g474xx.o(RESET) refers to stm32g4xx_it.o(.text.HardFault_Handler) for HardFault_Handler
    startup_stm32g474xx.o(RESET) refers to stm32g4xx_it.o(.text.MemManage_Handler) for MemManage_Handler
    startup_stm32g474xx.o(RESET) refers to stm32g4xx_it.o(.text.BusFault_Handler) for BusFault_Handler
    startup_stm32g474xx.o(RESET) refers to stm32g4xx_it.o(.text.UsageFault_Handler) for UsageFault_Handler
    startup_stm32g474xx.o(RESET) refers to stm32g4xx_it.o(.text.SVC_Handler) for SVC_Handler
    startup_stm32g474xx.o(RESET) refers to stm32g4xx_it.o(.text.DebugMon_Handler) for DebugMon_Handler
    startup_stm32g474xx.o(RESET) refers to stm32g4xx_it.o(.text.PendSV_Handler) for PendSV_Handler
    startup_stm32g474xx.o(RESET) refers to stm32g4xx_it.o(.text.SysTick_Handler) for SysTick_Handler
    startup_stm32g474xx.o(RESET) refers to stm32g4xx_it.o(.text.EXTI4_IRQHandler) for EXTI4_IRQHandler
    startup_stm32g474xx.o(RESET) refers to stm32g4xx_it.o(.text.DMA1_Channel1_IRQHandler) for DMA1_Channel1_IRQHandler
    startup_stm32g474xx.o(RESET) refers to stm32g4xx_it.o(.text.DMA1_Channel2_IRQHandler) for DMA1_Channel2_IRQHandler
    startup_stm32g474xx.o(RESET) refers to stm32g4xx_it.o(.text.EXTI9_5_IRQHandler) for EXTI9_5_IRQHandler
    startup_stm32g474xx.o(RESET) refers to stm32g4xx_it.o(.text.USART1_IRQHandler) for USART1_IRQHandler
    startup_stm32g474xx.o(.text) refers to system_stm32g4xx.o(.text.SystemInit) for SystemInit
    startup_stm32g474xx.o(.text) refers to entry.o(.ARM.Collect$$$$00000000) for __main
    lcd.o(.text.LCD_GPIO_Config) refers to stm32g4xx_hal_gpio.o(.text.HAL_GPIO_Init) for HAL_GPIO_Init
    lcd.o(.text.LCD_GPIO_Config) refers to stm32g4xx_hal_gpio.o(.text.HAL_GPIO_WritePin) for HAL_GPIO_WritePin
    lcd.o(.ARM.exidx.text.LCD_GPIO_Config) refers to lcd.o(.text.LCD_GPIO_Config) for [Anonymous Symbol]
    lcd.o(.text.Lcd_Reset) refers to stm32g4xx_hal.o(.text.HAL_Delay) for HAL_Delay
    lcd.o(.ARM.exidx.text.Lcd_Reset) refers to lcd.o(.text.Lcd_Reset) for [Anonymous Symbol]
    lcd.o(.ARM.exidx.text.LCD_delay) refers to lcd.o(.text.LCD_delay) for [Anonymous Symbol]
    lcd.o(.ARM.exidx.text.LCD_WriteByteSPI) refers to lcd.o(.text.LCD_WriteByteSPI) for [Anonymous Symbol]
    lcd.o(.ARM.exidx.text.LCD_WriteRegIndex) refers to lcd.o(.text.LCD_WriteRegIndex) for [Anonymous Symbol]
    lcd.o(.ARM.exidx.text.LCD_WriteData) refers to lcd.o(.text.LCD_WriteData) for [Anonymous Symbol]
    lcd.o(.ARM.exidx.text.LCD_WR_REG) refers to lcd.o(.text.LCD_WR_REG) for [Anonymous Symbol]
    lcd.o(.ARM.exidx.text.Lcd_SetCursor) refers to lcd.o(.text.Lcd_SetCursor) for [Anonymous Symbol]
    lcd.o(.text.BlockWrite) refers to lcd.o(.text.LCD_WR_REG) for LCD_WR_REG
    lcd.o(.text.BlockWrite) refers to lcd.o(.text.Lcd_SetCursor) for Lcd_SetCursor
    lcd.o(.ARM.exidx.text.BlockWrite) refers to lcd.o(.text.BlockWrite) for [Anonymous Symbol]
    lcd.o(.text.Lcd_ColorBox) refers to lcd.o(.text.BlockWrite) for BlockWrite
    lcd.o(.ARM.exidx.text.Lcd_ColorBox) refers to lcd.o(.text.Lcd_ColorBox) for [Anonymous Symbol]
    lcd.o(.text.LCD_Initial) refers to stm32g4xx_hal.o(.text.HAL_Delay) for HAL_Delay
    lcd.o(.text.LCD_Initial) refers to lcd.o(.text.LCD_WR_REG) for LCD_WR_REG
    lcd.o(.ARM.exidx.text.LCD_Initial) refers to lcd.o(.text.LCD_Initial) for [Anonymous Symbol]
    lcd.o(.text.LCD_Fill_Pic) refers to lcd.o(.text.BlockWrite) for BlockWrite
    lcd.o(.ARM.exidx.text.LCD_Fill_Pic) refers to lcd.o(.text.LCD_Fill_Pic) for [Anonymous Symbol]
    lcd.o(.text.DrawPixel) refers to lcd.o(.text.BlockWrite) for BlockWrite
    lcd.o(.ARM.exidx.text.DrawPixel) refers to lcd.o(.text.DrawPixel) for [Anonymous Symbol]
    lcd.o(.text.SPILCD_ShowChar) refers to lcd.o(.rodata.nAsciiDot) for nAsciiDot
    lcd.o(.text.SPILCD_ShowChar) refers to lcd.o(.text.DrawPixel) for DrawPixel
    lcd.o(.ARM.exidx.text.SPILCD_ShowChar) refers to lcd.o(.text.SPILCD_ShowChar) for [Anonymous Symbol]
    lcd.o(.text.PutGB1616) refers to lcd.o(.rodata.codeGB_16) for codeGB_16
    lcd.o(.text.PutGB1616) refers to lcd.o(.text.DrawPixel) for DrawPixel
    lcd.o(.ARM.exidx.text.PutGB1616) refers to lcd.o(.text.PutGB1616) for [Anonymous Symbol]
    lcd.o(.text.LCD_PutString) refers to lcd.o(.rodata.codeGB_16) for codeGB_16
    lcd.o(.text.LCD_PutString) refers to lcd.o(.rodata.nAsciiDot) for nAsciiDot
    lcd.o(.text.LCD_PutString) refers to lcd.o(.text.DrawPixel) for DrawPixel
    lcd.o(.ARM.exidx.text.LCD_PutString) refers to lcd.o(.text.LCD_PutString) for [Anonymous Symbol]
[...]
    stm32g4xx_hal_pwr_ex.o(.ARM.exidx.text.HAL_PWREx_EnablePVM1) refers to stm32g4xx_hal_pwr_ex.o(.text.HAL_PWREx_EnablePVM1) for [Anonymous Symbol]
    stm32g4xx_hal_pwr_ex.o(.ARM.exidx.text.HAL_PWREx_DisablePVM1) refers to stm32g4xx_hal_pwr_ex.o(.text.HAL_PWREx_DisablePVM1) for [Anonymous Symbol]
    stm32g4xx_hal_pwr_ex.o(.ARM.exidx.text.HAL_PWREx_EnablePVM2) refers to stm32g4xx_hal_pwr_ex.o(.text.HAL_PWREx_EnablePVM2) for [Anonymous Symbol]
    stm32g4xx_hal_pwr_ex.o(.ARM.exidx.text.HAL_PWREx_DisablePVM2) refers to stm32g4xx_hal_pwr_ex.o(.text.HAL_PWREx_DisablePVM2) for [Anonymous Symbol]
    stm32g4xx_hal_pwr_ex.o(.ARM.exidx.text.HAL_PWREx_EnablePVM3) refers to stm32g4xx_hal_pwr_ex.o(.text.HAL_PWREx_EnablePVM3) for [Anonymous Symbol]
    stm32g4xx_hal_pwr_ex.o(.ARM.exidx.text.HAL_PWREx_DisablePVM3) refers to stm32g4xx_hal_pwr_ex.o(.text.HAL_PWREx_DisablePVM3) for [Anonymous Symbol]
    stm32g4xx_hal_pwr_ex.o(.ARM.exidx.text.HAL_PWREx_EnablePVM4) refers to stm32g4xx_hal_pwr_ex.o(.text.HAL_PWREx_EnablePVM4) for [Anonymous Symbol]
    stm32g4xx_hal_pwr_ex.o(.ARM.exidx.text.HAL_PWREx_DisablePVM4) refers to stm32g4xx_hal_pwr_ex.o(.text.HAL_PWREx_DisablePVM4) for [Anonymous Symbol]
    stm32g4xx_hal_pwr_ex.o(.ARM.exidx.text.HAL_PWREx_ConfigPVM) refers to stm32g4xx_hal_pwr_ex.o(.text.HAL_PWREx_ConfigPVM) for [Anonymous Symbol]
    stm32g4xx_hal_pwr_ex.o(.ARM.exidx.text.HAL_PWREx_EnableLowPowerRunMode) refers to stm32g4xx_hal_pwr_ex.o(.text.HAL_PWREx_EnableLowPowerRunMode) for [Anonymous Symbol]
    stm32g4xx_hal_pwr_ex.o(.text.HAL_PWREx_DisableLowPowerRunMode) refers to system_stm32g4xx.o(.data.SystemCoreClock) for SystemCoreClock
    stm32g4xx_hal_pwr_ex.o(.ARM.exidx.text.HAL_PWREx_DisableLowPowerRunMode) refers to stm32g4xx_hal_pwr_ex.o(.text.HAL_PWREx_DisableLowPowerRunMode) for [Anonymous Symbol]
    stm32g4xx_hal_pwr_ex.o(.ARM.exidx.text.HAL_PWREx_EnterSTOP0Mode) refers to stm32g4xx_hal_pwr_ex.o(.text.HAL_PWREx_EnterSTOP0Mode) for [Anonymous Symbol]
    stm32g4xx_hal_pwr_ex.o(.ARM.exidx.text.HAL_PWREx_EnterSTOP1Mode) refers to stm32g4xx_hal_pwr_ex.o(.text.HAL_PWREx_EnterSTOP1Mode) for [Anonymous Symbol]
    stm32g4xx_hal_pwr_ex.o(.ARM.exidx.text.HAL_PWREx_EnterSHUTDOWNMode) refers to stm32g4xx_hal_pwr_ex.o(.text.HAL_PWREx_EnterSHUTDOWNMode) for [Anonymous Symbol]
    stm32g4xx_hal_pwr_ex.o(.text.HAL_PWREx_PVD_PVM_IRQHandler) refers to stm32g4xx_hal_pwr.o(.text.HAL_PWR_PVDCallback) for HAL_PWR_PVDCallback
    stm32g4xx_hal_pwr_ex.o(.text.HAL_PWREx_PVD_PVM_IRQHandler) refers to stm32g4xx_hal_pwr_ex.o(.text.HAL_PWREx_PVM1Callback) for HAL_PWREx_PVM1Callback
    stm32g4xx_hal_pwr_ex.o(.text.HAL_PWREx_PVD_PVM_IRQHandler) refers to stm32g4xx_hal_pwr_ex.o(.text.HAL_PWREx_PVM2Callback) for HAL_PWREx_PVM2Callback
    stm32g4xx_hal_pwr_ex.o(.text.HAL_PWREx_PVD_PVM_IRQHandler) refers to stm32g4xx_hal_pwr_ex.o(.text.HAL_PWREx_PVM3Callback) for HAL_PWREx_PVM3Callback
    stm32g4xx_hal_pwr_ex.o(.text.HAL_PWREx_PVD_PVM_IRQHandler) refers to stm32g4xx_hal_pwr_ex.o(.text.HAL_PWREx_PVM4Callback) for HAL_PWREx_PVM4Callback
    stm32g4xx_hal_pwr_ex.o(.ARM.exidx.text.HAL_PWREx_PVD_PVM_IRQHandler) refers to stm32g4xx_hal_pwr_ex.o(.text.HAL_PWREx_PVD_PVM_IRQHandler) for [Anonymous Symbol]
    stm32g4xx_hal_pwr_ex.o(.ARM.exidx.text.HAL_PWREx_PVM1Callback) refers to stm32g4xx_hal_pwr_ex.o(.text.HAL_PWREx_PVM1Callback) for [Anonymous Symbol]
    stm32g4xx_hal_pwr_ex.o(.ARM.exidx.text.HAL_PWREx_PVM2Callback) refers to stm32g4xx_hal_pwr_ex.o(.text.HAL_PWREx_PVM2Callback) for [Anonymous Symbol]
    stm32g4xx_hal_pwr_ex.o(.ARM.exidx.text.HAL_PWREx_PVM3Callback) refers to stm32g4xx_hal_pwr_ex.o(.text.HAL_PWREx_PVM3Callback) for [Anonymous Symbol]
    stm32g4xx_hal_pwr_ex.o(.ARM.exidx.text.HAL_PWREx_PVM4Callback) refers to stm32g4xx_hal_pwr_ex.o(.text.HAL_PWREx_PVM4Callback) for [Anonymous Symbol]
    stm32g4xx_hal_pwr_ex.o(.ARM.exidx.text.HAL_PWREx_EnableUCPDStandbyMode) refers to stm32g4xx_hal_pwr_ex.o(.text.HAL_PWREx_EnableUCPDStandbyMode) for [Anonymous Symbol]
    stm32g4xx_hal_pwr_ex.o(.ARM.exidx.text.HAL_PWREx_DisableUCPDStandbyMode) refers to stm32g4xx_hal_pwr_ex.o(.text.HAL_PWREx_DisableUCPDStandbyMode) for [Anonymous Symbol]
    stm32g4xx_hal_pwr_ex.o(.ARM.exidx.text.HAL_PWREx_EnableUCPDDeadBattery) refers to stm32g4xx_hal_pwr_ex.o(.text.HAL_PWREx_EnableUCPDDeadBattery) for [Anonymous Symbol]
    stm32g4xx_hal_pwr_ex.o(.ARM.exidx.text.HAL_PWREx_DisableUCPDDeadBattery) refers to stm32g4xx_hal_pwr_ex.o(.text.HAL_PWREx_DisableUCPDDeadBattery) for [Anonymous Symbol]
    stm32g4xx_hal_uart.o(.text.HAL_UART_Init) refers to stm32g4xx_hal_msp.o(.text.HAL_UART_MspInit) for HAL_UART_MspInit
    stm32g4xx_hal_uart.o(.text.HAL_UART_Init) refers to stm32g4xx_hal_uart.o(.text.UART_AdvFeatureConfig) for UART_AdvFeatureConfig
    stm32g4xx_hal_uart.o(.text.HAL_UART_Init) refers to stm32g4xx_hal_uart.o(.text.UART_SetConfig) for UART_SetConfig
    stm32g4xx_hal_uart.o(.text.HAL_UART_Init) refers to stm32g4xx_hal_uart.o(.text.UART_CheckIdleState) for UART_CheckIdleState
    stm32g4xx_hal_uart.o(.ARM.exidx.text.HAL_UART_Init) refers to stm32g4xx_hal_uart.o(.text.HAL_UART_Init) for [Anonymous Symbol]
    stm32g4xx_hal_uart.o(.ARM.exidx.text.HAL_UART_MspInit) refers to stm32g4xx_hal_uart.o(.text.HAL_UART_MspInit) for [Anonymous Symbol]
    stm32g4xx_hal_uart.o(.ARM.exidx.text.UART_AdvFeatureConfig) refers to stm32g4xx_hal_uart.o(.text.UART_AdvFeatureConfig) for [Anonymous Symbol]
    stm32g4xx_hal_uart.o(.text.UART_SetConfig) refers to stm32g4xx_hal_uart.o(.rodata.cst16) for .Lswitch.table.UART_SetConfig.5
    stm32g4xx_hal_uart.o(.text.UART_SetConfig) refers to stm32g4xx_hal_rcc.o(.text.HAL_RCC_GetPCLK1Freq) for HAL_RCC_GetPCLK1Freq
    stm32g4xx_hal_uart.o(.text.UART_SetConfig) refers to stm32g4xx_hal_rcc.o(.text.HAL_RCC_GetSysClockFreq) for HAL_RCC_GetSysClockFreq
    stm32g4xx_hal_uart.o(.text.UART_SetConfig) refers to stm32g4xx_hal_uart.o(.rodata.UARTPrescTable) for UARTPrescTable
    stm32g4xx_hal_uart.o(.text.UART_SetConfig) refers to uldiv.o(.text) for __aeabi_uldivmod
    stm32g4xx_hal_uart.o(.text.UART_SetConfig) refers to stm32g4xx_hal_rcc.o(.text.HAL_RCC_GetPCLK2Freq) for HAL_RCC_GetPCLK2Freq
    stm32g4xx_hal_uart.o(.ARM.exidx.text.UART_SetConfig) refers to stm32g4xx_hal_uart.o(.text.UART_SetConfig) for [Anonymous Symbol]
    stm32g4xx_hal_uart.o(.text.UART_CheckIdleState) refers to stm32g4xx_hal.o(.text.HAL_GetTick) for HAL_GetTick
    stm32g4xx_hal_uart.o(.text.UART_CheckIdleState) refers to stm32g4xx_hal_uart.o(.text.UART_WaitOnFlagUntilTimeout) for UART_WaitOnFlagUntilTimeout
    stm32g4xx_hal_uart.o(.ARM.exidx.text.UART_CheckIdleState) refers to stm32g4xx_hal_uart.o(.text.UART_CheckIdleState) for [Anonymous Symbol]
    stm32g4xx_hal_uart.o(.text.HAL_HalfDuplex_Init) refers to stm32g4xx_hal_msp.o(.text.HAL_UART_MspInit) for HAL_UART_MspInit
    stm32g4xx_hal_uart.o(.text.HAL_HalfDuplex_Init) refers to stm32g4xx_hal_uart.o(.text.UART_AdvFeatureConfig) for UART_AdvFeatureConfig
    stm32g4xx_hal_uart.o(.text.HAL_HalfDuplex_Init) refers to stm32g4xx_hal_uart.o(.text.UART_SetConfig) for UART_SetConfig
    stm32g4xx_hal_uart.o(.text.HAL_HalfDuplex_Init) refers to stm32g4xx_hal_uart.o(.text.UART_CheckIdleState) for UART_CheckIdleState
    stm32g4xx_hal_uart.o(.ARM.exidx.text.HAL_HalfDuplex_Init) refers to stm32g4xx_hal_uart.o(.text.HAL_HalfDuplex_Init) for [Anonymous Symbol]
    stm32g4xx_hal_uart.o(.text.HAL_LIN_Init) refers to stm32g4xx_hal_msp.o(.text.HAL_UART_MspInit) for HAL_UART_MspInit
    stm32g4xx_hal_uart.o(.text.HAL_LIN_Init) refers to stm32g4xx_hal_uart.o(.text.UART_AdvFeatureConfig) for UART_AdvFeatureConfig
    stm32g4xx_hal_uart.o(.text.HAL_LIN_Init) refers to stm32g4xx_hal_uart.o(.text.UART_SetConfig) for UART_SetConfig
    stm32g4xx_hal_uart.o(.text.HAL_LIN_Init) refers to stm32g4xx_hal_uart.o(.text.UART_CheckIdleState) for UART_CheckIdleState
    stm32g4xx_hal_uart.o(.ARM.exidx.text.HAL_LIN_Init) refers to stm32g4xx_hal_uart.o(.text.HAL_LIN_Init) for [Anonymous Symbol]
    stm32g4xx_hal_uart.o(.text.HAL_MultiProcessor_Init) refers to stm32g4xx_hal_msp.o(.text.HAL_UART_MspInit) for HAL_UART_MspInit
    stm32g4xx_hal_uart.o(.text.HAL_MultiProcessor_Init) refers to stm32g4xx_hal_uart.o(.text.UART_AdvFeatureConfig) for UART_AdvFeatureConfig
    stm32g4xx_hal_uart.o(.text.HAL_MultiProcessor_Init) refers to stm32g4xx_hal_uart.o(.text.UART_SetConfig) for UART_SetConfig
    stm32g4xx_hal_uart.o(.text.HAL_MultiProcessor_Init) refers to stm32g4xx_hal_uart.o(.text.UART_CheckIdleState) for UART_CheckIdleState
    stm32g4xx_hal_uart.o(.ARM.exidx.text.HAL_MultiProcessor_Init) refers to stm32g4xx_hal_uart.o(.text.HAL_MultiProcessor_Init) for [Anonymous Symbol]
    stm32g4xx_hal_uart.o(.text.HAL_UART_DeInit) refers to stm32g4xx_hal_msp.o(.text.HAL_UART_MspDeInit) for HAL_UART_MspDeInit
    stm32g4xx_hal_uart.o(.ARM.exidx.text.HAL_UART_DeInit) refers to stm32g4xx_hal_uart.o(.text.HAL_UART_DeInit) for [Anonymous Symbol]
    stm32g4xx_hal_uart.o(.ARM.exidx.text.HAL_UART_MspDeInit) refers to stm32g4xx_hal_uart.o(.text.HAL_UART_MspDeInit) for [Anonymous Symbol]
    stm32g4xx_hal_uart.o(.text.HAL_UART_Transmit) refers to stm32g4xx_hal.o(.text.HAL_GetTick) for HAL_GetTick
    stm32g4xx_hal_uart.o(.ARM.exidx.text.HAL_UART_Transmit) refers to stm32g4xx_hal_uart.o(.text.HAL_UART_Transmit) for [Anonymous Symbol]
    stm32g4xx_hal_uart.o(.text.UART_WaitOnFlagUntilTimeout) refers to stm32g4xx_hal.o(.text.HAL_GetTick) for HAL_GetTick
    stm32g4xx_hal_uart.o(.ARM.exidx.text.UART_WaitOnFlagUntilTimeout) refers to stm32g4xx_hal_uart.o(.text.UART_WaitOnFlagUntilTimeout) for [Anonymous Symbol]
    stm32g4xx_hal_uart.o(.text.HAL_UART_Receive) refers to stm32g4xx_hal.o(.text.HAL_GetTick) for HAL_GetTick
    stm32g4xx_hal_uart.o(.text.HAL_UART_Receive) refers to stm32g4xx_hal_uart.o(.text.UART_WaitOnFlagUntilTimeout) for UART_WaitOnFlagUntilTimeout
    stm32g4xx_hal_uart.o(.ARM.exidx.text.HAL_UART_Receive) refers to stm32g4xx_hal_uart.o(.text.HAL_UART_Receive) for [Anonymous Symbol]
    stm32g4xx_hal_uart.o(.text.HAL_UART_Transmit_IT) refers to stm32g4xx_hal_uart.o(.text.UART_TxISR_8BIT_FIFOEN) for UART_TxISR_8BIT_FIFOEN
    stm32g4xx_hal_uart.o(.text.HAL_UART_Transmit_IT) refers to stm32g4xx_hal_uart.o(.text.UART_TxISR_8BIT) for UART_TxISR_8BIT
    stm32g4xx_hal_uart.o(.text.HAL_UART_Transmit_IT) refers to stm32g4xx_hal_uart.o(.text.UART_TxISR_16BIT_FIFOEN) for UART_TxISR_16BIT_FIFOEN
    stm32g4xx_hal_uart.o(.text.HAL_UART_Transmit_IT) refers to stm32g4xx_hal_uart.o(.text.UART_TxISR_16BIT) for UART_TxISR_16BIT
    stm32g4xx_hal_uart.o(.ARM.exidx.text.HAL_UART_Transmit_IT) refers to stm32g4xx_hal_uart.o(.text.HAL_UART_Transmit_IT) for [Anonymous Symbol]
    stm32g4xx_hal_uart.o(.ARM.exidx.text.UART_TxISR_16BIT_FIFOEN) refers to stm32g4xx_hal_uart.o(.text.UART_TxISR_16BIT_FIFOEN) for [Anonymous Symbol]
    stm32g4xx_hal_uart.o(.ARM.exidx.text.UART_TxISR_8BIT_FIFOEN) refers to stm32g4xx_hal_uart.o(.text.UART_TxISR_8BIT_FIFOEN) for [Anonymous Symbol]
    stm32g4xx_hal_uart.o(.ARM.exidx.text.UART_TxISR_16BIT) refers to stm32g4xx_hal_uart.o(.text.UART_TxISR_16BIT) for [Anonymous Symbol]
    stm32g4xx_hal_uart.o(.ARM.exidx.text.UART_TxISR_8BIT) refers to stm32g4xx_hal_uart.o(.text.UART_TxISR_8BIT) for [Anonymous Symbol]
    stm32g4xx_hal_uart.o(.text.HAL_UART_Receive_IT) refers to stm32g4xx_hal_uart.o(.text.UART_Start_Receive_IT) for UART_Start_Receive_IT
    stm32g4xx_hal_uart.o(.ARM.exidx.text.HAL_UART_Receive_IT) refers to stm32g4xx_hal_uart.o(.text.HAL_UART_Receive_IT) for [Anonymous Symbol]
    stm32g4xx_hal_uart.o(.text.UART_Start_Receive_IT) refers to stm32g4xx_hal_uart.o(.text.UART_RxISR_8BIT) for UART_RxISR_8BIT
    stm32g4xx_hal_uart.o(.text.UART_Start_Receive_IT) refers to stm32g4xx_hal_uart.o(.text.UART_RxISR_8BIT_FIFOEN) for UART_RxISR_8BIT_FIFOEN
    stm32g4xx_hal_uart.o(.text.UART_Start_Receive_IT) refers to stm32g4xx_hal_uart.o(.text.UART_RxISR_16BIT) for UART_RxISR_16BIT
    stm32g4xx_hal_uart.o(.text.UART_Start_Receive_IT) refers to stm32g4xx_hal_uart.o(.text.UART_RxISR_16BIT_FIFOEN) for UART_RxISR_16BIT_FIFOEN
    stm32g4xx_hal_uart.o(.ARM.exidx.text.UART_Start_Receive_IT) refers to stm32g4xx_hal_uart.o(.text.UART_Start_Receive_IT) for [Anonymous Symbol]
    stm32g4xx_hal_uart.o(.text.HAL_UART_Transmit_DMA) refers to stm32g4xx_hal_uart.o(.text.UART_DMAError) for UART_DMAError
    stm32g4xx_hal_uart.o(.text.HAL_UART_Transmit_DMA) refers to stm32g4xx_hal_uart.o(.text.UART_DMATransmitCplt) for UART_DMATransmitCplt
    stm32g4xx_hal_uart.o(.text.HAL_UART_Transmit_DMA) refers to stm32g4xx_hal_uart.o(.text.UART_DMATxHalfCplt) for UART_DMATxHalfCplt
    stm32g4xx_hal_uart.o(.text.HAL_UART_Transmit_DMA) refers to stm32g4xx_hal_dma.o(.text.HAL_DMA_Start_IT) for HAL_DMA_Start_IT
    stm32g4xx_hal_uart.o(.ARM.exidx.text.HAL_UART_Transmit_DMA) refers to stm32g4xx_hal_uart.o(.text.HAL_UART_Transmit_DMA) for [Anonymous Symbol]
    stm32g4xx_hal_uart.o(.text.UART_DMATransmitCplt) refers to stm32g4xx_hal_uart.o(.text.HAL_UART_TxCpltCallback) for HAL_UART_TxCpltCallback
    stm32g4xx_hal_uart.o(.ARM.exidx.text.UART_DMATransmitCplt) refers to stm32g4xx_hal_uart.o(.text.UART_DMATransmitCplt) for [Anonymous Symbol]
    stm32g4xx_hal_uart.o(.text.UART_DMATxHalfCplt) refers to stm32g4xx_hal_uart.o(.text.HAL_UART_TxHalfCpltCallback) for HAL_UART_TxHalfCpltCallback
    stm32g4xx_hal_uart.o(.ARM.exidx.text.UART_DMATxHalfCplt) refers to stm32g4xx_hal_uart.o(.text.UART_DMATxHalfCplt) for [Anonymous Symbol]
    stm32g4xx_hal_uart.o(.text.UART_DMAError) refers to stm32g4xx_hal_uart.o(.text.HAL_UART_ErrorCallback) for HAL_UART_ErrorCallback
    stm32g4xx_hal_uart.o(.ARM.exidx.text.UART_DMAError) refers to stm32g4xx_hal_uart.o(.text.UART_DMAError) for [Anonymous Symbol]
    stm32g4xx_hal_uart.o(.text.HAL_UART_Receive_DMA) refers to stm32g4xx_hal_uart.o(.text.UART_DMAReceiveCplt) for UART_DMAReceiveCplt
    stm32g4xx_hal_uart.o(.text.HAL_UART_Receive_DMA) refers to stm32g4xx_hal_uart.o(.text.UART_DMARxHalfCplt) for UART_DMARxHalfCplt
    stm32g4xx_hal_uart.o(.text.HAL_UART_Receive_DMA) refers to stm32g4xx_hal_uart.o(.text.UART_DMAError) for UART_DMAError
    stm32g4xx_hal_uart.o(.text.HAL_UART_Receive_DMA) refers to stm32g4xx_hal_dma.o(.text.HAL_DMA_Start_IT) for HAL_DMA_Start_IT
    stm32g4xx_hal_uart.o(.ARM.exidx.text.HAL_UART_Receive_DMA) refers to stm32g4xx_hal_uart.o(.text.HAL_UART_Receive_DMA) for [Anonymous Symbol]
    stm32g4xx_hal_uart.o(.text.UART_Start_Receive_DMA) refers to stm32g4xx_hal_uart.o(.text.UART_DMAError) for UART_DMAError
    stm32g4xx_hal_uart.o(.text.UART_Start_Receive_DMA) refers to stm32g4xx_hal_uart.o(.text.UART_DMAReceiveCplt) for UART_DMAReceiveCplt
    stm32g4xx_hal_uart.o(.text.UART_Start_Receive_DMA) refers to stm32g4xx_hal_uart.o(.text.UART_DMARxHalfCplt) for UART_DMARxHalfCplt
    stm32g4xx_hal_uart.o(.text.UART_Start_Receive_DMA) refers to stm32g4xx_hal_dma.o(.text.HAL_DMA_Start_IT) for HAL_DMA_Start_IT
    stm32g4xx_hal_uart.o(.ARM.exidx.text.UART_Start_Receive_DMA) refers to stm32g4xx_hal_uart.o(.text.UART_Start_Receive_DMA) for [Anonymous Symbol]
    stm32g4xx_hal_uart.o(.ARM.exidx.text.HAL_UART_DMAPause) refers to stm32g4xx_hal_uart.o(.text.HAL_UART_DMAPause) for [Anonymous Symbol]
    stm32g4xx_hal_uart.o(.ARM.exidx.text.HAL_UART_DMAResume) refers to stm32g4xx_hal_uart.o(.text.HAL_UART_DMAResume) for [Anonymous Symbol]
    stm32g4xx_hal_uart.o(.text.HAL_UART_DMAStop) refers to stm32g4xx_hal_dma.o(.text.HAL_DMA_Abort) for HAL_DMA_Abort
    stm32g4xx_hal_uart.o(.text.HAL_UART_DMAStop) refers to stm32g4xx_hal_dma.o(.text.HAL_DMA_GetError) for HAL_DMA_GetError
    stm32g4xx_hal_uart.o(.ARM.exidx.text.HAL_UART_DMAStop) refers to stm32g4xx_hal_uart.o(.text.HAL_UART_DMAStop) for [Anonymous Symbol]
    stm32g4xx_hal_uart.o(.text.HAL_UART_Abort) refers to stm32g4xx_hal_dma.o(.text.HAL_DMA_Abort) for HAL_DMA_Abort
    stm32g4xx_hal_uart.o(.text.HAL_UART_Abort) refers to stm32g4xx_hal_dma.o(.text.HAL_DMA_GetError) for HAL_DMA_GetError
    stm32g4xx_hal_uart.o(.ARM.exidx.text.HAL_UART_Abort) refers to stm32g4xx_hal_uart.o(.text.HAL_UART_Abort) for [Anonymous Symbol]
    stm32g4xx_hal_uart.o(.text.HAL_UART_AbortTransmit) refers to stm32g4xx_hal_dma.o(.text.HAL_DMA_Abort) for HAL_DMA_Abort
    stm32g4xx_hal_uart.o(.text.HAL_UART_AbortTransmit) refers to stm32g4xx_hal_dma.o(.text.HAL_DMA_GetError) for HAL_DMA_GetError
    stm32g4xx_hal_uart.o(.ARM.exidx.text.HAL_UART_AbortTransmit) refers to stm32g4xx_hal_uart.o(.text.HAL_UART_AbortTransmit) for [Anonymous Symbol]
    stm32g4xx_hal_uart.o(.text.HAL_UART_AbortReceive) refers to stm32g4xx_hal_dma.o(.text.HAL_DMA_Abort) for HAL_DMA_Abort
    stm32g4xx_hal_uart.o(.text.HAL_UART_AbortReceive) refers to stm32g4xx_hal_dma.o(.text.HAL_DMA_GetError) for HAL_DMA_GetError
    stm32g4xx_hal_uart.o(.ARM.exidx.text.HAL_UART_AbortReceive) refers to stm32g4xx_hal_uart.o(.text.HAL_UART_AbortReceive) for [Anonymous Symbol]
    stm32g4xx_hal_uart.o(.text.HAL_UART_Abort_IT) refers to stm32g4xx_hal_uart.o(.text.UART_DMATxAbortCallback) for UART_DMATxAbortCallback
    stm32g4xx_hal_uart.o(.text.HAL_UART_Abort_IT) refers to stm32g4xx_hal_uart.o(.text.UART_DMARxAbortCallback) for UART_DMARxAbortCallback
    stm32g4xx_hal_uart.o(.text.HAL_UART_Abort_IT) refers to stm32g4xx_hal_dma.o(.text.HAL_DMA_Abort_IT) for HAL_DMA_Abort_IT
    stm32g4xx_hal_uart.o(.text.HAL_UART_Abort_IT) refers to stm32g4xx_hal_uart.o(.text.HAL_UART_AbortCpltCallback) for HAL_UART_AbortCpltCallback
    stm32g4xx_hal_uart.o(.ARM.exidx.text.HAL_UART_Abort_IT) refers to stm32g4xx_hal_uart.o(.text.HAL_UART_Abort_IT) for [Anonymous Symbol]
    stm32g4xx_hal_uart.o(.text.UART_DMATxAbortCallback) refers to stm32g4xx_hal_uart.o(.text.HAL_UART_AbortCpltCallback) for HAL_UART_AbortCpltCallback
    stm32g4xx_hal_uart.o(.ARM.exidx.text.UART_DMATxAbortCallback) refers to stm32g4xx_hal_uart.o(.text.UART_DMATxAbortCallback) for [Anonymous Symbol]
    stm32g4xx_hal_uart.o(.text.UART_DMARxAbortCallback) refers to stm32g4xx_hal_uart.o(.text.HAL_UART_AbortCpltCallback) for HAL_UART_AbortCpltCallback
    stm32g4xx_hal_uart.o(.ARM.exidx.text.UART_DMARxAbortCallback) refers to stm32g4xx_hal_uart.o(.text.UART_DMARxAbortCallback) for [Anonymous Symbol]
    stm32g4xx_hal_uart.o(.ARM.exidx.text.HAL_UART_AbortCpltCallback) refers to stm32g4xx_hal_uart.o(.text.HAL_UART_AbortCpltCallback) for [Anonymous Symbol]
    stm32g4xx_hal_uart.o(.text.HAL_UART_AbortTransmit_IT) refers to stm32g4xx_hal_uart.o(.text.UART_DMATxOnlyAbortCallback) for UART_DMATxOnlyAbortCallback
    stm32g4xx_hal_uart.o(.text.HAL_UART_AbortTransmit_IT) refers to stm32g4xx_hal_dma.o(.text.HAL_DMA_Abort_IT) for HAL_DMA_Abort_IT
    stm32g4xx_hal_uart.o(.text.HAL_UART_AbortTransmit_IT) refers to stm32g4xx_hal_uart.o(.text.HAL_UART_AbortTransmitCpltCallback) for HAL_UART_AbortTransmitCpltCallback
    stm32g4xx_hal_uart.o(.ARM.exidx.text.HAL_UART_AbortTransmit_IT) refers to stm32g4xx_hal_uart.o(.text.HAL_UART_AbortTransmit_IT) for [Anonymous Symbol]
    stm32g4xx_hal_uart.o(.text.UART_DMATxOnlyAbortCallback) refers to stm32g4xx_hal_uart.o(.text.HAL_UART_AbortTransmitCpltCallback) for HAL_UART_AbortTransmitCpltCallback
    stm32g4xx_hal_uart.o(.ARM.exidx.text.UART_DMATxOnlyAbortCallback) refers to stm32g4xx_hal_uart.o(.text.UART_DMATxOnlyAbortCallback) for [Anonymous Symbol]
    stm32g4xx_hal_uart.o(.ARM.exidx.text.HAL_UART_AbortTransmitCpltCallback) refers to stm32g4xx_hal_uart.o(.text.HAL_UART_AbortTransmitCpltCallback) for [Anonymous Symbol]
    stm32g4xx_hal_uart.o(.text.HAL_UART_AbortReceive_IT) refers to stm32g4xx_hal_uart.o(.text.UART_DMARxOnlyAbortCallback) for UART_DMARxOnlyAbortCallback
    stm32g4xx_hal_uart.o(.text.HAL_UART_AbortReceive_IT) refers to stm32g4xx_hal_dma.o(.text.HAL_DMA_Abort_IT) for HAL_DMA_Abort_IT
    stm32g4xx_hal_uart.o(.text.HAL_UART_AbortReceive_IT) refers to stm32g4xx_hal_uart.o(.text.HAL_UART_AbortReceiveCpltCallback) for HAL_UART_AbortReceiveCpltCallback
    stm32g4xx_hal_uart.o(.ARM.exidx.text.HAL_UART_AbortReceive_IT) refers to stm32g4xx_hal_uart.o(.text.HAL_UART_AbortReceive_IT) for [Anonymous Symbol]
    stm32g4xx_hal_uart.o(.text.UART_DMARxOnlyAbortCallback) refers to stm32g4xx_hal_uart.o(.text.HAL_UART_AbortReceiveCpltCallback) for HAL_UART_AbortReceiveCpltCallback
    stm32g4xx_hal_uart.o(.ARM.exidx.text.UART_DMARxOnlyAbortCallback) refers to stm32g4xx_hal_uart.o(.text.UART_DMARxOnlyAbortCallback) for [Anonymous Symbol]
    stm32g4xx_hal_uart.o(.ARM.exidx.text.HAL_UART_AbortReceiveCpltCallback) refers to stm32g4xx_hal_uart.o(.text.HAL_UART_AbortReceiveCpltCallback) for [Anonymous Symbol]
    stm32g4xx_hal_uart.o(.text.HAL_UART_IRQHandler) refers to stm32g4xx_hal_uart_ex.o(.text.HAL_UARTEx_WakeupCallback) for HAL_UARTEx_WakeupCallback
    stm32g4xx_hal_uart.o(.text.HAL_UART_IRQHandler) refers to stm32g4xx_hal_uart.o(.text.HAL_UART_ErrorCallback) for HAL_UART_ErrorCallback
    stm32g4xx_hal_uart.o(.text.HAL_UART_IRQHandler) refers to stm32g4xx_hal_uart.o(.text.UART_DMAAbortOnError) for UART_DMAAbortOnError
    stm32g4xx_hal_uart.o(.text.HAL_UART_IRQHandler) refers to stm32g4xx_hal_dma.o(.text.HAL_DMA_Abort_IT) for HAL_DMA_Abort_IT
    stm32g4xx_hal_uart.o(.text.HAL_UART_IRQHandler) refers to stm32g4xx_hal_uart.o(.text.HAL_UART_TxCpltCallback) for HAL_UART_TxCpltCallback
    stm32g4xx_hal_uart.o(.text.HAL_UART_IRQHandler) refers to stm32g4xx_hal_dma.o(.text.HAL_DMA_Abort) for HAL_DMA_Abort
    stm32g4xx_hal_uart.o(.text.HAL_UART_IRQHandler) refers to stm32g4xx_hal_uart.o(.text.HAL_UARTEx_RxEventCallback) for HAL_UARTEx_RxEventCallback
    stm32g4xx_hal_uart.o(.text.HAL_UART_IRQHandler) refers to stm32g4xx_hal_uart_ex.o(.text.HAL_UARTEx_TxFifoEmptyCallback) for HAL_UARTEx_TxFifoEmptyCallback
    stm32g4xx_hal_uart.o(.text.HAL_UART_IRQHandler) refers to stm32g4xx_hal_uart_ex.o(.text.HAL_UARTEx_RxFifoFullCallback) for HAL_UARTEx_RxFifoFullCallback
    stm32g4xx_hal_uart.o(.ARM.exidx.text.HAL_UART_IRQHandler) refers to stm32g4xx_hal_uart.o(.text.HAL_UART_IRQHandler) for [Anonymous Symbol]
    stm32g4xx_hal_uart.o(.text.UART_DMAAbortOnError) refers to stm32g4xx_hal_uart.o(.text.HAL_UART_ErrorCallback) for HAL_UART_ErrorCallback
    stm32g4xx_hal_uart.o(.ARM.exidx.text.UART_DMAAbortOnError) refers to stm32g4xx_hal_uart.o(.text.UART_DMAAbortOnError) for [Anonymous Symbol]
    stm32g4xx_hal_uart.o(.ARM.exidx.text.HAL_UART_ErrorCallback) refers to stm32g4xx_hal_uart.o(.text.HAL_UART_ErrorCallback) for [Anonymous Symbol]
    stm32g4xx_hal_uart.o(.ARM.exidx.text.HAL_UARTEx_RxEventCallback) refers to stm32g4xx_hal_uart.o(.text.HAL_UARTEx_RxEventCallback) for [Anonymous Symbol]
    stm32g4xx_hal_uart.o(.ARM.exidx.text.HAL_UART_TxCpltCallback) refers to stm32g4xx_hal_uart.o(.text.HAL_UART_TxCpltCallback) for [Anonymous Symbol]
    stm32g4xx_hal_uart.o(.ARM.exidx.text.HAL_UART_TxHalfCpltCallback) refers to stm32g4xx_hal_uart.o(.text.HAL_UART_TxHalfCpltCallback) for [Anonymous Symbol]
    stm32g4xx_hal_uart.o(.ARM.exidx.text.HAL_UART_RxCpltCallback) refers to stm32g4xx_hal_uart.o(.text.HAL_UART_RxCpltCallback) for [Anonymous Symbol]
    stm32g4xx_hal_uart.o(.ARM.exidx.text.HAL_UART_RxHalfCpltCallback) refers to stm32g4xx_hal_uart.o(.text.HAL_UART_RxHalfCpltCallback) for [Anonymous Symbol]
    stm32g4xx_hal_uart.o(.ARM.exidx.text.HAL_UART_ReceiverTimeout_Config) refers to stm32g4xx_hal_uart.o(.text.HAL_UART_ReceiverTimeout_Config) for [Anonymous Symbol]
    stm32g4xx_hal_uart.o(.ARM.exidx.text.HAL_UART_EnableReceiverTimeout) refers to stm32g4xx_hal_uart.o(.text.HAL_UART_EnableReceiverTimeout) for [Anonymous Symbol]
    stm32g4xx_hal_uart.o(.ARM.exidx.text.HAL_UART_DisableReceiverTimeout) refers to stm32g4xx_hal_uart.o(.text.HAL_UART_DisableReceiverTimeout) for [Anonymous Symbol]
    stm32g4xx_hal_uart.o(.text.HAL_MultiProcessor_EnableMuteMode) refers to stm32g4xx_hal_uart.o(.text.UART_CheckIdleState) for UART_CheckIdleState
    stm32g4xx_hal_uart.o(.ARM.exidx.text.HAL_MultiProcessor_EnableMuteMode) refers to stm32g4xx_hal_uart.o(.text.HAL_MultiProcessor_EnableMuteMode) for [Anonymous Symbol]
    stm32g4xx_hal_uart.o(.text.HAL_MultiProcessor_DisableMuteMode) refers to stm32g4xx_hal_uart.o(.text.UART_CheckIdleState) for UART_CheckIdleState
    stm32g4xx_hal_uart.o(.ARM.exidx.text.HAL_MultiProcessor_DisableMuteMode) refers to stm32g4xx_hal_uart.o(.text.HAL_MultiProcessor_DisableMuteMode) for [Anonymous Symbol]
    stm32g4xx_hal_uart.o(.ARM.exidx.text.HAL_MultiProcessor_EnterMuteMode) refers to stm32g4xx_hal_uart.o(.text.HAL_MultiProcessor_EnterMuteMode) for [Anonymous Symbol]
    stm32g4xx_hal_uart.o(.ARM.exidx.text.HAL_HalfDuplex_EnableTransmitter) refers to stm32g4xx_hal_uart.o(.text.HAL_HalfDuplex_EnableTransmitter) for [Anonymous Symbol]
    stm32g4xx_hal_uart.o(.ARM.exidx.text.HAL_HalfDuplex_EnableReceiver) refers to stm32g4xx_hal_uart.o(.text.HAL_HalfDuplex_EnableReceiver) for [Anonymous Symbol]
    stm32g4xx_hal_uart.o(.ARM.exidx.text.HAL_LIN_SendBreak) refers to stm32g4xx_hal_uart.o(.text.HAL_LIN_SendBreak) for [Anonymous Symbol]
    stm32g4xx_hal_uart.o(.ARM.exidx.text.HAL_UART_GetState) refers to stm32g4xx_hal_uart.o(.text.HAL_UART_GetState) for [Anonymous Symbol]
    stm32g4xx_hal_uart.o(.ARM.exidx.text.HAL_UART_GetError) refers to stm32g4xx_hal_uart.o(.text.HAL_UART_GetError) for [Anonymous Symbol]
    stm32g4xx_hal_uart.o(.text.UART_RxISR_16BIT_FIFOEN) refers to stm32g4xx_hal_uart.o(.text.UART_RxISR_16BIT) for UART_RxISR_16BIT
    stm32g4xx_hal_uart.o(.text.UART_RxISR_16BIT_FIFOEN) refers to main.o(.text.HAL_UART_RxCpltCallback) for HAL_UART_RxCpltCallback
    stm32g4xx_hal_uart.o(.text.UART_RxISR_16BIT_FIFOEN) refers to stm32g4xx_hal_uart.o(.text.HAL_UART_ErrorCallback) for HAL_UART_ErrorCallback
    stm32g4xx_hal_uart.o(.text.UART_RxISR_16BIT_FIFOEN) refers to stm32g4xx_hal_uart.o(.text.HAL_UARTEx_RxEventCallback) for HAL_UARTEx_RxEventCallback
    stm32g4xx_hal_uart.o(.ARM.exidx.text.UART_RxISR_16BIT_FIFOEN) refers to stm32g4xx_hal_uart.o(.text.UART_RxISR_16BIT_FIFOEN) for [Anonymous Symbol]
    stm32g4xx_hal_uart.o(.text.UART_RxISR_8BIT_FIFOEN) refers to stm32g4xx_hal_uart.o(.text.UART_RxISR_8BIT) for UART_RxISR_8BIT
    stm32g4xx_hal_uart.o(.text.UART_RxISR_8BIT_FIFOEN) refers to main.o(.text.HAL_UART_RxCpltCallback) for HAL_UART_RxCpltCallback
    stm32g4xx_hal_uart.o(.text.UART_RxISR_8BIT_FIFOEN) refers to stm32g4xx_hal_uart.o(.text.HAL_UART_ErrorCallback) for HAL_UART_ErrorCallback
    stm32g4xx_hal_uart.o(.text.UART_RxISR_8BIT_FIFOEN) refers to stm32g4xx_hal_uart.o(.text.HAL_UARTEx_RxEventCallback) for HAL_UARTEx_RxEventCallback
    stm32g4xx_hal_uart.o(.ARM.exidx.text.UART_RxISR_8BIT_FIFOEN) refers to stm32g4xx_hal_uart.o(.text.UART_RxISR_8BIT_FIFOEN) for [Anonymous Symbol]
    stm32g4xx_hal_uart.o(.text.UART_RxISR_16BIT) refers to main.o(.text.HAL_UART_RxCpltCallback) for HAL_UART_RxCpltCallback
    stm32g4xx_hal_uart.o(.text.UART_RxISR_16BIT) refers to stm32g4xx_hal_uart.o(.text.HAL_UARTEx_RxEventCallback) for HAL_UARTEx_RxEventCallback
    stm32g4xx_hal_uart.o(.ARM.exidx.text.UART_RxISR_16BIT) refers to stm32g4xx_hal_uart.o(.text.UART_RxISR_16BIT) for [Anonymous Symbol]
    stm32g4xx_hal_uart.o(.text.UART_RxISR_8BIT) refers to main.o(.text.HAL_UART_RxCpltCallback) for HAL_UART_RxCpltCallback
    stm32g4xx_hal_uart.o(.text.UART_RxISR_8BIT) refers to stm32g4xx_hal_uart.o(.text.HAL_UARTEx_RxEventCallback) for HAL_UARTEx_RxEventCallback
    stm32g4xx_hal_uart.o(.ARM.exidx.text.UART_RxISR_8BIT) refers to stm32g4xx_hal_uart.o(.text.UART_RxISR_8BIT) for [Anonymous Symbol]
    stm32g4xx_hal_uart.o(.text.UART_DMAReceiveCplt) refers to main.o(.text.HAL_UART_RxCpltCallback) for HAL_UART_RxCpltCallback
    stm32g4xx_hal_uart.o(.text.UART_DMAReceiveCplt) refers to stm32g4xx_hal_uart.o(.text.HAL_UARTEx_RxEventCallback) for HAL_UARTEx_RxEventCallback
    stm32g4xx_hal_uart.o(.ARM.exidx.text.UART_DMAReceiveCplt) refers to stm32g4xx_hal_uart.o(.text.UART_DMAReceiveCplt) for [Anonymous Symbol]
    stm32g4xx_hal_uart.o(.text.UART_DMARxHalfCplt) refers to stm32g4xx_hal_uart.o(.text.HAL_UART_RxHalfCpltCallback) for HAL_UART_RxHalfCpltCallback
    stm32g4xx_hal_uart.o(.text.UART_DMARxHalfCplt) refers to stm32g4xx_hal_uart.o(.text.HAL_UARTEx_RxEventCallback) for HAL_UARTEx_RxEventCallback
    stm32g4xx_hal_uart.o(.ARM.exidx.text.UART_DMARxHalfCplt) refers to stm32g4xx_hal_uart.o(.text.UART_DMARxHalfCplt) for [Anonymous Symbol]
    stm32g4xx_hal_uart_ex.o(.text.HAL_RS485Ex_Init) refers to stm32g4xx_hal_msp.o(.text.HAL_UART_MspInit) for HAL_UART_MspInit
    stm32g4xx_hal_uart_ex.o(.text.HAL_RS485Ex_Init) refers to stm32g4xx_hal_uart.o(.text.UART_AdvFeatureConfig) for UART_AdvFeatureConfig
    stm32g4xx_hal_uart_ex.o(.text.HAL_RS485Ex_Init) refers to stm32g4xx_hal_uart.o(.text.UART_SetConfig) for UART_SetConfig
    stm32g4xx_hal_uart_ex.o(.text.HAL_RS485Ex_Init) refers to stm32g4xx_hal_uart.o(.text.UART_CheckIdleState) for UART_CheckIdleState
    stm32g4xx_hal_uart_ex.o(.ARM.exidx.text.HAL_RS485Ex_Init) refers to stm32g4xx_hal_uart_ex.o(.text.HAL_RS485Ex_Init) for [Anonymous Symbol]
    stm32g4xx_hal_uart_ex.o(.ARM.exidx.text.HAL_UARTEx_WakeupCallback) refers to stm32g4xx_hal_uart_ex.o(.text.HAL_UARTEx_WakeupCallback) for [Anonymous Symbol]
    stm32g4xx_hal_uart_ex.o(.ARM.exidx.text.HAL_UARTEx_RxFifoFullCallback) refers to stm32g4xx_hal_uart_ex.o(.text.HAL_UARTEx_RxFifoFullCallback) for [Anonymous Symbol]
    stm32g4xx_hal_uart_ex.o(.ARM.exidx.text.HAL_UARTEx_TxFifoEmptyCallback) refers to stm32g4xx_hal_uart_ex.o(.text.HAL_UARTEx_TxFifoEmptyCallback) for [Anonymous Symbol]
    stm32g4xx_hal_uart_ex.o(.text.HAL_MultiProcessorEx_AddressLength_Set) refers to stm32g4xx_hal_uart.o(.text.UART_CheckIdleState) for UART_CheckIdleState
    stm32g4xx_hal_uart_ex.o(.ARM.exidx.text.HAL_MultiProcessorEx_AddressLength_Set) refers to stm32g4xx_hal_uart_ex.o(.text.HAL_MultiProcessorEx_AddressLength_Set) for [Anonymous Symbol]
    stm32g4xx_hal_uart_ex.o(.text.HAL_UARTEx_StopModeWakeUpSourceConfig) refers to stm32g4xx_hal.o(.text.HAL_GetTick) for HAL_GetTick
    stm32g4xx_hal_uart_ex.o(.text.HAL_UARTEx_StopModeWakeUpSourceConfig) refers to stm32g4xx_hal_uart.o(.text.UART_WaitOnFlagUntilTimeout) for UART_WaitOnFlagUntilTimeout
    stm32g4xx_hal_uart_ex.o(.ARM.exidx.text.HAL_UARTEx_StopModeWakeUpSourceConfig) refers to stm32g4xx_hal_uart_ex.o(.text.HAL_UARTEx_StopModeWakeUpSourceConfig) for [Anonymous Symbol]
    stm32g4xx_hal_uart_ex.o(.ARM.exidx.text.HAL_UARTEx_EnableStopMode) refers to stm32g4xx_hal_uart_ex.o(.text.HAL_UARTEx_EnableStopMode) for [Anonymous Symbol]
    stm32g4xx_hal_uart_ex.o(.ARM.exidx.text.HAL_UARTEx_DisableStopMode) refers to stm32g4xx_hal_uart_ex.o(.text.HAL_UARTEx_DisableStopMode) for [Anonymous Symbol]
    stm32g4xx_hal_uart_ex.o(.text.HAL_UARTEx_EnableFifoMode) refers to stm32g4xx_hal_uart_ex.o(.rodata.cst8) for UARTEx_SetNbDataToProcess.numerator
    stm32g4xx_hal_uart_ex.o(.ARM.exidx.text.HAL_UARTEx_EnableFifoMode) refers to stm32g4xx_hal_uart_ex.o(.text.HAL_UARTEx_EnableFifoMode) for [Anonymous Symbol]
    stm32g4xx_hal_uart_ex.o(.ARM.exidx.text.HAL_UARTEx_DisableFifoMode) refers to stm32g4xx_hal_uart_ex.o(.text.HAL_UARTEx_DisableFifoMode) for [Anonymous Symbol]
    stm32g4xx_hal_uart_ex.o(.text.HAL_UARTEx_SetTxFifoThreshold) refers to stm32g4xx_hal_uart_ex.o(.rodata.cst8) for UARTEx_SetNbDataToProcess.numerator
    stm32g4xx_hal_uart_ex.o(.ARM.exidx.text.HAL_UARTEx_SetTxFifoThreshold) refers to stm32g4xx_hal_uart_ex.o(.text.HAL_UARTEx_SetTxFifoThreshold) for [Anonymous Symbol]
    stm32g4xx_hal_uart_ex.o(.text.HAL_UARTEx_SetRxFifoThreshold) refers to stm32g4xx_hal_uart_ex.o(.rodata.cst8) for UARTEx_SetNbDataToProcess.numerator
    stm32g4xx_hal_uart_ex.o(.ARM.exidx.text.HAL_UARTEx_SetRxFifoThreshold) refers to stm32g4xx_hal_uart_ex.o(.text.HAL_UARTEx_SetRxFifoThreshold) for [Anonymous Symbol]
    stm32g4xx_hal_uart_ex.o(.text.HAL_UARTEx_ReceiveToIdle) refers to stm32g4xx_hal.o(.text.HAL_GetTick) for HAL_GetTick
    stm32g4xx_hal_uart_ex.o(.ARM.exidx.text.HAL_UARTEx_ReceiveToIdle) refers to stm32g4xx_hal_uart_ex.o(.text.HAL_UARTEx_ReceiveToIdle) for [Anonymous Symbol]
    stm32g4xx_hal_uart_ex.o(.text.HAL_UARTEx_ReceiveToIdle_IT) refers to stm32g4xx_hal_uart.o(.text.UART_Start_Receive_IT) for UART_Start_Receive_IT
    stm32g4xx_hal_uart_ex.o(.ARM.exidx.text.HAL_UARTEx_ReceiveToIdle_IT) refers to stm32g4xx_hal_uart_ex.o(.text.HAL_UARTEx_ReceiveToIdle_IT) for [Anonymous Symbol]
    stm32g4xx_hal_uart_ex.o(.text.HAL_UARTEx_ReceiveToIdle_DMA) refers to stm32g4xx_hal_uart.o(.text.UART_Start_Receive_DMA) for UART_Start_Receive_DMA
    stm32g4xx_hal_uart_ex.o(.ARM.exidx.text.HAL_UARTEx_ReceiveToIdle_DMA) refers to stm32g4xx_hal_uart_ex.o(.text.HAL_UARTEx_ReceiveToIdle_DMA) for [Anonymous Symbol]
    stm32g4xx_hal_uart_ex.o(.ARM.exidx.text.HAL_UARTEx_GetRxEventType) refers to stm32g4xx_hal_uart_ex.o(.text.HAL_UARTEx_GetRxEventType) for [Anonymous Symbol]
    stm32g4xx_hal.o(.text.HAL_Init) refers to stm32g4xx_hal_cortex.o(.text.HAL_NVIC_SetPriorityGrouping) for HAL_NVIC_SetPriorityGrouping
    stm32g4xx_hal.o(.text.HAL_Init) refers to stm32g4xx_hal.o(.text.HAL_InitTick) for HAL_InitTick
    stm32g4xx_hal.o(.text.HAL_Init) refers to stm32g4xx_hal_msp.o(.text.HAL_MspInit) for HAL_MspInit
    stm32g4xx_hal.o(.ARM.exidx.text.HAL_Init) refers to stm32g4xx_hal.o(.text.HAL_Init) for [Anonymous Symbol]
    stm32g4xx_hal.o(.text.HAL_InitTick) refers to stm32g4xx_hal.o(.data.uwTickFreq) for uwTickFreq
    stm32g4xx_hal.o(.text.HAL_InitTick) refers to system_stm32g4xx.o(.data.SystemCoreClock) for SystemCoreClock
    stm32g4xx_hal.o(.text.HAL_InitTick) refers to stm32g4xx_hal_cortex.o(.text.HAL_SYSTICK_Config) for HAL_SYSTICK_Config
    stm32g4xx_hal.o(.text.HAL_InitTick) refers to stm32g4xx_hal_cortex.o(.text.HAL_NVIC_SetPriority) for HAL_NVIC_SetPriority
    stm32g4xx_hal.o(.text.HAL_InitTick) refers to stm32g4xx_hal.o(.data.uwTickPrio) for uwTickPrio
    stm32g4xx_hal.o(.ARM.exidx.text.HAL_InitTick) refers to stm32g4xx_hal.o(.text.HAL_InitTick) for [Anonymous Symbol]
    stm32g4xx_hal.o(.ARM.exidx.text.HAL_MspInit) refers to stm32g4xx_hal.o(.text.HAL_MspInit) for [Anonymous Symbol]
    stm32g4xx_hal.o(.text.HAL_DeInit) refers to stm32g4xx_hal.o(.text.HAL_MspDeInit) for HAL_MspDeInit
    stm32g4xx_hal.o(.ARM.exidx.text.HAL_DeInit) refers to stm32g4xx_hal.o(.text.HAL_DeInit) for [Anonymous Symbol]
    stm32g4xx_hal.o(.ARM.exidx.text.HAL_MspDeInit) refers to stm32g4xx_hal.o(.text.HAL_MspDeInit) for [Anonymous Symbol]
    stm32g4xx_hal.o(.text.HAL_IncTick) refers to stm32g4xx_hal.o(.data.uwTickFreq) for uwTickFreq
    stm32g4xx_hal.o(.text.HAL_IncTick) refers to stm32g4xx_hal.o(.bss.uwTick) for uwTick
    stm32g4xx_hal.o(.ARM.exidx.text.HAL_IncTick) refers to stm32g4xx_hal.o(.text.HAL_IncTick) for [Anonymous Symbol]
    stm32g4xx_hal.o(.text.HAL_GetTick) refers to stm32g4xx_hal.o(.bss.uwTick) for uwTick
    stm32g4xx_hal.o(.ARM.exidx.text.HAL_GetTick) refers to stm32g4xx_hal.o(.text.HAL_GetTick) for [Anonymous Symbol]
    stm32g4xx_hal.o(.text.HAL_GetTickPrio) refers to stm32g4xx_hal.o(.data.uwTickPrio) for uwTickPrio
    stm32g4xx_hal.o(.ARM.exidx.text.HAL_GetTickPrio) refers to stm32g4xx_hal.o(.text.HAL_GetTickPrio) for [Anonymous Symbol]
    stm32g4xx_hal.o(.text.HAL_SetTickFreq) refers to stm32g4xx_hal.o(.data.uwTickFreq) for uwTickFreq
    stm32g4xx_hal.o(.text.HAL_SetTickFreq) refers to stm32g4xx_hal.o(.data.uwTickPrio) for uwTickPrio
    stm32g4xx_hal.o(.text.HAL_SetTickFreq) refers to stm32g4xx_hal.o(.text.HAL_InitTick) for HAL_InitTick
    stm32g4xx_hal.o(.ARM.exidx.text.HAL_SetTickFreq) refers to stm32g4xx_hal.o(.text.HAL_SetTickFreq) for [Anonymous Symbol]
    stm32g4xx_hal.o(.text.HAL_GetTickFreq) refers to stm32g4xx_hal.o(.data.uwTickFreq) for uwTickFreq
    stm32g4xx_hal.o(.ARM.exidx.text.HAL_GetTickFreq) refers to stm32g4xx_hal.o(.text.HAL_GetTickFreq) for [Anonymous Symbol]
    stm32g4xx_hal.o(.text.HAL_Delay) refers to stm32g4xx_hal.o(.text.HAL_GetTick) for HAL_GetTick
    stm32g4xx_hal.o(.text.HAL_Delay) refers to stm32g4xx_hal.o(.data.uwTickFreq) for uwTickFreq
    stm32g4xx_hal.o(.ARM.exidx.text.HAL_Delay) refers to stm32g4xx_hal.o(.text.HAL_Delay) for [Anonymous Symbol]
    stm32g4xx_hal.o(.ARM.exidx.text.HAL_SuspendTick) refers to stm32g4xx_hal.o(.text.HAL_SuspendTick) for [Anonymous Symbol]
    stm32g4xx_hal.o(.ARM.exidx.text.HAL_ResumeTick) refers to stm32g4xx_hal.o(.text.HAL_ResumeTick) for [Anonymous Symbol]
    stm32g4xx_hal.o(.ARM.exidx.text.HAL_GetHalVersion) refers to stm32g4xx_hal.o(.text.HAL_GetHalVersion) for [Anonymous Symbol]
    stm32g4xx_hal.o(.ARM.exidx.text.HAL_GetREVID) refers to stm32g4xx_hal.o(.text.HAL_GetREVID) for [Anonymous Symbol]
    stm32g4xx_hal.o(.ARM.exidx.text.HAL_GetDEVID) refers to stm32g4xx_hal.o(.text.HAL_GetDEVID) for [Anonymous Symbol]
    stm32g4xx_hal.o(.ARM.exidx.text.HAL_GetUIDw0) refers to stm32g4xx_hal.o(.text.HAL_GetUIDw0) for [Anonymous Symbol]
    stm32g4xx_hal.o(.ARM.exidx.text.HAL_GetUIDw1) refers to stm32g4xx_hal.o(.text.HAL_GetUIDw1) for [Anonymous Symbol]
    stm32g4xx_hal.o(.ARM.exidx.text.HAL_GetUIDw2) refers to stm32g4xx_hal.o(.text.HAL_GetUIDw2) for [Anonymous Symbol]
    stm32g4xx_hal.o(.ARM.exidx.text.HAL_DBGMCU_EnableDBGSleepMode) refers to stm32g4xx_hal.o(.text.HAL_DBGMCU_EnableDBGSleepMode) for [Anonymous Symbol]
    stm32g4xx_hal.o(.ARM.exidx.text.HAL_DBGMCU_DisableDBGSleepMode) refers to stm32g4xx_hal.o(.text.HAL_DBGMCU_DisableDBGSleepMode) for [Anonymous Symbol]
    stm32g4xx_hal.o(.ARM.exidx.text.HAL_DBGMCU_EnableDBGStopMode) refers to stm32g4xx_hal.o(.text.HAL_DBGMCU_EnableDBGStopMode) for [Anonymous Symbol]
    stm32g4xx_hal.o(.ARM.exidx.text.HAL_DBGMCU_DisableDBGStopMode) refers to stm32g4xx_hal.o(.text.HAL_DBGMCU_DisableDBGStopMode) for [Anonymous Symbol]
    stm32g4xx_hal.o(.ARM.exidx.text.HAL_DBGMCU_EnableDBGStandbyMode) refers to stm32g4xx_hal.o(.text.HAL_DBGMCU_EnableDBGStandbyMode) for [Anonymous Symbol]
    stm32g4xx_hal.o(.ARM.exidx.text.HAL_DBGMCU_DisableDBGStandbyMode) refers to stm32g4xx_hal.o(.text.HAL_DBGMCU_DisableDBGStandbyMode) for [Anonymous Symbol]
    stm32g4xx_hal.o(.ARM.exidx.text.HAL_SYSCFG_CCMSRAMErase) refers to stm32g4xx_hal.o(.text.HAL_SYSCFG_CCMSRAMErase) for [Anonymous Symbol]
    stm32g4xx_hal.o(.ARM.exidx.text.HAL_SYSCFG_EnableMemorySwappingBank) refers to stm32g4xx_hal.o(.text.HAL_SYSCFG_EnableMemorySwappingBank) for [Anonymous Symbol]
    stm32g4xx_hal.o(.ARM.exidx.text.HAL_SYSCFG_DisableMemorySwappingBank) refers to stm32g4xx_hal.o(.text.HAL_SYSCFG_DisableMemorySwappingBank) for [Anonymous Symbol]
    stm32g4xx_hal.o(.ARM.exidx.text.HAL_SYSCFG_VREFBUF_VoltageScalingConfig) refers to stm32g4xx_hal.o(.text.HAL_SYSCFG_VREFBUF_VoltageScalingConfig) for [Anonymous Symbol]
    stm32g4xx_hal.o(.ARM.exidx.text.HAL_SYSCFG_VREFBUF_HighImpedanceConfig) refers to stm32g4xx_hal.o(.text.HAL_SYSCFG_VREFBUF_HighImpedanceConfig) for [Anonymous Symbol]
    stm32g4xx_hal.o(.ARM.exidx.text.HAL_SYSCFG_VREFBUF_TrimmingConfig) refers to stm32g4xx_hal.o(.text.HAL_SYSCFG_VREFBUF_TrimmingConfig) for [Anonymous Symbol]
    stm32g4xx_hal.o(.text.HAL_SYSCFG_EnableVREFBUF) refers to stm32g4xx_hal.o(.text.HAL_GetTick) for HAL_GetTick
    stm32g4xx_hal.o(.ARM.exidx.text.HAL_SYSCFG_EnableVREFBUF) refers to stm32g4xx_hal.o(.text.HAL_SYSCFG_EnableVREFBUF) for [Anonymous Symbol]
    stm32g4xx_hal.o(.ARM.exidx.text.HAL_SYSCFG_DisableVREFBUF) refers to stm32g4xx_hal.o(.text.HAL_SYSCFG_DisableVREFBUF) for [Anonymous Symbol]
    stm32g4xx_hal.o(.ARM.exidx.text.HAL_SYSCFG_EnableIOSwitchBooster) refers to stm32g4xx_hal.o(.text.HAL_SYSCFG_EnableIOSwitchBooster) for [Anonymous Symbol]
    stm32g4xx_hal.o(.ARM.exidx.text.HAL_SYSCFG_DisableIOSwitchBooster) refers to stm32g4xx_hal.o(.text.HAL_SYSCFG_DisableIOSwitchBooster) for [Anonymous Symbol]
    stm32g4xx_hal.o(.ARM.exidx.text.HAL_SYSCFG_EnableIOSwitchVDD) refers to stm32g4xx_hal.o(.text.HAL_SYSCFG_EnableIOSwitchVDD) for [Anonymous Symbol]
    stm32g4xx_hal.o(.ARM.exidx.text.HAL_SYSCFG_DisableIOSwitchVDD) refers to stm32g4xx_hal.o(.text.HAL_SYSCFG_DisableIOSwitchVDD) for [Anonymous Symbol]
    stm32g4xx_hal.o(.ARM.exidx.text.HAL_SYSCFG_CCMSRAM_WriteProtectionEnable) refers to stm32g4xx_hal.o(.text.HAL_SYSCFG_CCMSRAM_WriteProtectionEnable) for [Anonymous Symbol]
    stm32g4xx_hal_rcc.o(.text.HAL_RCC_DeInit) refers to stm32g4xx_hal.o(.text.HAL_GetTick) for HAL_GetTick
    stm32g4xx_hal_rcc.o(.text.HAL_RCC_DeInit) refers to stm32g4xx_hal.o(.data.uwTickPrio) for uwTickPrio
    stm32g4xx_hal_rcc.o(.text.HAL_RCC_DeInit) refers to system_stm32g4xx.o(.data.SystemCoreClock) for SystemCoreClock
    stm32g4xx_hal_rcc.o(.text.HAL_RCC_DeInit) refers to stm32g4xx_hal.o(.text.HAL_InitTick) for HAL_InitTick
    stm32g4xx_hal_rcc.o(.ARM.exidx.text.HAL_RCC_DeInit) refers to stm32g4xx_hal_rcc.o(.text.HAL_RCC_DeInit) for [Anonymous Symbol]
    stm32g4xx_hal_rcc.o(.text.HAL_RCC_OscConfig) refers to stm32g4xx_hal.o(.text.HAL_GetTick) for HAL_GetTick
    stm32g4xx_hal_rcc.o(.text.HAL_RCC_OscConfig) refers to stm32g4xx_hal.o(.data.uwTickPrio) for uwTickPrio
    stm32g4xx_hal_rcc.o(.text.HAL_RCC_OscConfig) refers to stm32g4xx_hal.o(.text.HAL_InitTick) for HAL_InitTick
    stm32g4xx_hal_rcc.o(.ARM.exidx.text.HAL_RCC_OscConfig) refers to stm32g4xx_hal_rcc.o(.text.HAL_RCC_OscConfig) for [Anonymous Symbol]
    stm32g4xx_hal_rcc.o(.text.HAL_RCC_ClockConfig) refers to stm32g4xx_hal.o(.text.HAL_GetTick) for HAL_GetTick
    stm32g4xx_hal_rcc.o(.text.HAL_RCC_ClockConfig) refers to system_stm32g4xx.o(.rodata.AHBPrescTable) for AHBPrescTable
    stm32g4xx_hal_rcc.o(.text.HAL_RCC_ClockConfig) refers to system_stm32g4xx.o(.data.SystemCoreClock) for SystemCoreClock
    stm32g4xx_hal_rcc.o(.text.HAL_RCC_ClockConfig) refers to stm32g4xx_hal.o(.data.uwTickPrio) for uwTickPrio
    stm32g4xx_hal_rcc.o(.text.HAL_RCC_ClockConfig) refers to stm32g4xx_hal.o(.text.HAL_InitTick) for HAL_InitTick
    stm32g4xx_hal_rcc.o(.ARM.exidx.text.HAL_RCC_ClockConfig) refers to stm32g4xx_hal_rcc.o(.text.HAL_RCC_ClockConfig) for [Anonymous Symbol]
    stm32g4xx_hal_rcc.o(.ARM.exidx.text.HAL_RCC_GetSysClockFreq) refers to stm32g4xx_hal_rcc.o(.text.HAL_RCC_GetSysClockFreq) for [Anonymous Symbol]
    stm32g4xx_hal_rcc.o(.text.HAL_RCC_MCOConfig) refers to stm32g4xx_hal_gpio.o(.text.HAL_GPIO_Init) for HAL_GPIO_Init
    stm32g4xx_hal_rcc.o(.ARM.exidx.text.HAL_RCC_MCOConfig) refers to stm32g4xx_hal_rcc.o(.text.HAL_RCC_MCOConfig) for [Anonymous Symbol]
    stm32g4xx_hal_rcc.o(.text.HAL_RCC_GetHCLKFreq) refers to system_stm32g4xx.o(.data.SystemCoreClock) for SystemCoreClock
    stm32g4xx_hal_rcc.o(.ARM.exidx.text.HAL_RCC_GetHCLKFreq) refers to stm32g4xx_hal_rcc.o(.text.HAL_RCC_GetHCLKFreq) for [Anonymous Symbol]
    stm32g4xx_hal_rcc.o(.text.HAL_RCC_GetPCLK1Freq) refers to system_stm32g4xx.o(.data.SystemCoreClock) for SystemCoreClock
    stm32g4xx_hal_rcc.o(.text.HAL_RCC_GetPCLK1Freq) refers to system_stm32g4xx.o(.rodata.APBPrescTable) for APBPrescTable
    stm32g4xx_hal_rcc.o(.ARM.exidx.text.HAL_RCC_GetPCLK1Freq) refers to stm32g4xx_hal_rcc.o(.text.HAL_RCC_GetPCLK1Freq) for [Anonymous Symbol]
    stm32g4xx_hal_rcc.o(.text.HAL_RCC_GetPCLK2Freq) refers to system_stm32g4xx.o(.data.SystemCoreClock) for SystemCoreClock
    stm32g4xx_hal_rcc.o(.text.HAL_RCC_GetPCLK2Freq) refers to system_stm32g4xx.o(.rodata.APBPrescTable) for APBPrescTable
    stm32g4xx_hal_rcc.o(.ARM.exidx.text.HAL_RCC_GetPCLK2Freq) refers to stm32g4xx_hal_rcc.o(.text.HAL_RCC_GetPCLK2Freq) for [Anonymous Symbol]
    stm32g4xx_hal_rcc.o(.ARM.exidx.text.HAL_RCC_GetOscConfig) refers to stm32g4xx_hal_rcc.o(.text.HAL_RCC_GetOscConfig) for [Anonymous Symbol]
    stm32g4xx_hal_rcc.o(.ARM.exidx.text.HAL_RCC_GetClockConfig) refers to stm32g4xx_hal_rcc.o(.text.HAL_RCC_GetClockConfig) for [Anonymous Symbol]
    stm32g4xx_hal_rcc.o(.ARM.exidx.text.HAL_RCC_EnableCSS) refers to stm32g4xx_hal_rcc.o(.text.HAL_RCC_EnableCSS) for [Anonymous Symbol]
    stm32g4xx_hal_rcc.o(.ARM.exidx.text.HAL_RCC_EnableLSECSS) refers to stm32g4xx_hal_rcc.o(.text.HAL_RCC_EnableLSECSS) for [Anonymous Symbol]
    stm32g4xx_hal_rcc.o(.ARM.exidx.text.HAL_RCC_DisableLSECSS) refers to stm32g4xx_hal_rcc.o(.text.HAL_RCC_DisableLSECSS) for [Anonymous Symbol]
    stm32g4xx_hal_rcc.o(.text.HAL_RCC_NMI_IRQHandler) refers to stm32g4xx_hal_rcc.o(.text.HAL_RCC_CSSCallback) for HAL_RCC_CSSCallback
    stm32g4xx_hal_rcc.o(.ARM.exidx.text.HAL_RCC_NMI_IRQHandler) refers to stm32g4xx_hal_rcc.o(.text.HAL_RCC_NMI_IRQHandler) for [Anonymous Symbol]
    stm32g4xx_hal_rcc.o(.ARM.exidx.text.HAL_RCC_CSSCallback) refers to stm32g4xx_hal_rcc.o(.text.HAL_RCC_CSSCallback) for [Anonymous Symbol]
    stm32g4xx_hal_rcc_ex.o(.text.HAL_RCCEx_PeriphCLKConfig) refers to stm32g4xx_hal.o(.text.HAL_GetTick) for HAL_GetTick
    stm32g4xx_hal_rcc_ex.o(.ARM.exidx.text.HAL_RCCEx_PeriphCLKConfig) refers to stm32g4xx_hal_rcc_ex.o(.text.HAL_RCCEx_PeriphCLKConfig) for [Anonymous Symbol]
    stm32g4xx_hal_rcc_ex.o(.ARM.exidx.text.HAL_RCCEx_GetPeriphCLKConfig) refers to stm32g4xx_hal_rcc_ex.o(.text.HAL_RCCEx_GetPeriphCLKConfig) for [Anonymous Symbol]
    stm32g4xx_hal_rcc_ex.o(.text.HAL_RCCEx_GetPeriphCLKFreq) refers to stm32g4xx_hal_rcc.o(.text.HAL_RCC_GetPCLK2Freq) for HAL_RCC_GetPCLK2Freq
    stm32g4xx_hal_rcc_ex.o(.text.HAL_RCCEx_GetPeriphCLKFreq) refers to stm32g4xx_hal_rcc.o(.text.HAL_RCC_GetPCLK1Freq) for HAL_RCC_GetPCLK1Freq
    stm32g4xx_hal_rcc_ex.o(.text.HAL_RCCEx_GetPeriphCLKFreq) refers to stm32g4xx_hal_rcc.o(.text.HAL_RCC_GetSysClockFreq) for HAL_RCC_GetSysClockFreq
    stm32g4xx_hal_rcc_ex.o(.ARM.exidx.text.HAL_RCCEx_GetPeriphCLKFreq) refers to stm32g4xx_hal_rcc_ex.o(.text.HAL_RCCEx_GetPeriphCLKFreq) for [Anonymous Symbol]
    stm32g4xx_hal_rcc_ex.o(.ARM.exidx.text.HAL_RCCEx_EnableLSECSS) refers to stm32g4xx_hal_rcc_ex.o(.text.HAL_RCCEx_EnableLSECSS) for [Anonymous Symbol]
    stm32g4xx_hal_rcc_ex.o(.ARM.exidx.text.HAL_RCCEx_DisableLSECSS) refers to stm32g4xx_hal_rcc_ex.o(.text.HAL_RCCEx_DisableLSECSS) for [Anonymous Symbol]
    stm32g4xx_hal_rcc_ex.o(.ARM.exidx.text.HAL_RCCEx_EnableLSECSS_IT) refers to stm32g4xx_hal_rcc_ex.o(.text.HAL_RCCEx_EnableLSECSS_IT) for [Anonymous Symbol]
    stm32g4xx_hal_rcc_ex.o(.text.HAL_RCCEx_LSECSS_IRQHandler) refers to stm32g4xx_hal_rcc_ex.o(.text.HAL_RCCEx_LSECSS_Callback) for HAL_RCCEx_LSECSS_Callback
    stm32g4xx_hal_rcc_ex.o(.ARM.exidx.text.HAL_RCCEx_LSECSS_IRQHandler) refers to stm32g4xx_hal_rcc_ex.o(.text.HAL_RCCEx_LSECSS_IRQHandler) for [Anonymous Symbol]
    stm32g4xx_hal_rcc_ex.o(.ARM.exidx.text.HAL_RCCEx_LSECSS_Callback) refers to stm32g4xx_hal_rcc_ex.o(.text.HAL_RCCEx_LSECSS_Callback) for [Anonymous Symbol]
    stm32g4xx_hal_rcc_ex.o(.text.HAL_RCCEx_EnableLSCO) refers to stm32g4xx_hal_gpio.o(.text.HAL_GPIO_Init) for HAL_GPIO_Init
    stm32g4xx_hal_rcc_ex.o(.text.HAL_RCCEx_EnableLSCO) refers to stm32g4xx_hal_pwr.o(.text.HAL_PWR_EnableBkUpAccess) for HAL_PWR_EnableBkUpAccess
    stm32g4xx_hal_rcc_ex.o(.text.HAL_RCCEx_EnableLSCO) refers to stm32g4xx_hal_pwr.o(.text.HAL_PWR_DisableBkUpAccess) for HAL_PWR_DisableBkUpAccess
    stm32g4xx_hal_rcc_ex.o(.ARM.exidx.text.HAL_RCCEx_EnableLSCO) refers to stm32g4xx_hal_rcc_ex.o(.text.HAL_RCCEx_EnableLSCO) for [Anonymous Symbol]
    stm32g4xx_hal_rcc_ex.o(.text.HAL_RCCEx_DisableLSCO) refers to stm32g4xx_hal_pwr.o(.text.HAL_PWR_EnableBkUpAccess) for HAL_PWR_EnableBkUpAccess
    stm32g4xx_hal_rcc_ex.o(.text.HAL_RCCEx_DisableLSCO) refers to stm32g4xx_hal_pwr.o(.text.HAL_PWR_DisableBkUpAccess) for HAL_PWR_DisableBkUpAccess
    stm32g4xx_hal_rcc_ex.o(.ARM.exidx.text.HAL_RCCEx_DisableLSCO) refers to stm32g4xx_hal_rcc_ex.o(.text.HAL_RCCEx_DisableLSCO) for [Anonymous Symbol]
    stm32g4xx_hal_rcc_ex.o(.ARM.exidx.text.HAL_RCCEx_CRSConfig) refers to stm32g4xx_hal_rcc_ex.o(.text.HAL_RCCEx_CRSConfig) for [Anonymous Symbol]
    stm32g4xx_hal_rcc_ex.o(.ARM.exidx.text.HAL_RCCEx_CRSSoftwareSynchronizationGenerate) refers to stm32g4xx_hal_rcc_ex.o(.text.HAL_RCCEx_CRSSoftwareSynchronizationGenerate) for [Anonymous Symbol]
    stm32g4xx_hal_rcc_ex.o(.ARM.exidx.text.HAL_RCCEx_CRSGetSynchronizationInfo) refers to stm32g4xx_hal_rcc_ex.o(.text.HAL_RCCEx_CRSGetSynchronizationInfo) for [Anonymous Symbol]
    stm32g4xx_hal_rcc_ex.o(.text.HAL_RCCEx_CRSWaitSynchronization) refers to stm32g4xx_hal.o(.text.HAL_GetTick) for HAL_GetTick
    stm32g4xx_hal_rcc_ex.o(.ARM.exidx.text.HAL_RCCEx_CRSWaitSynchronization) refers to stm32g4xx_hal_rcc_ex.o(.text.HAL_RCCEx_CRSWaitSynchronization) for [Anonymous Symbol]
    stm32g4xx_hal_rcc_ex.o(.text.HAL_RCCEx_CRS_IRQHandler) refers to stm32g4xx_hal_rcc_ex.o(.text.HAL_RCCEx_CRS_SyncWarnCallback) for HAL_RCCEx_CRS_SyncWarnCallback
    stm32g4xx_hal_rcc_ex.o(.text.HAL_RCCEx_CRS_IRQHandler) refers to stm32g4xx_hal_rcc_ex.o(.text.HAL_RCCEx_CRS_SyncOkCallback) for HAL_RCCEx_CRS_SyncOkCallback
    stm32g4xx_hal_rcc_ex.o(.text.HAL_RCCEx_CRS_IRQHandler) refers to stm32g4xx_hal_rcc_ex.o(.text.HAL_RCCEx_CRS_ExpectedSyncCallback) for HAL_RCCEx_CRS_ExpectedSyncCallback
    stm32g4xx_hal_rcc_ex.o(.text.HAL_RCCEx_CRS_IRQHandler) refers to stm32g4xx_hal_rcc_ex.o(.text.HAL_RCCEx_CRS_ErrorCallback) for HAL_RCCEx_CRS_ErrorCallback
    stm32g4xx_hal_rcc_ex.o(.ARM.exidx.text.HAL_RCCEx_CRS_IRQHandler) refers to stm32g4xx_hal_rcc_ex.o(.text.HAL_RCCEx_CRS_IRQHandler) for [Anonymous Symbol]
    stm32g4xx_hal_rcc_ex.o(.ARM.exidx.text.HAL_RCCEx_CRS_SyncOkCallback) refers to stm32g4xx_hal_rcc_ex.o(.text.HAL_RCCEx_CRS_SyncOkCallback) for [Anonymous Symbol]
    stm32g4xx_hal_rcc_ex.o(.ARM.exidx.text.HAL_RCCEx_CRS_SyncWarnCallback) refers to stm32g4xx_hal_rcc_ex.o(.text.HAL_RCCEx_CRS_SyncWarnCallback) for [Anonymous Symbol]
    stm32g4xx_hal_rcc_ex.o(.ARM.exidx.text.HAL_RCCEx_CRS_ExpectedSyncCallback) refers to stm32g4xx_hal_rcc_ex.o(.text.HAL_RCCEx_CRS_ExpectedSyncCallback) for [Anonymous Symbol]
    stm32g4xx_hal_rcc_ex.o(.ARM.exidx.text.HAL_RCCEx_CRS_ErrorCallback) refers to stm32g4xx_hal_rcc_ex.o(.text.HAL_RCCEx_CRS_ErrorCallback) for [Anonymous Symbol]
    stm32g4xx_hal_flash.o(.text.HAL_FLASH_Program) refers to stm32g4xx_hal_flash.o(.data.pFlash) for pFlash
    stm32g4xx_hal_flash.o(.text.HAL_FLASH_Program) refers to stm32g4xx_hal.o(.text.HAL_GetTick) for HAL_GetTick
    stm32g4xx_hal_flash.o(.text.HAL_FLASH_Program) refers to stm32g4xx_hal_flash_ex.o(.text.FLASH_FlushCaches) for FLASH_FlushCaches
    stm32g4xx_hal_flash.o(.ARM.exidx.text.HAL_FLASH_Program) refers to stm32g4xx_hal_flash.o(.text.HAL_FLASH_Program) for [Anonymous Symbol]
    stm32g4xx_hal_flash.o(.text.FLASH_WaitForLastOperation) refers to stm32g4xx_hal.o(.text.HAL_GetTick) for HAL_GetTick
    stm32g4xx_hal_flash.o(.text.FLASH_WaitForLastOperation) refers to stm32g4xx_hal_flash.o(.data.pFlash) for pFlash
    stm32g4xx_hal_flash.o(.ARM.exidx.text.FLASH_WaitForLastOperation) refers to stm32g4xx_hal_flash.o(.text.FLASH_WaitForLastOperation) for [Anonymous Symbol]
    stm32g4xx_hal_flash.o(.text.HAL_FLASH_Program_IT) refers to stm32g4xx_hal_flash.o(.data.pFlash) for pFlash
    stm32g4xx_hal_flash.o(.text.HAL_FLASH_Program_IT) refers to stm32g4xx_hal.o(.text.HAL_GetTick) for HAL_GetTick
    stm32g4xx_hal_flash.o(.ARM.exidx.text.HAL_FLASH_Program_IT) refers to stm32g4xx_hal_flash.o(.text.HAL_FLASH_Program_IT) for [Anonymous Symbol]
    stm32g4xx_hal_flash.o(.text.HAL_FLASH_IRQHandler) refers to stm32g4xx_hal_flash.o(.data.pFlash) for pFlash
    stm32g4xx_hal_flash.o(.text.HAL_FLASH_IRQHandler) refers to stm32g4xx_hal_flash_ex.o(.text.FLASH_FlushCaches) for FLASH_FlushCaches
    stm32g4xx_hal_flash.o(.text.HAL_FLASH_IRQHandler) refers to stm32g4xx_hal_flash.o(.text.HAL_FLASH_OperationErrorCallback) for HAL_FLASH_OperationErrorCallback
    stm32g4xx_hal_flash.o(.text.HAL_FLASH_IRQHandler) refers to stm32g4xx_hal_flash.o(.text.HAL_FLASH_EndOfOperationCallback) for HAL_FLASH_EndOfOperationCallback
    stm32g4xx_hal_flash.o(.text.HAL_FLASH_IRQHandler) refers to stm32g4xx_hal_flash_ex.o(.text.FLASH_PageErase) for FLASH_PageErase
    stm32g4xx_hal_flash.o(.ARM.exidx.text.HAL_FLASH_IRQHandler) refers to stm32g4xx_hal_flash.o(.text.HAL_FLASH_IRQHandler) for [Anonymous Symbol]
    stm32g4xx_hal_flash.o(.ARM.exidx.text.HAL_FLASH_OperationErrorCallback) refers to stm32g4xx_hal_flash.o(.text.HAL_FLASH_OperationErrorCallback) for [Anonymous Symbol]
    stm32g4xx_hal_flash.o(.ARM.exidx.text.HAL_FLASH_EndOfOperationCallback) refers to stm32g4xx_hal_flash.o(.text.HAL_FLASH_EndOfOperationCallback) for [Anonymous Symbol]
    stm32g4xx_hal_flash.o(.ARM.exidx.text.HAL_FLASH_Unlock) refers to stm32g4xx_hal_flash.o(.text.HAL_FLASH_Unlock) for [Anonymous Symbol]
    stm32g4xx_hal_flash.o(.ARM.exidx.text.HAL_FLASH_Lock) refers to stm32g4xx_hal_flash.o(.text.HAL_FLASH_Lock) for [Anonymous Symbol]
    stm32g4xx_hal_flash.o(.ARM.exidx.text.HAL_FLASH_OB_Unlock) refers to stm32g4xx_hal_flash.o(.text.HAL_FLASH_OB_Unlock) for [Anonymous Symbol]
    stm32g4xx_hal_flash.o(.ARM.exidx.text.HAL_FLASH_OB_Lock) refers to stm32g4xx_hal_flash.o(.text.HAL_FLASH_OB_Lock) for [Anonymous Symbol]
    stm32g4xx_hal_flash.o(.text.HAL_FLASH_OB_Launch) refers to stm32g4xx_hal.o(.text.HAL_GetTick) for HAL_GetTick
    stm32g4xx_hal_flash.o(.text.HAL_FLASH_OB_Launch) refers to stm32g4xx_hal_flash.o(.data.pFlash) for pFlash
    stm32g4xx_hal_flash.o(.ARM.exidx.text.HAL_FLASH_OB_Launch) refers to stm32g4xx_hal_flash.o(.text.HAL_FLASH_OB_Launch) for [Anonymous Symbol]
    stm32g4xx_hal_flash.o(.text.HAL_FLASH_GetError) refers to stm32g4xx_hal_flash.o(.data.pFlash) for pFlash
    stm32g4xx_hal_flash.o(.ARM.exidx.text.HAL_FLASH_GetError) refers to stm32g4xx_hal_flash.o(.text.HAL_FLASH_GetError) for [Anonymous Symbol]
    stm32g4xx_hal_flash_ex.o(.text.HAL_FLASHEx_Erase) refers to stm32g4xx_hal_flash.o(.data.pFlash) for pFlash
    stm32g4xx_hal_flash_ex.o(.text.HAL_FLASHEx_Erase) refers to stm32g4xx_hal_flash.o(.text.FLASH_WaitForLastOperation) for FLASH_WaitForLastOperation
    stm32g4xx_hal_flash_ex.o(.ARM.exidx.text.HAL_FLASHEx_Erase) refers to stm32g4xx_hal_flash_ex.o(.text.HAL_FLASHEx_Erase) for [Anonymous Symbol]
    stm32g4xx_hal_flash_ex.o(.ARM.exidx.text.FLASH_PageErase) refers to stm32g4xx_hal_flash_ex.o(.text.FLASH_PageErase) for [Anonymous Symbol]
    stm32g4xx_hal_flash_ex.o(.text.FLASH_FlushCaches) refers to stm32g4xx_hal_flash.o(.data.pFlash) for pFlash
    stm32g4xx_hal_flash_ex.o(.ARM.exidx.text.FLASH_FlushCaches) refers to stm32g4xx_hal_flash_ex.o(.text.FLASH_FlushCaches) for [Anonymous Symbol]
    stm32g4xx_hal_flash_ex.o(.text.HAL_FLASHEx_Erase_IT) refers to stm32g4xx_hal_flash.o(.data.pFlash) for pFlash
    stm32g4xx_hal_flash_ex.o(.ARM.exidx.text.HAL_FLASHEx_Erase_IT) refers to stm32g4xx_hal_flash_ex.o(.text.HAL_FLASHEx_Erase_IT) for [Anonymous Symbol]
    stm32g4xx_hal_flash_ex.o(.text.HAL_FLASHEx_OBProgram) refers to stm32g4xx_hal_flash.o(.data.pFlash) for pFlash
    stm32g4xx_hal_flash_ex.o(.text.HAL_FLASHEx_OBProgram) refers to stm32g4xx_hal_flash.o(.text.FLASH_WaitForLastOperation) for FLASH_WaitForLastOperation
    stm32g4xx_hal_flash_ex.o(.ARM.exidx.text.HAL_FLASHEx_OBProgram) refers to stm32g4xx_hal_flash_ex.o(.text.HAL_FLASHEx_OBProgram) for [Anonymous Symbol]
    stm32g4xx_hal_flash_ex.o(.ARM.exidx.text.HAL_FLASHEx_OBGetConfig) refers to stm32g4xx_hal_flash_ex.o(.text.HAL_FLASHEx_OBGetConfig) for [Anonymous Symbol]
    stm32g4xx_hal_flash_ex.o(.ARM.exidx.text.HAL_FLASHEx_EnableSecMemProtection) refers to stm32g4xx_hal_flash_ex.o(.text.HAL_FLASHEx_EnableSecMemProtection) for [Anonymous Symbol]
    stm32g4xx_hal_flash_ex.o(.ARM.exidx.text.HAL_FLASHEx_EnableDebugger) refers to stm32g4xx_hal_flash_ex.o(.text.HAL_FLASHEx_EnableDebugger) for [Anonymous Symbol]
    stm32g4xx_hal_flash_ex.o(.ARM.exidx.text.HAL_FLASHEx_DisableDebugger) refers to stm32g4xx_hal_flash_ex.o(.text.HAL_FLASHEx_DisableDebugger) for [Anonymous Symbol]
    stm32g4xx_hal_flash_ramfunc.o(.ARM.exidx.text.HAL_FLASHEx_EnableRunPowerDown) refers to stm32g4xx_hal_flash_ramfunc.o(.text.HAL_FLASHEx_EnableRunPowerDown) for [Anonymous Symbol]
    stm32g4xx_hal_flash_ramfunc.o(.ARM.exidx.text.HAL_FLASHEx_DisableRunPowerDown) refers to stm32g4xx_hal_flash_ramfunc.o(.text.HAL_FLASHEx_DisableRunPowerDown) for [Anonymous Symbol]
    stm32g4xx_hal_flash_ramfunc.o(.text.HAL_FLASHEx_OB_DBankConfig) refers to stm32g4xx_hal_flash.o(.data.pFlash) for pFlash
    stm32g4xx_hal_flash_ramfunc.o(.text.HAL_FLASHEx_OB_DBankConfig) refers to system_stm32g4xx.o(.data.SystemCoreClock) for SystemCoreClock
    stm32g4xx_hal_flash_ramfunc.o(.ARM.exidx.text.HAL_FLASHEx_OB_DBankConfig) refers to stm32g4xx_hal_flash_ramfunc.o(.text.HAL_FLASHEx_OB_DBankConfig) for [Anonymous Symbol]
    stm32g4xx_hal_gpio.o(.ARM.exidx.text.HAL_GPIO_Init) refers to stm32g4xx_hal_gpio.o(.text.HAL_GPIO_Init) for [Anonymous Symbol]
    stm32g4xx_hal_gpio.o(.ARM.exidx.text.HAL_GPIO_DeInit) refers to stm32g4xx_hal_gpio.o(.text.HAL_GPIO_DeInit) for [Anonymous Symbol]
    stm32g4xx_hal_gpio.o(.ARM.exidx.text.HAL_GPIO_ReadPin) refers to stm32g4xx_hal_gpio.o(.text.HAL_GPIO_ReadPin) for [Anonymous Symbol]
    stm32g4xx_hal_gpio.o(.ARM.exidx.text.HAL_GPIO_WritePin) refers to stm32g4xx_hal_gpio.o(.text.HAL_GPIO_WritePin) for [Anonymous Symbol]
    stm32g4xx_hal_gpio.o(.ARM.exidx.text.HAL_GPIO_TogglePin) refers to stm32g4xx_hal_gpio.o(.text.HAL_GPIO_TogglePin) for [Anonymous Symbol]
    stm32g4xx_hal_gpio.o(.ARM.exidx.text.HAL_GPIO_LockPin) refers to stm32g4xx_hal_gpio.o(.text.HAL_GPIO_LockPin) for [Anonymous Symbol]
    stm32g4xx_hal_gpio.o(.text.HAL_GPIO_EXTI_IRQHandler) refers to main.o(.text.HAL_GPIO_EXTI_Callback) for HAL_GPIO_EXTI_Callback
    stm32g4xx_hal_gpio.o(.ARM.exidx.text.HAL_GPIO_EXTI_IRQHandler) refers to stm32g4xx_hal_gpio.o(.text.HAL_GPIO_EXTI_IRQHandler) for [Anonymous Symbol]
    stm32g4xx_hal_gpio.o(.ARM.exidx.text.HAL_GPIO_EXTI_Callback) refers to stm32g4xx_hal_gpio.o(.text.HAL_GPIO_EXTI_Callback) for [Anonymous Symbol]
    stm32g4xx_hal_exti.o(.ARM.exidx.text.HAL_EXTI_SetConfigLine) refers to stm32g4xx_hal_exti.o(.text.HAL_EXTI_SetConfigLine) for [Anonymous Symbol]
    stm32g4xx_hal_exti.o(.ARM.exidx.text.HAL_EXTI_GetConfigLine) refers to stm32g4xx_hal_exti.o(.text.HAL_EXTI_GetConfigLine) for [Anonymous Symbol]
    stm32g4xx_hal_exti.o(.ARM.exidx.text.HAL_EXTI_ClearConfigLine) refers to stm32g4xx_hal_exti.o(.text.HAL_EXTI_ClearConfigLine) for [Anonymous Symbol]
    stm32g4xx_hal_exti.o(.ARM.exidx.text.HAL_EXTI_RegisterCallback) refers to stm32g4xx_hal_exti.o(.text.HAL_EXTI_RegisterCallback) for [Anonymous Symbol]
    stm32g4xx_hal_exti.o(.ARM.exidx.text.HAL_EXTI_GetHandle) refers to stm32g4xx_hal_exti.o(.text.HAL_EXTI_GetHandle) for [Anonymous Symbol]
    stm32g4xx_hal_exti.o(.ARM.exidx.text.HAL_EXTI_IRQHandler) refers to stm32g4xx_hal_exti.o(.text.HAL_EXTI_IRQHandler) for [Anonymous Symbol]
    stm32g4xx_hal_exti.o(.ARM.exidx.text.HAL_EXTI_GetPending) refers to stm32g4xx_hal_exti.o(.text.HAL_EXTI_GetPending) for [Anonymous Symbol]
    stm32g4xx_hal_exti.o(.ARM.exidx.text.HAL_EXTI_ClearPending) refers to stm32g4xx_hal_exti.o(.text.HAL_EXTI_ClearPending) for [Anonymous Symbol]
    stm32g4xx_hal_exti.o(.ARM.exidx.text.HAL_EXTI_GenerateSWI) refers to stm32g4xx_hal_exti.o(.text.HAL_EXTI_GenerateSWI) for [Anonymous Symbol]
    stm32g4xx_hal_dma.o(.ARM.exidx.text.HAL_DMA_Init) refers to stm32g4xx_hal_dma.o(.text.HAL_DMA_Init) for [Anonymous Symbol]
    stm32g4xx_hal_dma.o(.ARM.exidx.text.HAL_DMA_DeInit) refers to stm32g4xx_hal_dma.o(.text.HAL_DMA_DeInit) for [Anonymous Symbol]
    stm32g4xx_hal_dma.o(.ARM.exidx.text.HAL_DMA_Start) refers to stm32g4xx_hal_dma.o(.text.HAL_DMA_Start) for [Anonymous Symbol]
    stm32g4xx_hal_dma.o(.ARM.exidx.text.HAL_DMA_Start_IT) refers to stm32g4xx_hal_dma.o(.text.HAL_DMA_Start_IT) for [Anonymous Symbol]
    stm32g4xx_hal_dma.o(.ARM.exidx.text.HAL_DMA_Abort) refers to stm32g4xx_hal_dma.o(.text.HAL_DMA_Abort) for [Anonymous Symbol]
    stm32g4xx_hal_dma.o(.ARM.exidx.text.HAL_DMA_Abort_IT) refers to stm32g4xx_hal_dma.o(.text.HAL_DMA_Abort_IT) for [Anonymous Symbol]
    stm32g4xx_hal_dma.o(.text.HAL_DMA_PollForTransfer) refers to stm32g4xx_hal.o(.text.HAL_GetTick) for HAL_GetTick
    stm32g4xx_hal_dma.o(.ARM.exidx.text.HAL_DMA_PollForTransfer) refers to stm32g4xx_hal_dma.o(.text.HAL_DMA_PollForTransfer) for [Anonymous Symbol]
    stm32g4xx_hal_dma.o(.ARM.exidx.text.HAL_DMA_IRQHandler) refers to stm32g4xx_hal_dma.o(.text.HAL_DMA_IRQHandler) for [Anonymous Symbol]
    stm32g4xx_hal_dma.o(.ARM.exidx.text.HAL_DMA_RegisterCallback) refers to stm32g4xx_hal_dma.o(.text.HAL_DMA_RegisterCallback) for [Anonymous Symbol]
    stm32g4xx_hal_dma.o(.ARM.exidx.text.HAL_DMA_UnRegisterCallback) refers to stm32g4xx_hal_dma.o(.text.HAL_DMA_UnRegisterCallback) for [Anonymous Symbol]
    stm32g4xx_hal_dma.o(.ARM.exidx.text.HAL_DMA_GetState) refers to stm32g4xx_hal_dma.o(.text.HAL_DMA_GetState) for [Anonymous Symbol]
    stm32g4xx_hal_dma.o(.ARM.exidx.text.HAL_DMA_GetError) refers to stm32g4xx_hal_dma.o(.text.HAL_DMA_GetError) for [Anonymous Symbol]
    stm32g4xx_hal_dma_ex.o(.ARM.exidx.text.HAL_DMAEx_ConfigMuxSync) refers to stm32g4xx_hal_dma_ex.o(.text.HAL_DMAEx_ConfigMuxSync) for [Anonymous Symbol]
    stm32g4xx_hal_dma_ex.o(.ARM.exidx.text.HAL_DMAEx_ConfigMuxRequestGenerator) refers to stm32g4xx_hal_dma_ex.o(.text.HAL_DMAEx_ConfigMuxRequestGenerator) for [Anonymous Symbol]
    stm32g4xx_hal_dma_ex.o(.ARM.exidx.text.HAL_DMAEx_EnableMuxRequestGenerator) refers to stm32g4xx_hal_dma_ex.o(.text.HAL_DMAEx_EnableMuxRequestGenerator) for [Anonymous Symbol]
    stm32g4xx_hal_dma_ex.o(.ARM.exidx.text.HAL_DMAEx_DisableMuxRequestGenerator) refers to stm32g4xx_hal_dma_ex.o(.text.HAL_DMAEx_DisableMuxRequestGenerator) for [Anonymous Symbol]
    stm32g4xx_hal_dma_ex.o(.ARM.exidx.text.HAL_DMAEx_MUX_IRQHandler) refers to stm32g4xx_hal_dma_ex.o(.text.HAL_DMAEx_MUX_IRQHandler) for [Anonymous Symbol]
    stm32g4xx_hal_pwr.o(.ARM.exidx.text.HAL_PWR_DeInit) refers to stm32g4xx_hal_pwr.o(.text.HAL_PWR_DeInit) for [Anonymous Symbol]
    stm32g4xx_hal_pwr.o(.ARM.exidx.text.HAL_PWR_EnableBkUpAccess) refers to stm32g4xx_hal_pwr.o(.text.HAL_PWR_EnableBkUpAccess) for [Anonymous Symbol]
    stm32g4xx_hal_pwr.o(.ARM.exidx.text.HAL_PWR_DisableBkUpAccess) refers to stm32g4xx_hal_pwr.o(.text.HAL_PWR_DisableBkUpAccess) for [Anonymous Symbol]
    stm32g4xx_hal_pwr.o(.ARM.exidx.text.HAL_PWR_ConfigPVD) refers to stm32g4xx_hal_pwr.o(.text.HAL_PWR_ConfigPVD) for [Anonymous Symbol]
    stm32g4xx_hal_pwr.o(.ARM.exidx.text.HAL_PWR_EnablePVD) refers to stm32g4xx_hal_pwr.o(.text.HAL_PWR_EnablePVD) for [Anonymous Symbol]
    stm32g4xx_hal_pwr.o(.ARM.exidx.text.HAL_PWR_DisablePVD) refers to stm32g4xx_hal_pwr.o(.text.HAL_PWR_DisablePVD) for [Anonymous Symbol]
    stm32g4xx_hal_pwr.o(.ARM.exidx.text.HAL_PWR_EnableWakeUpPin) refers to stm32g4xx_hal_pwr.o(.text.HAL_PWR_EnableWakeUpPin) for [Anonymous Symbol]
    stm32g4xx_hal_pwr.o(.ARM.exidx.text.HAL_PWR_DisableWakeUpPin) refers to stm32g4xx_hal_pwr.o(.text.HAL_PWR_DisableWakeUpPin) for [Anonymous Symbol]
    stm32g4xx_hal_pwr.o(.text.HAL_PWR_EnterSLEEPMode) refers to stm32g4xx_hal_pwr_ex.o(.text.HAL_PWREx_EnableLowPowerRunMode) for HAL_PWREx_EnableLowPowerRunMode
    stm32g4xx_hal_pwr.o(.text.HAL_PWR_EnterSLEEPMode) refers to stm32g4xx_hal_pwr_ex.o(.text.HAL_PWREx_DisableLowPowerRunMode) for HAL_PWREx_DisableLowPowerRunMode
    stm32g4xx_hal_pwr.o(.ARM.exidx.text.HAL_PWR_EnterSLEEPMode) refers to stm32g4xx_hal_pwr.o(.text.HAL_PWR_EnterSLEEPMode) for [Anonymous Symbol]
    stm32g4xx_hal_pwr.o(.text.HAL_PWR_EnterSTOPMode) refers to stm32g4xx_hal_pwr_ex.o(.text.HAL_PWREx_EnterSTOP0Mode) for HAL_PWREx_EnterSTOP0Mode
    stm32g4xx_hal_pwr.o(.text.HAL_PWR_EnterSTOPMode) refers to stm32g4xx_hal_pwr_ex.o(.text.HAL_PWREx_EnterSTOP1Mode) for HAL_PWREx_EnterSTOP1Mode
    stm32g4xx_hal_pwr.o(.ARM.exidx.text.HAL_PWR_EnterSTOPMode) refers to stm32g4xx_hal_pwr.o(.text.HAL_PWR_EnterSTOPMode) for [Anonymous Symbol]
    stm32g4xx_hal_pwr.o(.ARM.exidx.text.HAL_PWR_EnterSTANDBYMode) refers to stm32g4xx_hal_pwr.o(.text.HAL_PWR_EnterSTANDBYMode) for [Anonymous Symbol]
    stm32g4xx_hal_pwr.o(.ARM.exidx.text.HAL_PWR_EnableSleepOnExit) refers to stm32g4xx_hal_pwr.o(.text.HAL_PWR_EnableSleepOnExit) for [Anonymous Symbol]
    stm32g4xx_hal_pwr.o(.ARM.exidx.text.HAL_PWR_DisableSleepOnExit) refers to stm32g4xx_hal_pwr.o(.text.HAL_PWR_DisableSleepOnExit) for [Anonymous Symbol]
    stm32g4xx_hal_pwr.o(.ARM.exidx.text.HAL_PWR_EnableSEVOnPend) refers to stm32g4xx_hal_pwr.o(.text.HAL_PWR_EnableSEVOnPend) for [Anonymous Symbol]
    stm32g4xx_hal_pwr.o(.ARM.exidx.text.HAL_PWR_DisableSEVOnPend) refers to stm32g4xx_hal_pwr.o(.text.HAL_PWR_DisableSEVOnPend) for [Anonymous Symbol]
    stm32g4xx_hal_pwr.o(.ARM.exidx.text.HAL_PWR_PVDCallback) refers to stm32g4xx_hal_pwr.o(.text.HAL_PWR_PVDCallback) for [Anonymous Symbol]
    stm32g4xx_hal_cortex.o(.ARM.exidx.text.HAL_NVIC_SetPriorityGrouping) refers to stm32g4xx_hal_cortex.o(.text.HAL_NVIC_SetPriorityGrouping) for [Anonymous Symbol]
    stm32g4xx_hal_cortex.o(.ARM.exidx.text.HAL_NVIC_SetPriority) refers to stm32g4xx_hal_cortex.o(.text.HAL_NVIC_SetPriority) for [Anonymous Symbol]
    stm32g4xx_hal_cortex.o(.ARM.exidx.text.HAL_NVIC_EnableIRQ) refers to stm32g4xx_hal_cortex.o(.text.HAL_NVIC_EnableIRQ) for [Anonymous Symbol]
    stm32g4xx_hal_cortex.o(.ARM.exidx.text.HAL_NVIC_DisableIRQ) refers to stm32g4xx_hal_cortex.o(.text.HAL_NVIC_DisableIRQ) for [Anonymous Symbol]
    stm32g4xx_hal_cortex.o(.text.HAL_NVIC_SystemReset) refers to stm32g4xx_hal_cortex.o(.text.__NVIC_SystemReset) for __NVIC_SystemReset
    stm32g4xx_hal_cortex.o(.ARM.exidx.text.HAL_NVIC_SystemReset) refers to stm32g4xx_hal_cortex.o(.text.HAL_NVIC_SystemReset) for [Anonymous Symbol]
    stm32g4xx_hal_cortex.o(.ARM.exidx.text.__NVIC_SystemReset) refers to stm32g4xx_hal_cortex.o(.text.__NVIC_SystemReset) for [Anonymous Symbol]
    stm32g4xx_hal_cortex.o(.ARM.exidx.text.HAL_SYSTICK_Config) refers to stm32g4xx_hal_cortex.o(.text.HAL_SYSTICK_Config) for [Anonymous Symbol]
    stm32g4xx_hal_cortex.o(.ARM.exidx.text.HAL_NVIC_GetPriorityGrouping) refers to stm32g4xx_hal_cortex.o(.text.HAL_NVIC_GetPriorityGrouping) for [Anonymous Symbol]
    stm32g4xx_hal_cortex.o(.ARM.exidx.text.HAL_NVIC_GetPriority) refers to stm32g4xx_hal_cortex.o(.text.HAL_NVIC_GetPriority) for [Anonymous Symbol]
    stm32g4xx_hal_cortex.o(.ARM.exidx.text.HAL_NVIC_SetPendingIRQ) refers to stm32g4xx_hal_cortex.o(.text.HAL_NVIC_SetPendingIRQ) for [Anonymous Symbol]
    stm32g4xx_hal_cortex.o(.ARM.exidx.text.HAL_NVIC_GetPendingIRQ) refers to stm32g4xx_hal_cortex.o(.text.HAL_NVIC_GetPendingIRQ) for [Anonymous Symbol]
    stm32g4xx_hal_cortex.o(.ARM.exidx.text.HAL_NVIC_ClearPendingIRQ) refers to stm32g4xx_hal_cortex.o(.text.HAL_NVIC_ClearPendingIRQ) for [Anonymous Symbol]
    stm32g4xx_hal_cortex.o(.ARM.exidx.text.HAL_NVIC_GetActive) refers to stm32g4xx_hal_cortex.o(.text.HAL_NVIC_GetActive) for [Anonymous Symbol]
    stm32g4xx_hal_cortex.o(.ARM.exidx.text.HAL_SYSTICK_CLKSourceConfig) refers to stm32g4xx_hal_cortex.o(.text.HAL_SYSTICK_CLKSourceConfig) for [Anonymous Symbol]
    stm32g4xx_hal_cortex.o(.text.HAL_SYSTICK_IRQHandler) refers to stm32g4xx_hal_cortex.o(.text.HAL_SYSTICK_Callback) for HAL_SYSTICK_Callback
    stm32g4xx_hal_cortex.o(.ARM.exidx.text.HAL_SYSTICK_IRQHandler) refers to stm32g4xx_hal_cortex.o(.text.HAL_SYSTICK_IRQHandler) for [Anonymous Symbol]
    stm32g4xx_hal_cortex.o(.ARM.exidx.text.HAL_SYSTICK_Callback) refers to stm32g4xx_hal_cortex.o(.text.HAL_SYSTICK_Callback) for [Anonymous Symbol]
    stm32g4xx_hal_cortex.o(.ARM.exidx.text.HAL_MPU_Enable) refers to stm32g4xx_hal_cortex.o(.text.HAL_MPU_Enable) for [Anonymous Symbol]
    stm32g4xx_hal_cortex.o(.ARM.exidx.text.HAL_MPU_Disable) refers to stm32g4xx_hal_cortex.o(.text.HAL_MPU_Disable) for [Anonymous Symbol]
    stm32g4xx_hal_cortex.o(.ARM.exidx.text.HAL_MPU_ConfigRegion) refers to stm32g4xx_hal_cortex.o(.text.HAL_MPU_ConfigRegion) for [Anonymous Symbol]
    system_stm32g4xx.o(.ARM.exidx.text.SystemInit) refers to system_stm32g4xx.o(.text.SystemInit) for [Anonymous Symbol]
    system_stm32g4xx.o(.text.SystemCoreClockUpdate) refers to system_stm32g4xx.o(.data.SystemCoreClock) for SystemCoreClock
    system_stm32g4xx.o(.text.SystemCoreClockUpdate) refers to system_stm32g4xx.o(.rodata.AHBPrescTable) for AHBPrescTable
    system_stm32g4xx.o(.ARM.exidx.text.SystemCoreClockUpdate) refers to system_stm32g4xx.o(.text.SystemCoreClockUpdate) for [Anonymous Symbol]
    cos.o(i.__hardfp_cos) refers (Special) to iusefp.o(.text) for __I$use$fp
    cos.o(i.__hardfp_cos) refers to errno.o(i.__set_errno) for __set_errno
    cos.o(i.__hardfp_cos) refers to dunder.o(i.__mathlib_dbl_invalid) for __mathlib_dbl_invalid
    cos.o(i.__hardfp_cos) refers to dunder.o(i.__mathlib_dbl_infnan) for __mathlib_dbl_infnan
    cos.o(i.__hardfp_cos) refers to rred.o(i.__ieee754_rem_pio2) for __ieee754_rem_pio2
    cos.o(i.__hardfp_cos) refers to sin_i.o(i.__kernel_sin) for __kernel_sin
    cos.o(i.__hardfp_cos) refers to cos_i.o(i.__kernel_cos) for __kernel_cos
    cos.o(i.__softfp_cos) refers (Special) to iusefp.o(.text) for __I$use$fp
    cos.o(i.__softfp_cos) refers to cos.o(i.__hardfp_cos) for __hardfp_cos
    cos.o(i.cos) refers (Special) to iusefp.o(.text) for __I$use$fp
    cos.o(i.cos) refers to cos.o(i.__hardfp_cos) for __hardfp_cos
    sin.o(i.__hardfp_sin) refers (Special) to iusefp.o(.text) for __I$use$fp
    sin.o(i.__hardfp_sin) refers to errno.o(i.__set_errno) for __set_errno
    sin.o(i.__hardfp_sin) refers to dunder.o(i.__mathlib_dbl_invalid) for __mathlib_dbl_invalid
    sin.o(i.__hardfp_sin) refers to dunder.o(i.__mathlib_dbl_infnan) for __mathlib_dbl_infnan
    sin.o(i.__hardfp_sin) refers to rred.o(i.__ieee754_rem_pio2) for __ieee754_rem_pio2
    sin.o(i.__hardfp_sin) refers to cos_i.o(i.__kernel_cos) for __kernel_cos
    sin.o(i.__hardfp_sin) refers to sin_i.o(i.__kernel_sin) for __kernel_sin
    sin.o(i.__softfp_sin) refers (Special) to iusefp.o(.text) for __I$use$fp
    sin.o(i.__softfp_sin) refers to sin.o(i.__hardfp_sin) for __hardfp_sin
    sin.o(i.sin) refers (Special) to iusefp.o(.text) for __I$use$fp
    sin.o(i.sin) refers to sin.o(i.__hardfp_sin) for __hardfp_sin
    entry.o(.ARM.Collect$$$$00000000) refers (Special) to entry10a.o(.ARM.Collect$$$$0000000D) for __rt_final_cpp
    entry.o(.ARM.Collect$$$$00000000) refers (Special) to entry11a.o(.ARM.Collect$$$$0000000F) for __rt_final_exit
    entry.o(.ARM.Collect$$$$00000000) refers (Special) to entry7b.o(.ARM.Collect$$$$00000008) for _main_clock
    entry.o(.ARM.Collect$$$$00000000) refers (Special) to entry8b.o(.ARM.Collect$$$$0000000A) for _main_cpp_init
    entry.o(.ARM.Collect$$$$00000000) refers (Special) to entry9a.o(.ARM.Collect$$$$0000000B) for _main_init
    entry.o(.ARM.Collect$$$$00000000) refers (Special) to entry5.o(.ARM.Collect$$$$00000004) for _main_scatterload
    entry.o(.ARM.Collect$$$$00000000) refers (Special) to entry2.o(.ARM.Collect$$$$00000001) for _main_stk
    puts.o(i.puts) refers to main.o(.text.fputc) for fputc
    puts.o(i.puts) refers to stdout.o(.data) for __stdout
    puts_e.o(.text) refers to main.o(.text.fputc) for fputc
    puts_e.o(.text) refers to stdout.o(.data) for __stdout
    uldiv.o(.text) refers to llushr.o(.text) for __aeabi_llsr
    uldiv.o(.text) refers to llshl.o(.text) for __aeabi_llsl
    printfb.o(i.__0fprintf$bare) refers to printfb.o(i._printf_core) for _printf_core
    printfb.o(i.__0fprintf$bare) refers to main.o(.text.fputc) for fputc
    printfb.o(i.__0printf$bare) refers to printfb.o(i._printf_core) for _printf_core
    printfb.o(i.__0printf$bare) refers to main.o(.text.fputc) for fputc
    printfb.o(i.__0printf$bare) refers to stdout.o(.data) for __stdout
    printfb.o(i.__0snprintf$bare) refers to printfb.o(i._printf_core) for _printf_core
    printfb.o(i.__0snprintf$bare) refers to printfb.o(i._snputc) for _snputc
    printfb.o(i.__0sprintf$bare) refers to printfb.o(i._printf_core) for _printf_core
    printfb.o(i.__0sprintf$bare) refers to printfb.o(i._sputc) for _sputc
    printfb.o(i.__0vfprintf$bare) refers to printfb.o(i._printf_core) for _printf_core
    printfb.o(i.__0vfprintf$bare) refers to main.o(.text.fputc) for fputc
    printfb.o(i.__0vprintf$bare) refers to printfb.o(i._printf_core) for _printf_core
    printfb.o(i.__0vprintf$bare) refers to main.o(.text.fputc) for fputc
    printfb.o(i.__0vprintf$bare) refers to stdout.o(.data) for __stdout
    printfb.o(i.__0vsnprintf$bare) refers to printfb.o(i._printf_core) for _printf_core
    printfb.o(i.__0vsnprintf$bare) refers to printfb.o(i._snputc) for _snputc
    printfb.o(i.__0vsprintf$bare) refers to printfb.o(i._printf_core) for _printf_core
    printfb.o(i.__0vsprintf$bare) refers to printfb.o(i._sputc) for _sputc
    printf0.o(i.__0fprintf$0) refers to printf0.o(i._printf_core) for _printf_core
    printf0.o(i.__0fprintf$0) refers to main.o(.text.fputc) for fputc
    printf0.o(i.__0printf$0) refers to printf0.o(i._printf_core) for _printf_core
    printf0.o(i.__0printf$0) refers to main.o(.text.fputc) for fputc
    printf0.o(i.__0printf$0) refers to stdout.o(.data) for __stdout
    printf0.o(i.__0snprintf$0) refers to printf0.o(i._printf_core) for _printf_core
    printf0.o(i.__0snprintf$0) refers to printf0.o(i._snputc) for _snputc
    printf0.o(i.__0sprintf$0) refers to printf0.o(i._printf_core) for _printf_core
    printf0.o(i.__0sprintf$0) refers to printf0.o(i._sputc) for _sputc
    printf0.o(i.__0vfprintf$0) refers to printf0.o(i._printf_core) for _printf_core
    printf0.o(i.__0vfprintf$0) refers to main.o(.text.fputc) for fputc
    printf0.o(i.__0vprintf$0) refers to printf0.o(i._printf_core) for _printf_core
    printf0.o(i.__0vprintf$0) refers to main.o(.text.fputc) for fputc
    printf0.o(i.__0vprintf$0) refers to stdout.o(.data) for __stdout
    printf0.o(i.__0vsnprintf$0) refers to printf0.o(i._printf_core) for _printf_core
    printf0.o(i.__0vsnprintf$0) refers to printf0.o(i._snputc) for _snputc
    printf0.o(i.__0vsprintf$0) refers to printf0.o(i._printf_core) for _printf_core
    printf0.o(i.__0vsprintf$0) refers to printf0.o(i._sputc) for _sputc
    printf1.o(i.__0fprintf$1) refers to printf1.o(i._printf_core) for _printf_core
    printf1.o(i.__0fprintf$1) refers to main.o(.text.fputc) for fputc
    printf1.o(i.__0printf$1) refers to printf1.o(i._printf_core) for _printf_core
    printf1.o(i.__0printf$1) refers to main.o(.text.fputc) for fputc
    printf1.o(i.__0printf$1) refers to stdout.o(.data) for __stdout
    printf1.o(i.__0snprintf$1) refers to printf1.o(i._printf_core) for _printf_core
    printf1.o(i.__0snprintf$1) refers to printf1.o(i._snputc) for _snputc
    printf1.o(i.__0sprintf$1) refers to printf1.o(i._printf_core) for _printf_core
    printf1.o(i.__0sprintf$1) refers to printf1.o(i._sputc) for _sputc
    printf1.o(i.__0vfprintf$1) refers to printf1.o(i._printf_core) for _printf_core
    printf1.o(i.__0vfprintf$1) refers to main.o(.text.fputc) for fputc
    printf1.o(i.__0vprintf$1) refers to printf1.o(i._printf_core) for _printf_core
    printf1.o(i.__0vprintf$1) refers to main.o(.text.fputc) for fputc
    printf1.o(i.__0vprintf$1) refers to stdout.o(.data) for __stdout
    printf1.o(i.__0vsnprintf$1) refers to printf1.o(i._printf_core) for _printf_core
    printf1.o(i.__0vsnprintf$1) refers to printf1.o(i._snputc) for _snputc
    printf1.o(i.__0vsprintf$1) refers to printf1.o(i._printf_core) for _printf_core
    printf1.o(i.__0vsprintf$1) refers to printf1.o(i._sputc) for _sputc
    printf1.o(i._printf_core) refers to uidiv.o(.text) for __aeabi_uidivmod
    printf2.o(i.__0fprintf$2) refers to printf2.o(i._printf_core) for _printf_core
    printf2.o(i.__0fprintf$2) refers to main.o(.text.fputc) for fputc
    printf2.o(i.__0printf$2) refers to printf2.o(i._printf_core) for _printf_core
    printf2.o(i.__0printf$2) refers to main.o(.text.fputc) for fputc
    printf2.o(i.__0printf$2) refers to stdout.o(.data) for __stdout
    printf2.o(i.__0snprintf$2) refers to printf2.o(i._printf_core) for _printf_core
    printf2.o(i.__0snprintf$2) refers to printf2.o(i._snputc) for _snputc
    printf2.o(i.__0sprintf$2) refers to printf2.o(i._printf_core) for _printf_core
    printf2.o(i.__0sprintf$2) refers to printf2.o(i._sputc) for _sputc
    printf2.o(i.__0vfprintf$2) refers to printf2.o(i._printf_core) for _printf_core
    printf2.o(i.__0vfprintf$2) refers to main.o(.text.fputc) for fputc
    printf2.o(i.__0vprintf$2) refers to printf2.o(i._printf_core) for _printf_core
    printf2.o(i.__0vprintf$2) refers to main.o(.text.fputc) for fputc
    printf2.o(i.__0vprintf$2) refers to stdout.o(.data) for __stdout
    printf2.o(i.__0vsnprintf$2) refers to printf2.o(i._printf_core) for _printf_core
    printf2.o(i.__0vsnprintf$2) refers to printf2.o(i._snputc) for _snputc
    printf2.o(i.__0vsprintf$2) refers to printf2.o(i._printf_core) for _printf_core
    printf2.o(i.__0vsprintf$2) refers to printf2.o(i._sputc) for _sputc
    printf3.o(i.__0fprintf$3) refers to printf3.o(i._printf_core) for _printf_core
    printf3.o(i.__0fprintf$3) refers to main.o(.text.fputc) for fputc
    printf3.o(i.__0printf$3) refers to printf3.o(i._printf_core) for _printf_core
    printf3.o(i.__0printf$3) refers to main.o(.text.fputc) for fputc
    printf3.o(i.__0printf$3) refers to stdout.o(.data) for __stdout
    printf3.o(i.__0snprintf$3) refers to printf3.o(i._printf_core) for _printf_core
    printf3.o(i.__0snprintf$3) refers to printf3.o(i._snputc) for _snputc
    printf3.o(i.__0sprintf$3) refers to printf3.o(i._printf_core) for _printf_core
    printf3.o(i.__0sprintf$3) refers to printf3.o(i._sputc) for _sputc
    printf3.o(i.__0vfprintf$3) refers to printf3.o(i._printf_core) for _printf_core
    printf3.o(i.__0vfprintf$3) refers to main.o(.text.fputc) for fputc
    printf3.o(i.__0vprintf$3) refers to printf3.o(i._printf_core) for _printf_core
    printf3.o(i.__0vprintf$3) refers to main.o(.text.fputc) for fputc
    printf3.o(i.__0vprintf$3) refers to stdout.o(.data) for __stdout
    printf3.o(i.__0vsnprintf$3) refers to printf3.o(i._printf_core) for _printf_core
    printf3.o(i.__0vsnprintf$3) refers to printf3.o(i._snputc) for _snputc
    printf3.o(i.__0vsprintf$3) refers to printf3.o(i._printf_core) for _printf_core
    printf3.o(i.__0vsprintf$3) refers to printf3.o(i._sputc) for _sputc
    printf3.o(i._printf_core) refers to uidiv.o(.text) for __aeabi_uidivmod
    printf4.o(i.__0fprintf$4) refers to printf4.o(i._printf_core) for _printf_core
    printf4.o(i.__0fprintf$4) refers to main.o(.text.fputc) for fputc
    printf4.o(i.__0printf$4) refers to printf4.o(i._printf_core) for _printf_core
    printf4.o(i.__0printf$4) refers to main.o(.text.fputc) for fputc
    printf4.o(i.__0printf$4) refers to stdout.o(.data) for __stdout
    printf4.o(i.__0snprintf$4) refers to printf4.o(i._printf_core) for _printf_core
    printf4.o(i.__0snprintf$4) refers to printf4.o(i._snputc) for _snputc
    printf4.o(i.__0sprintf$4) refers to printf4.o(i._printf_core) for _printf_core
    printf4.o(i.__0sprintf$4) refers to printf4.o(i._sputc) for _sputc
    printf4.o(i.__0vfprintf$4) refers to printf4.o(i._printf_core) for _printf_core
    printf4.o(i.__0vfprintf$4) refers to main.o(.text.fputc) for fputc
    printf4.o(i.__0vprintf$4) refers to printf4.o(i._printf_core) for _printf_core
    printf4.o(i.__0vprintf$4) refers to main.o(.text.fputc) for fputc
    printf4.o(i.__0vprintf$4) refers to stdout.o(.data) for __stdout
    printf4.o(i.__0vsnprintf$4) refers to printf4.o(i._printf_core) for _printf_core
    printf4.o(i.__0vsnprintf$4) refers to printf4.o(i._snputc) for _snputc
    printf4.o(i.__0vsprintf$4) refers to printf4.o(i._printf_core) for _printf_core
    printf4.o(i.__0vsprintf$4) refers to printf4.o(i._sputc) for _sputc
    printf4.o(i._printf_core) refers to uldiv.o(.text) for __aeabi_uldivmod
    printf5.o(i.__0fprintf$5) refers to printf5.o(i._printf_core) for _printf_core
    printf5.o(i.__0fprintf$5) refers to main.o(.text.fputc) for fputc
    printf5.o(i.__0printf$5) refers to printf5.o(i._printf_core) for _printf_core
    printf5.o(i.__0printf$5) refers to main.o(.text.fputc) for fputc
    printf5.o(i.__0printf$5) refers to stdout.o(.data) for __stdout
    printf5.o(i.__0snprintf$5) refers to printf5.o(i._printf_core) for _printf_core
    printf5.o(i.__0snprintf$5) refers to printf5.o(i._snputc) for _snputc
    printf5.o(i.__0sprintf$5) refers to printf5.o(i._printf_core) for _printf_core
    printf5.o(i.__0sprintf$5) refers to printf5.o(i._sputc) for _sputc
    printf5.o(i.__0vfprintf$5) refers to printf5.o(i._printf_core) for _printf_core
    printf5.o(i.__0vfprintf$5) refers to main.o(.text.fputc) for fputc
    printf5.o(i.__0vprintf$5) refers to printf5.o(i._printf_core) for _printf_core
    printf5.o(i.__0vprintf$5) refers to main.o(.text.fputc) for fputc
    printf5.o(i.__0vprintf$5) refers to stdout.o(.data) for __stdout
    printf5.o(i.__0vsnprintf$5) refers to printf5.o(i._printf_core) for _printf_core
    printf5.o(i.__0vsnprintf$5) refers to printf5.o(i._snputc) for _snputc
    printf5.o(i.__0vsprintf$5) refers to printf5.o(i._printf_core) for _printf_core
    printf5.o(i.__0vsprintf$5) refers to printf5.o(i._sputc) for _sputc
    printf5.o(i._printf_core) refers to uldiv.o(.text) for __aeabi_uldivmod
    printf6.o(i.__0fprintf$6) refers to printf6.o(i._printf_core) for _printf_core
    printf6.o(i.__0fprintf$6) refers to main.o(.text.fputc) for fputc
    printf6.o(i.__0printf$6) refers to printf6.o(i._printf_core) for _printf_core
    printf6.o(i.__0printf$6) refers to main.o(.text.fputc) for fputc
    printf6.o(i.__0printf$6) refers to stdout.o(.data) for __stdout
    printf6.o(i.__0snprintf$6) refers to printf6.o(i._printf_core) for _printf_core
    printf6.o(i.__0snprintf$6) refers to printf6.o(i._snputc) for _snputc
    printf6.o(i.__0sprintf$6) refers to printf6.o(i._printf_core) for _printf_core
    printf6.o(i.__0sprintf$6) refers to printf6.o(i._sputc) for _sputc
    printf6.o(i.__0vfprintf$6) refers to printf6.o(i._printf_core) for _printf_core
    printf6.o(i.__0vfprintf$6) refers to main.o(.text.fputc) for fputc
    printf6.o(i.__0vprintf$6) refers to printf6.o(i._printf_core) for _printf_core
    printf6.o(i.__0vprintf$6) refers to main.o(.text.fputc) for fputc
    printf6.o(i.__0vprintf$6) refers to stdout.o(.data) for __stdout
    printf6.o(i.__0vsnprintf$6) refers to printf6.o(i._printf_core) for _printf_core
    printf6.o(i.__0vsnprintf$6) refers to printf6.o(i._snputc) for _snputc
    printf6.o(i.__0vsprintf$6) refers to printf6.o(i._printf_core) for _printf_core
    printf6.o(i.__0vsprintf$6) refers to printf6.o(i._sputc) for _sputc
    printf6.o(i._printf_core) refers to printf6.o(i._printf_pre_padding) for _printf_pre_padding
    printf6.o(i._printf_core) refers to uidiv.o(.text) for __aeabi_uidivmod
    printf6.o(i._printf_core) refers to printf6.o(i._printf_post_padding) for _printf_post_padding
    printf7.o(i.__0fprintf$7) refers to printf7.o(i._printf_core) for _printf_core
    printf7.o(i.__0fprintf$7) refers to main.o(.text.fputc) for fputc
    printf7.o(i.__0printf$7) refers to printf7.o(i._printf_core) for _printf_core
    printf7.o(i.__0printf$7) refers to main.o(.text.fputc) for fputc
    printf7.o(i.__0printf$7) refers to stdout.o(.data) for __stdout
    printf7.o(i.__0snprintf$7) refers to printf7.o(i._printf_core) for _printf_core
    printf7.o(i.__0snprintf$7) refers to printf7.o(i._snputc) for _snputc
    printf7.o(i.__0sprintf$7) refers to printf7.o(i._printf_core) for _printf_core
    printf7.o(i.__0sprintf$7) refers to printf7.o(i._sputc) for _sputc
    printf7.o(i.__0vfprintf$7) refers to printf7.o(i._printf_core) for _printf_core
    printf7.o(i.__0vfprintf$7) refers to main.o(.text.fputc) for fputc
    printf7.o(i.__0vprintf$7) refers to printf7.o(i._printf_core) for _printf_core
    printf7.o(i.__0vprintf$7) refers to main.o(.text.fputc) for fputc
    printf7.o(i.__0vprintf$7) refers to stdout.o(.data) for __stdout
    printf7.o(i.__0vsnprintf$7) refers to printf7.o(i._printf_core) for _printf_core
    printf7.o(i.__0vsnprintf$7) refers to printf7.o(i._snputc) for _snputc
    printf7.o(i.__0vsprintf$7) refers to printf7.o(i._printf_core) for _printf_core
    printf7.o(i.__0vsprintf$7) refers to printf7.o(i._sputc) for _sputc
    printf7.o(i._printf_core) refers to printf7.o(i._printf_pre_padding) for _printf_pre_padding
    printf7.o(i._printf_core) refers to uldiv.o(.text) for __aeabi_uldivmod
    printf7.o(i._printf_core) refers to printf7.o(i._printf_post_padding) for _printf_post_padding
    printf8.o(i.__0fprintf$8) refers to printf8.o(i._printf_core) for _printf_core
    printf8.o(i.__0fprintf$8) refers to main.o(.text.fputc) for fputc
    printf8.o(i.__0printf$8) refers to printf8.o(i._printf_core) for _printf_core
    printf8.o(i.__0printf$8) refers to main.o(.text.fputc) for fputc
    printf8.o(i.__0printf$8) refers to stdout.o(.data) for __stdout
    printf8.o(i.__0snprintf$8) refers to printf8.o(i._printf_core) for _printf_core
    printf8.o(i.__0snprintf$8) refers to printf8.o(i._snputc) for _snputc
    printf8.o(i.__0sprintf$8) refers to printf8.o(i._printf_core) for _printf_core
    printf8.o(i.__0sprintf$8) refers to printf8.o(i._sputc) for _sputc
    printf8.o(i.__0vfprintf$8) refers to printf8.o(i._printf_core) for _printf_core
    printf8.o(i.__0vfprintf$8) refers to main.o(.text.fputc) for fputc
    printf8.o(i.__0vprintf$8) refers to printf8.o(i._printf_core) for _printf_core
    printf8.o(i.__0vprintf$8) refers to main.o(.text.fputc) for fputc
    printf8.o(i.__0vprintf$8) refers to stdout.o(.data) for __stdout
    printf8.o(i.__0vsnprintf$8) refers to printf8.o(i._printf_core) for _printf_core
    printf8.o(i.__0vsnprintf$8) refers to printf8.o(i._snputc) for _snputc
    printf8.o(i.__0vsprintf$8) refers to printf8.o(i._printf_core) for _printf_core
    printf8.o(i.__0vsprintf$8) refers to printf8.o(i._sputc) for _sputc
    printf8.o(i._printf_core) refers to printf8.o(i._printf_pre_padding) for _printf_pre_padding
    printf8.o(i._printf_core) refers to uldiv.o(.text) for __aeabi_uldivmod
    printf8.o(i._printf_core) refers to printf8.o(i._printf_post_padding) for _printf_post_padding
    printfa.o(i.__0fprintf) refers (Special) to iusefp.o(.text) for __I$use$fp
    printfa.o(i.__0fprintf) refers to printfa.o(i._printf_core) for _printf_core
    printfa.o(i.__0fprintf) refers to main.o(.text.fputc) for fputc
    printfa.o(i.__0printf) refers (Special) to iusefp.o(.text) for __I$use$fp
    printfa.o(i.__0printf) refers to printfa.o(i._printf_core) for _printf_core
    printfa.o(i.__0printf) refers to main.o(.text.fputc) for fputc
    printfa.o(i.__0printf) refers to stdout.o(.data) for __stdout
    printfa.o(i.__0snprintf) refers (Special) to iusefp.o(.text) for __I$use$fp
    printfa.o(i.__0snprintf) refers to printfa.o(i._printf_core) for _printf_core
    printfa.o(i.__0snprintf) refers to printfa.o(i._snputc) for _snputc
    printfa.o(i.__0sprintf) refers (Special) to iusefp.o(.text) for __I$use$fp
    printfa.o(i.__0sprintf) refers to printfa.o(i._printf_core) for _printf_core
    printfa.o(i.__0sprintf) refers to printfa.o(i._sputc) for _sputc
    printfa.o(i.__0vfprintf) refers (Special) to iusefp.o(.text) for __I$use$fp
    printfa.o(i.__0vfprintf) refers to printfa.o(i._printf_core) for _printf_core
    printfa.o(i.__0vfprintf) refers to main.o(.text.fputc) for fputc
    printfa.o(i.__0vprintf) refers (Special) to iusefp.o(.text) for __I$use$fp
    printfa.o(i.__0vprintf) refers to printfa.o(i._printf_core) for _printf_core
    printfa.o(i.__0vprintf) refers to main.o(.text.fputc) for fputc
    printfa.o(i.__0vprintf) refers to stdout.o(.data) for __stdout
    printfa.o(i.__0vsnprintf) refers (Special) to iusefp.o(.text) for __I$use$fp
    printfa.o(i.__0vsnprintf) refers to printfa.o(i._printf_core) for _printf_core
    printfa.o(i.__0vsnprintf) refers to printfa.o(i._snputc) for _snputc
    printfa.o(i.__0vsprintf) refers (Special) to iusefp.o(.text) for __I$use$fp
    printfa.o(i.__0vsprintf) refers to printfa.o(i._printf_core) for _printf_core
    printfa.o(i.__0vsprintf) refers to printfa.o(i._sputc) for _sputc
    printfa.o(i._fp_digits) refers (Special) to iusefp.o(.text) for __I$use$fp
    printfa.o(i._fp_digits) refers to dmul.o(.text) for __aeabi_dmul
    printfa.o(i._fp_digits) refers to ddiv.o(.text) for __aeabi_ddiv
    printfa.o(i._fp_digits) refers to cdrcmple.o(.text) for __aeabi_cdrcmple
    printfa.o(i._fp_digits) refers to dadd.o(.text) for __aeabi_dadd
    printfa.o(i._fp_digits) refers to dfixul.o(.text) for __aeabi_d2ulz
    printfa.o(i._fp_digits) refers to uldiv.o(.text) for __aeabi_uldivmod
    printfa.o(i._printf_core) refers (Special) to iusefp.o(.text) for __I$use$fp
    printfa.o(i._printf_core) refers to printfa.o(i._printf_pre_padding) for _printf_pre_padding
    printfa.o(i._printf_core) refers to uldiv.o(.text) for __aeabi_uldivmod
    printfa.o(i._printf_core) refers to printfa.o(i._printf_post_padding) for _printf_post_padding
    printfa.o(i._printf_core) refers to printfa.o(i._fp_digits) for _fp_digits
    printfa.o(i._printf_core) refers to uidiv.o(.text) for __aeabi_uidivmod
    printfa.o(i._printf_post_padding) refers (Special) to iusefp.o(.text) for __I$use$fp
    printfa.o(i._printf_pre_padding) refers (Special) to iusefp.o(.text) for __I$use$fp
    printfa.o(i._snputc) refers (Special) to iusefp.o(.text) for __I$use$fp
    printfa.o(i._sputc) refers (Special) to iusefp.o(.text) for __I$use$fp
    dadd.o(.text) refers (Special) to iusefp.o(.text) for __I$use$fp
    dadd.o(.text) refers to llshl.o(.text) for __aeabi_llsl
    dadd.o(.text) refers to llsshr.o(.text) for __aeabi_lasr
    dadd.o(.text) refers to depilogue.o(.text) for _double_epilogue
    dmul.o(.text) refers (Special) to iusefp.o(.text) for __I$use$fp
    dmul.o(.text) refers to depilogue.o(.text) for _double_epilogue
    ddiv.o(.text) refers (Special) to iusefp.o(.text) for __I$use$fp
    ddiv.o(.text) refers to depilogue.o(.text) for _double_round
    dflti.o(.text) refers (Special) to iusefp.o(.text) for __I$use$fp
    dflti.o(.text) refers to depilogue.o(.text) for _double_epilogue
    dfixi.o(.text) refers (Special) to iusefp.o(.text) for __I$use$fp
    dfixi.o(.text) refers to llushr.o(.text) for __aeabi_llsr
    cos_i.o(i.__kernel_cos) refers (Special) to iusefp.o(.text) for __I$use$fp
    cos_i.o(i.__kernel_cos) refers to dfixi.o(.text) for __aeabi_d2iz
    cos_i.o(i.__kernel_cos) refers to dmul.o(.text) for __aeabi_dmul
    cos_i.o(i.__kernel_cos) refers to poly.o(i.__kernel_poly) for __kernel_poly
    cos_i.o(i.__kernel_cos) refers to dadd.o(.text) for __aeabi_dsub
    cos_i.o(i.__kernel_cos) refers to cos_i.o(.constdata) for .constdata
    cos_i.o(.constdata) refers (Special) to iusefp.o(.text) for __I$use$fp
    dunder.o(i.__mathlib_dbl_divzero) refers to ddiv.o(.text) for __aeabi_ddiv
    dunder.o(i.__mathlib_dbl_infnan) refers to dadd.o(.text) for __aeabi_dadd
    dunder.o(i.__mathlib_dbl_infnan2) refers to dadd.o(.text) for __aeabi_dadd
    dunder.o(i.__mathlib_dbl_invalid) refers to ddiv.o(.text) for __aeabi_ddiv
    dunder.o(i.__mathlib_dbl_overflow) refers to dmul.o(.text) for __aeabi_dmul
    dunder.o(i.__mathlib_dbl_posinfnan) refers to dmul.o(.text) for __aeabi_dmul
    dunder.o(i.__mathlib_dbl_underflow) refers to dmul.o(.text) for __aeabi_dmul
    rred.o(i.__ieee754_rem_pio2) refers (Special) to iusefp.o(.text) for __I$use$fp
    rred.o(i.__ieee754_rem_pio2) refers to dadd.o(.text) for __aeabi_dsub
    rred.o(i.__ieee754_rem_pio2) refers to fabs.o(i.fabs) for fabs
    rred.o(i.__ieee754_rem_pio2) refers to dmul.o(.text) for __aeabi_dmul
    rred.o(i.__ieee754_rem_pio2) refers to dfixi.o(.text) for __aeabi_d2iz
    rred.o(i.__ieee754_rem_pio2) refers to dflti.o(.text) for __aeabi_i2d
    rred.o(i.__ieee754_rem_pio2) refers to dfltui.o(.text) for __aeabi_ui2d
    rred.o(i.__ieee754_rem_pio2) refers to rred.o(.constdata) for .constdata
    rred.o(i.__use_accurate_range_reduction) refers (Special) to iusefp.o(.text) for __I$use$fp
    rred.o(.constdata) refers (Special) to iusefp.o(.text) for __I$use$fp
    sin_i.o(i.__kernel_sin) refers (Special) to iusefp.o(.text) for __I$use$fp
    sin_i.o(i.__kernel_sin) refers to fpclassify.o(i.__ARM_fpclassify) for __ARM_fpclassify
    sin_i.o(i.__kernel_sin) refers to dunder.o(i.__mathlib_dbl_underflow) for __mathlib_dbl_underflow
    sin_i.o(i.__kernel_sin) refers to dmul.o(.text) for __aeabi_dmul
    sin_i.o(i.__kernel_sin) refers to poly.o(i.__kernel_poly) for __kernel_poly
    sin_i.o(i.__kernel_sin) refers to dadd.o(.text) for __aeabi_dsub
    sin_i.o(i.__kernel_sin) refers to sin_i.o(.constdata) for .constdata
    sin_i.o(.constdata) refers (Special) to iusefp.o(.text) for __I$use$fp
    entry2.o(.ARM.Collect$$$$00000001) refers to entry2.o(.ARM.Collect$$$$00002712) for __lit__00000000
    entry2.o(.ARM.Collect$$$$00002712) refers to startup_stm32g474xx.o(STACK) for __initial_sp
    entry2.o(__vectab_stack_and_reset_area) refers to startup_stm32g474xx.o(STACK) for __initial_sp
    entry2.o(__vectab_stack_and_reset_area) refers to entry.o(.ARM.Collect$$$$00000000) for __main
    entry5.o(.ARM.Collect$$$$00000004) refers to init.o(.text) for __scatterload
    entry9a.o(.ARM.Collect$$$$0000000B) refers to main.o(.text.main) for main
    entry9b.o(.ARM.Collect$$$$0000000C) refers to main.o(.text.main) for main
    errno.o(i.__aeabi_errno_addr) refers to errno.o(.data) for .data
    errno.o(i.__read_errno) refers to errno.o(.data) for .data
    errno.o(i.__set_errno) refers to errno.o(.data) for .data
    depilogue.o(.text) refers (Special) to iusefp.o(.text) for __I$use$fp
    depilogue.o(.text) refers to llshl.o(.text) for __aeabi_llsl
    depilogue.o(.text) refers to llushr.o(.text) for __aeabi_llsr
    dneg.o(.text) refers (Special) to iusefp.o(.text) for __I$use$fp
    dfixul.o(.text) refers (Special) to iusefp.o(.text) for __I$use$fp
    dfixul.o(.text) refers to llushr.o(.text) for __aeabi_llsr
    dfixul.o(.text) refers to llshl.o(.text) for __aeabi_llsl
    cdrcmple.o(.text) refers (Special) to iusefp.o(.text) for __I$use$fp
    fabs.o(i.__hardfp_fabs) refers (Special) to iusefp.o(.text) for __I$use$fp
    fabs.o(i.__softfp_fabs) refers (Special) to iusefp.o(.text) for __I$use$fp
    fabs.o(i.fabs) refers (Special) to iusefp.o(.text) for __I$use$fp
    fpclassify.o(i.__ARM_fpclassify) refers (Special) to iusefp.o(.text) for __I$use$fp
    poly.o(i.__kernel_poly) refers (Special) to iusefp.o(.text) for __I$use$fp
    poly.o(i.__kernel_poly) refers to dmul.o(.text) for __aeabi_dmul
    poly.o(i.__kernel_poly) refers to dadd.o(.text) for __aeabi_dadd
    init.o(.text) refers to entry5.o(.ARM.Collect$$$$00000004) for __main_after_scatterload
    dfltui.o(.text) refers (Special) to iusefp.o(.text) for __I$use$fp
    dfltui.o(.text) refers to depilogue.o(.text) for _double_epilogue

