<html>
<body>
<pre>
<h1>µVision Build Log</h1>
<h2>Tool Versions:</h2>
IDE-Version: ¦ÌVision V5.40.0.0
Copyright (C) 2024 ARM Ltd and ARM Germany GmbH. All rights reserved.
License Information: Fin Andcher, Yep, LIC=14HV2-921U3-MMX9I-TKGXZ-VNY0V-WQA17
 
Tool Versions:
Toolchain:       MDK-ARM Plus  Version: 5.40.0.3
Toolchain Path:  D:\Intellegent Hardware\MDK\Keil-MDK\ARM\ARMCLANG\Bin
C Compiler:      ArmClang.exe V6.22
Assembler:       Armasm.exe V6.22
Linker/Locator:  ArmLink.exe V6.22
Library Manager: ArmAr.exe V6.22
Hex Converter:   FromElf.exe V6.22
CPU DLL:         SARMCM3.DLL V5.40.0.3
Dialog DLL:      DCM.DLL V1.17.5.0
Target DLL:      CMSIS_AGDI.dll V1.33.18.0
Dialog DLL:      TCM.DLL V1.56.4.0
 
<h2>Project:</h2>
D:\Intellegent Hardware\Project\G474VET6-Display\MDK-ARM\G474VET6-Display.uvprojx
Project File Date:  07/13/2024

<h2>Output:</h2>
*** Using Compiler 'V6.22', folder: 'D:\Intellegent Hardware\MDK\Keil-MDK\ARM\ARMCLANG\Bin'
Rebuild target 'G474VET6-Display'
compiling stm32g4xx_it.c...
assembling startup_stm32g474xx.s...
compiling Pic.c...
compiling function.c...
compiling stm32g4xx_hal_tim_ex.c...
compiling stm32g4xx_hal_tim.c...
compiling stm32g4xx_hal_msp.c...
compiling stm32g4xx_hal.c...
../Core/Src/main.c(112): warning: illegal character encoding in string literal [-Winvalid-source-encoding]
  112 |         LCD_PutString(100, 140, "<D0><EC>Î°<C1><E8>", Black, White, 0);
      |                                  ^~~~~~~~ ~~~~~~~~
../Core/Src/main.c(113): warning: illegal character encoding in string literal [-Winvalid-source-encoding]
  113 |         LCD_PutString(100, 160, "<B2><DC>  <C8><D9>", Black, White, 0);
      |                                  ^~~~~~~~  ~~~~~~~~
../Core/Src/main.c(114): warning: illegal character encoding in string literal [-Winvalid-source-encoding]
  114 |         LCD_PutString(100, 180, "<D2><D7>  <95>F", Black, White, 0);
      |                                  ^~~~~~~~  ~~~~
3 warnings generated.
compiling main.c...
compiling stm32g4xx_hal_pwr_ex.c...
compiling stm32g4xx_hal_uart_ex.c...
compiling stm32g4xx_hal_rcc.c...
compiling stm32g4xx_hal_rcc_ex.c...
compiling stm32g4xx_hal_flash.c...
compiling stm32g4xx_hal_flash_ex.c...
compiling stm32g4xx_hal_flash_ramfunc.c...
compiling stm32g4xx_hal_gpio.c...
compiling stm32g4xx_hal_dma_ex.c...
compiling stm32g4xx_hal_exti.c...
compiling stm32g4xx_hal_pwr.c...
compiling stm32g4xx_hal_dma.c...
compiling system_stm32g4xx.c...
compiling stm32g4xx_hal_uart.c...
compiling stm32g4xx_hal_cortex.c...
../Core/Src/LCD.c(5): warning: In file included from...
../Core/Inc\GB1616.h(14): warning: illegal character encoding in string literal [-Winvalid-source-encoding]
   14 | "<C9><EE>", 0x00,0x00,0x47,0xFE,0x34,0x02,0x18,0xA4,
      |  ^~~~~~~~
../Core/Inc\GB1616.h(19): warning: illegal character encoding in string literal [-Winvalid-source-encoding]
   19 | "<DB><DA>", 0x10,0x04,0x11,0x04,0x11,0x24,0x11,0x24,
      |  ^~~~~~~~
../Core/Inc\GB1616.h(24): warning: illegal character encoding in string literal [-Winvalid-source-encoding]
   24 | "<CA><D0>", 0x02,0x00,0x01,0x00,0x00,0x04,0xFF,0xFE,
      |  ^~~~~~~~
../Core/Inc\GB1616.h(29): warning: illegal character encoding in string literal [-Winvalid-source-encoding]
   29 | "<BA><C3>", 0x10,0x00,0x11,0xFC,0x10,0x04,0x10,0x08,
      |  ^~~~~~~~
../Core/Inc\GB1616.h(34): warning: illegal character encoding in string literal [-Winvalid-source-encoding]
   34 | "<EE><D2>", 0x10,0x08,0x15,0xFC,0x1F,0x00,0x21,0x00,
      |  ^~~~~~~~
../Core/Inc\GB1616.h(39): warning: illegal character encoding in string literal [-Winvalid-source-encoding]
   39 | "<C8><F3>", 0x04,0x04,0x43,0x7E,0x31,0x04,0x14,0x24,
      |  ^~~~~~~~
../Core/Inc\GB1616.h(44): warning: illegal character encoding in string literal [-Winvalid-source-encoding]
   44 | "<BF><C6>", 0x04,0x10,0x0E,0x10,0xF8,0x90,0x08,0x50,
      |  ^~~~~~~~
../Core/Inc\GB1616.h(49): warning: illegal character encoding in string literal [-Winvalid-source-encoding]
   49 | "<BC><BC>", 0x10,0x40,0x10,0x40,0x10,0x48,0x13,0xFC,
      |  ^~~~~~~~
../Core/Inc\GB1616.h(54): warning: illegal character encoding in string literal [-Winvalid-source-encoding]
   54 | "<D3><D0>", 0x02,0x00,0x02,0x04,0xFF,0xFE,0x04,0x00,
      |  ^~~~~~~~
../Core/Inc\GB1616.h(59): warning: illegal character encoding in string literal [-Winvalid-source-encoding]
   59 | "<CF><DE>", 0x00,0x08,0x7D,0xFC,0x45,0x08,0x49,0x08,
      |  ^~~~~~~~
../Core/Inc\GB1616.h(64): warning: illegal character encoding in string literal [-Winvalid-source-encoding]
   64 | "<B9><AB>", 0x00,0x00,0x00,0x80,0x04,0x80,0x04,0x40,
      |  ^~~~~~~~
../Core/Inc\GB1616.h(74): warning: illegal character encoding in string literal [-Winvalid-source-encoding]
   74 | "<A3><BA>", 0x00,0x00,0x00,0x00,0x00,0x00,0x00,0x00,
      |  ^~~~~~~~
../Core/Inc\GB1616.h(84): warning: illegal character encoding in string literal [-Winvalid-source-encoding]
   84 | "<B3><D6>", 0x10,0x40,0x10,0x40,0x10,0x50,0x13,0xF8,
      |  ^~~~~~~~
../Core/Inc\GB1616.h(89): warning: illegal character encoding in string literal [-Winvalid-source-encoding]
   89 | "<BA><E1>", 0x11,0x10,0x11,0x10,0x17,0xFC,0x11,0x10,
      |  ^~~~~~~~
../Core/Inc\GB1616.h(94): warning: illegal character encoding in string literal [-Winvalid-source-encoding]
   94 | "<CA><FA>", 0x04,0x00,0x25,0xFC,0x25,0x04,0x24,0x88,
      |  ^~~~~~~~
../Core/Inc\GB1616.h(99): warning: illegal character encoding in string literal [-Winvalid-source-encoding]
   99 | "<C6><C1>", 0x00,0x08,0x3F,0xFC,0x20,0x08,0x20,0x08,
      |  ^~~~~~~~
../Core/Inc\GB1616.h(104): warning: illegal character encoding in string literal [-Winvalid-source-encoding]
  104 | "<B5><E7>", 0x02,0x00,0x02,0x00,0x02,0x10,0x7F,0xF8,
      |  ^~~~~~~~
../Core/Inc\GB1616.h(109): warning: illegal character encoding in string literal [-Winvalid-source-encoding]
  109 | "<BB><B0>", 0x00,0x10,0x40,0x38,0x33,0xC0,0x10,0x40,
      |  ^~~~~~~~
../Core/Inc\GB1616.h(114): warning: illegal character encoding in string literal [-Winvalid-source-encoding]
  114 | "<B4><E7>", 0x00,0x40,0x00,0x40,0x00,0x40,0x00,0x44,
      |  ^~~~~~~~
../Core/Inc\GB1616.h(119): warning: illegal character encoding in string literal [-Winvalid-source-encoding]
  119 | "<C8><DD>", 0x02,0x00,0x01,0x00,0x7F,0xFE,0x40,0x02,
      |  ^~~~~~~~
../Core/Inc\GB1616.h(124): warning: illegal character encoding in string literal [-Winvalid-source-encoding]
  124 | "<B4><A5>", 0x20,0x20,0x20,0x20,0x3C,0x20,0x48,0x24,
      |  ^~~~~~~~
../Core/Inc\GB1616.h(129): warning: illegal character encoding in string literal [-Winvalid-source-encoding]
  129 | "<C3><FE>", 0x11,0x10,0x11,0x14,0x1F,0xFE,0x11,0x10,
      |  ^~~~~~~~
../Core/Inc\GB1616.h(134): warning: illegal character encoding in string literal [-Winvalid-source-encoding]
  134 | "<BB><AD>", 0x00,0x08,0x7F,0xFC,0x00,0x10,0x1F,0xF8,
      |  ^~~~~~~~
../Core/Inc\GB1616.h(139): warning: illegal character encoding in string literal [-Winvalid-source-encoding]
  139 | "<B0><E5>", 0x10,0x08,0x10,0x1C,0x11,0xE0,0x11,0x00,
      |  ^~~~~~~~
../Core/Inc\GB1616.h(144): warning: illegal character encoding in string literal [-Winvalid-source-encoding]
  144 | "<A3><AC>", 0x00,0x00,0x00,0x00,0x00,0x00,0x00,0x00,
      |  ^~~~~~~~
../Core/Inc\GB1616.h(149): warning: illegal character encoding in string literal [-Winvalid-source-encoding]
  149 | "<B0><B4>", 0x10,0x40,0x10,0x20,0x10,0x00,0x13,0xFE,
      |  ^~~~~~~~
../Core/Inc\GB1616.h(154): warning: illegal character encoding in string literal [-Winvalid-source-encoding]
  154 | "<CE><E5>", 0x00,0x00,0x00,0x08,0x7F,0xFC,0x02,0x00,
      |  ^~~~~~~~
../Core/Inc\GB1616.h(159): warning: illegal character encoding in string literal [-Winvalid-source-encoding]
  159 | "<CF><F2>", 0x02,0x00,0x04,0x00,0x08,0x04,0x7F,0xFE,
      |  ^~~~~~~~
../Core/Inc\GB1616.h(164): warning: illegal character encoding in string literal [-Winvalid-source-encoding]
  164 | "<BC><FC>", 0x20,0x10,0x27,0x10,0x39,0x7C,0x41,0x14,
      |  ^~~~~~~~
../Core/Inc\GB1616.h(169): warning: illegal character encoding in string literal [-Winvalid-source-encoding]
  169 | "<B5><C4>", 0x10,0x40,0x10,0x40,0x22,0x44,0x7F,0x7E,
      |  ^~~~~~~~
../Core/Inc\GB1616.h(174): warning: illegal character encoding in string literal [-Winvalid-source-encoding]
  174 | "<A1><B0>", 0x00,0x00,0x00,0x00,0x00,0x21,0x00,0xC6,
      |  ^~~~~~~~
../Core/Inc\GB1616.h(179): warning: illegal character encoding in string literal [-Winvalid-source-encoding]
  179 | "<D6><D0>", 0x01,0x00,0x01,0x00,0x01,0x04,0x7F,0xFE,
      |  ^~~~~~~~
../Core/Inc\GB1616.h(184): warning: illegal character encoding in string literal [-Winvalid-source-encoding]
  184 | "<A1><B1>", 0x00,0x00,0x18,0xC0,0x3D,0xE0,0x3D,0xE0,
      |  ^~~~~~~~
../Core/Inc\GB1616.h(189): warning: illegal character encoding in string literal [-Winvalid-source-encoding]
  189 | "<C7><E5>", 0x00,0x40,0x40,0x48,0x37,0xFC,0x10,0x40,
      |  ^~~~~~~~
../Core/Inc\GB1616.h(194): warning: illegal character encoding in string literal [-Winvalid-source-encoding]
  194 | "<D0><EC>", 0x10,0x40,0x10,0x40,0x20,0xA0,0x41,0x10,
      |  ^~~~~~~~
../Core/Inc\GB1616.h(204): warning: illegal character encoding in string literal [-Winvalid-source-encoding]
  204 | "<C1><E8>", 0x00,0x40,0x40,0x40,0x23,0xF8,0x20,0x40,
      |  ^~~~~~~~
../Core/Inc\GB1616.h(209): warning: illegal character encoding in string literal [-Winvalid-source-encoding]
  209 | "<B2><DC>", 0x04,0x40,0x04,0x40,0xFF,0xFE,0x04,0x40,
      |  ^~~~~~~~
../Core/Inc\GB1616.h(214): warning: illegal character encoding in string literal [-Winvalid-source-encoding]
  214 | "<C8><D9>", 0x08,0x20,0x08,0x20,0xFF,0xFE,0x08,0x20,
      |  ^~~~~~~~
../Core/Inc\GB1616.h(219): warning: illegal character encoding in string literal [-Winvalid-source-encoding]
  219 | "<D2><D7>", 0x0F,0xF0,0x08,0x10,0x08,0x10,0x0F,0xF0,
      |  ^~~~~~~~
../Core/Inc\GB1616.h(224): warning: illegal character encoding in string literal [-Winvalid-source-encoding]
  224 | "<95>F", 0x1F,0xF0,0x10,0x10,0x10,0x10,0x1F,0xF0,
      |  ^~~~
40 warnings generated.
compiling LCD.c...
linking...
Program Size: Code=51024 RO-data=16724 RW-data=12 ZI-data=2260  
FromELF: creating hex file...
"G474VET6-Display\G474VET6-Display.axf" - 0 Error(s), 43 Warning(s).

<h2>Software Packages used:</h2>

Package Vendor: ARM
                https://www.keil.com/pack/ARM.CMSIS.6.1.0.pack
                ARM::CMSIS@6.1.0
                CMSIS (Common Microcontroller Software Interface Standard)
   * Component: CORE Version: 6.1.0

Package Vendor: Keil
                https://www.keil.com/pack/Keil.STM32G4xx_DFP.1.6.0.pack
                Keil::STM32G4xx_DFP@1.6.0
                STMicroelectronics STM32G4 Series Device Support, Drivers and Examples

<h2>Collection of Component include folders:</h2>
  ./RTE/_G474VET6-Display
  D:/Intellegent Hardware/MDK/Keil-MDK Pack/ARM/CMSIS/6.1.0/CMSIS/Core/Include
  D:/Intellegent Hardware/MDK/Keil-MDK Pack/Keil/STM32G4xx_DFP/1.6.0/Drivers/CMSIS/Device/ST/STM32G4xx/Include

<h2>Collection of Component Files used:</h2>

   * Component: ARM::CMSIS:CORE@6.1.0
Build Time Elapsed:  00:00:03
</pre>
</body>
</html>
