Component: Arm Compiler for Embedded 6.22 Tool: armlink [5ee90200]

==============================================================================

Section Cross References

    startup_stm32g474xx.o(STACK) refers (Special) to heapauxi.o(.text) for __use_two_region_memory
    startup_stm32g474xx.o(HEAP) refers (Special) to heapauxi.o(.text) for __use_two_region_memory
    startup_stm32g474xx.o(RESET) refers (Special) to heapauxi.o(.text) for __use_two_region_memory
    startup_stm32g474xx.o(RESET) refers to startup_stm32g474xx.o(STACK) for __initial_sp
    startup_stm32g474xx.o(RESET) refers to startup_stm32g474xx.o(.text) for Reset_Handler
    startup_stm32g474xx.o(RESET) refers to stm32g4xx_it.o(.text.NMI_Handler) for NMI_Handler
    startup_stm32g474xx.o(RESET) refers to stm32g4xx_it.o(.text.HardFault_Handler) for HardFault_Handler
    startup_stm32g474xx.o(RESET) refers to stm32g4xx_it.o(.text.MemManage_Handler) for MemManage_Handler
    startup_stm32g474xx.o(RESET) refers to stm32g4xx_it.o(.text.BusFault_Handler) for BusFault_Handler
    startup_stm32g474xx.o(RESET) refers to stm32g4xx_it.o(.text.UsageFault_Handler) for UsageFault_Handler
    startup_stm32g474xx.o(RESET) refers to stm32g4xx_it.o(.text.SVC_Handler) for SVC_Handler
    startup_stm32g474xx.o(RESET) refers to stm32g4xx_it.o(.text.DebugMon_Handler) for DebugMon_Handler
    startup_stm32g474xx.o(RESET) refers to stm32g4xx_it.o(.text.PendSV_Handler) for PendSV_Handler
    startup_stm32g474xx.o(RESET) refers to stm32g4xx_it.o(.text.SysTick_Handler) for SysTick_Handler
    startup_stm32g474xx.o(.text) refers (Special) to heapauxi.o(.text) for __use_two_region_memory
    startup_stm32g474xx.o(.text) refers to system_stm32g4xx.o(.text.SystemInit) for SystemInit
    startup_stm32g474xx.o(.text) refers to __main.o(!!!main) for __main
    startup_stm32g474xx.o(.text) refers to startup_stm32g474xx.o(HEAP) for Heap_Mem
    startup_stm32g474xx.o(.text) refers to startup_stm32g474xx.o(STACK) for Stack_Mem
    lcd.o(.text.LCD_GPIO_Config) refers to stm32g4xx_hal_gpio.o(.text.HAL_GPIO_Init) for HAL_GPIO_Init
    lcd.o(.text.LCD_GPIO_Config) refers to stm32g4xx_hal_gpio.o(.text.HAL_GPIO_WritePin) for HAL_GPIO_WritePin
    lcd.o(.ARM.exidx.text.LCD_GPIO_Config) refers to lcd.o(.text.LCD_GPIO_Config) for [Anonymous Symbol]
    lcd.o(.text.Lcd_Reset) refers to stm32g4xx_hal.o(.text.HAL_Delay) for HAL_Delay
    lcd.o(.ARM.exidx.text.Lcd_Reset) refers to lcd.o(.text.Lcd_Reset) for [Anonymous Symbol]
    lcd.o(.ARM.exidx.text.LCD_delay) refers to lcd.o(.text.LCD_delay) for [Anonymous Symbol]
    lcd.o(.ARM.exidx.text.LCD_WriteByteSPI) refers to lcd.o(.text.LCD_WriteByteSPI) for [Anonymous Symbol]
    lcd.o(.ARM.exidx.text.LCD_WriteRegIndex) refers to lcd.o(.text.LCD_WriteRegIndex) for [Anonymous Symbol]
    lcd.o(.ARM.exidx.text.LCD_WriteData) refers to lcd.o(.text.LCD_WriteData) for [Anonymous Symbol]
    lcd.o(.text.LCD_WR_REG) refers to lcd.o(.text.LCD_WriteRegIndex) for LCD_WriteRegIndex
    lcd.o(.text.LCD_WR_REG) refers to lcd.o(.text.LCD_WriteData) for LCD_WriteData
    lcd.o(.ARM.exidx.text.LCD_WR_REG) refers to lcd.o(.text.LCD_WR_REG) for [Anonymous Symbol]
    lcd.o(.text.Lcd_SetCursor) refers to lcd.o(.text.LCD_WriteData) for LCD_WriteData
    lcd.o(.ARM.exidx.text.Lcd_SetCursor) refers to lcd.o(.text.Lcd_SetCursor) for [Anonymous Symbol]
    lcd.o(.text.BlockWrite) refers to lcd.o(.text.LCD_WriteData) for LCD_WriteData
    lcd.o(.text.BlockWrite) refers to lcd.o(.text.Lcd_SetCursor) for Lcd_SetCursor
    lcd.o(.ARM.exidx.text.BlockWrite) refers to lcd.o(.text.BlockWrite) for [Anonymous Symbol]
    lcd.o(.text.Lcd_ColorBox) refers to lcd.o(.text.BlockWrite) for BlockWrite
    lcd.o(.ARM.exidx.text.Lcd_ColorBox) refers to lcd.o(.text.Lcd_ColorBox) for [Anonymous Symbol]
    lcd.o(.text.LCD_Initial) refers to stm32g4xx_hal.o(.text.HAL_Delay) for HAL_Delay
    lcd.o(.ARM.exidx.text.LCD_Initial) refers to lcd.o(.text.LCD_Initial) for [Anonymous Symbol]
    lcd.o(.text.LCD_Fill_Pic) refers to lcd.o(.text.BlockWrite) for BlockWrite
    lcd.o(.ARM.exidx.text.LCD_Fill_Pic) refers to lcd.o(.text.LCD_Fill_Pic) for [Anonymous Symbol]
    lcd.o(.text.DrawPixel) refers to lcd.o(.text.BlockWrite) for BlockWrite
    lcd.o(.ARM.exidx.text.DrawPixel) refers to lcd.o(.text.DrawPixel) for [Anonymous Symbol]
    lcd.o(.text.SPILCD_ShowChar) refers to lcd.o(.rodata.nAsciiDot) for nAsciiDot
    lcd.o(.text.SPILCD_ShowChar) refers to lcd.o(.text.BlockWrite) for BlockWrite
    lcd.o(.ARM.exidx.text.SPILCD_ShowChar) refers to lcd.o(.text.SPILCD_ShowChar) for [Anonymous Symbol]
    lcd.o(.text.PutGB1616) refers to lcd.o(.rodata.codeGB_16) for codeGB_16
    lcd.o(.text.PutGB1616) refers to lcd.o(.text.BlockWrite) for BlockWrite
    lcd.o(.ARM.exidx.text.PutGB1616) refers to lcd.o(.text.PutGB1616) for [Anonymous Symbol]
    lcd.o(.text.LCD_PutString) refers to lcd.o(.text.PutGB1616) for PutGB1616
[...]
    Removing stm32g4xx_hal_gpio.o(.text.HAL_GPIO_EXTI_Callback), (2 bytes).
    Removing stm32g4xx_hal_gpio.o(.ARM.exidx.text.HAL_GPIO_EXTI_Callback), (8 bytes).
    Removing stm32g4xx_hal_exti.o(.text), (0 bytes).
    Removing stm32g4xx_hal_exti.o(.text.HAL_EXTI_SetConfigLine), (216 bytes).
    Removing stm32g4xx_hal_exti.o(.ARM.exidx.text.HAL_EXTI_SetConfigLine), (8 bytes).
    Removing stm32g4xx_hal_exti.o(.text.HAL_EXTI_GetConfigLine), (164 bytes).
    Removing stm32g4xx_hal_exti.o(.ARM.exidx.text.HAL_EXTI_GetConfigLine), (8 bytes).
    Removing stm32g4xx_hal_exti.o(.text.HAL_EXTI_ClearConfigLine), (146 bytes).
    Removing stm32g4xx_hal_exti.o(.ARM.exidx.text.HAL_EXTI_ClearConfigLine), (8 bytes).
    Removing stm32g4xx_hal_exti.o(.text.HAL_EXTI_RegisterCallback), (16 bytes).
    Removing stm32g4xx_hal_exti.o(.ARM.exidx.text.HAL_EXTI_RegisterCallback), (8 bytes).
    Removing stm32g4xx_hal_exti.o(.text.HAL_EXTI_GetHandle), (12 bytes).
    Removing stm32g4xx_hal_exti.o(.ARM.exidx.text.HAL_EXTI_GetHandle), (8 bytes).
    Removing stm32g4xx_hal_exti.o(.text.HAL_EXTI_IRQHandler), (58 bytes).
    Removing stm32g4xx_hal_exti.o(.ARM.exidx.text.HAL_EXTI_IRQHandler), (8 bytes).
    Removing stm32g4xx_hal_exti.o(.text.HAL_EXTI_GetPending), (32 bytes).
    Removing stm32g4xx_hal_exti.o(.ARM.exidx.text.HAL_EXTI_GetPending), (8 bytes).
    Removing stm32g4xx_hal_exti.o(.text.HAL_EXTI_ClearPending), (30 bytes).
    Removing stm32g4xx_hal_exti.o(.ARM.exidx.text.HAL_EXTI_ClearPending), (8 bytes).
    Removing stm32g4xx_hal_exti.o(.text.HAL_EXTI_GenerateSWI), (30 bytes).
    Removing stm32g4xx_hal_exti.o(.ARM.exidx.text.HAL_EXTI_GenerateSWI), (8 bytes).
    Removing stm32g4xx_hal_dma.o(.text), (0 bytes).
    Removing stm32g4xx_hal_dma.o(.text.HAL_DMA_Init), (280 bytes).
    Removing stm32g4xx_hal_dma.o(.ARM.exidx.text.HAL_DMA_Init), (8 bytes).
    Removing stm32g4xx_hal_dma.o(.text.HAL_DMA_DeInit), (240 bytes).
    Removing stm32g4xx_hal_dma.o(.ARM.exidx.text.HAL_DMA_DeInit), (8 bytes).
    Removing stm32g4xx_hal_dma.o(.text.HAL_DMA_Start), (150 bytes).
    Removing stm32g4xx_hal_dma.o(.ARM.exidx.text.HAL_DMA_Start), (8 bytes).
    Removing stm32g4xx_hal_dma.o(.text.HAL_DMA_Start_IT), (232 bytes).
    Removing stm32g4xx_hal_dma.o(.ARM.exidx.text.HAL_DMA_Start_IT), (8 bytes).
    Removing stm32g4xx_hal_dma.o(.text.HAL_DMA_Abort), (112 bytes).
    Removing stm32g4xx_hal_dma.o(.ARM.exidx.text.HAL_DMA_Abort), (8 bytes).
    Removing stm32g4xx_hal_dma.o(.text.HAL_DMA_Abort_IT), (128 bytes).
    Removing stm32g4xx_hal_dma.o(.ARM.exidx.text.HAL_DMA_Abort_IT), (8 bytes).
    Removing stm32g4xx_hal_dma.o(.text.HAL_DMA_PollForTransfer), (362 bytes).
    Removing stm32g4xx_hal_dma.o(.ARM.exidx.text.HAL_DMA_PollForTransfer), (8 bytes).
    Removing stm32g4xx_hal_dma.o(.text.HAL_DMA_IRQHandler), (170 bytes).
    Removing stm32g4xx_hal_dma.o(.ARM.exidx.text.HAL_DMA_IRQHandler), (8 bytes).
    Removing stm32g4xx_hal_dma.o(.text.HAL_DMA_RegisterCallback), (46 bytes).
    Removing stm32g4xx_hal_dma.o(.ARM.exidx.text.HAL_DMA_RegisterCallback), (8 bytes).
    Removing stm32g4xx_hal_dma.o(.text.HAL_DMA_UnRegisterCallback), (122 bytes).
    Removing stm32g4xx_hal_dma.o(.ARM.exidx.text.HAL_DMA_UnRegisterCallback), (8 bytes).
    Removing stm32g4xx_hal_dma.o(.text.HAL_DMA_GetState), (6 bytes).
    Removing stm32g4xx_hal_dma.o(.ARM.exidx.text.HAL_DMA_GetState), (8 bytes).
    Removing stm32g4xx_hal_dma.o(.text.HAL_DMA_GetError), (4 bytes).
    Removing stm32g4xx_hal_dma.o(.ARM.exidx.text.HAL_DMA_GetError), (8 bytes).
    Removing stm32g4xx_hal_dma_ex.o(.text), (0 bytes).
    Removing stm32g4xx_hal_dma_ex.o(.text.HAL_DMAEx_ConfigMuxSync), (86 bytes).
    Removing stm32g4xx_hal_dma_ex.o(.ARM.exidx.text.HAL_DMAEx_ConfigMuxSync), (8 bytes).
    Removing stm32g4xx_hal_dma_ex.o(.text.HAL_DMAEx_ConfigMuxRequestGenerator), (64 bytes).
    Removing stm32g4xx_hal_dma_ex.o(.ARM.exidx.text.HAL_DMAEx_ConfigMuxRequestGenerator), (8 bytes).
    Removing stm32g4xx_hal_dma_ex.o(.text.HAL_DMAEx_EnableMuxRequestGenerator), (28 bytes).
    Removing stm32g4xx_hal_dma_ex.o(.ARM.exidx.text.HAL_DMAEx_EnableMuxRequestGenerator), (8 bytes).
    Removing stm32g4xx_hal_dma_ex.o(.text.HAL_DMAEx_DisableMuxRequestGenerator), (28 bytes).
    Removing stm32g4xx_hal_dma_ex.o(.ARM.exidx.text.HAL_DMAEx_DisableMuxRequestGenerator), (8 bytes).
    Removing stm32g4xx_hal_dma_ex.o(.text.HAL_DMAEx_MUX_IRQHandler), (94 bytes).
    Removing stm32g4xx_hal_dma_ex.o(.ARM.exidx.text.HAL_DMAEx_MUX_IRQHandler), (8 bytes).
    Removing stm32g4xx_hal_pwr.o(.text), (0 bytes).
    Removing stm32g4xx_hal_pwr.o(.text.HAL_PWR_DeInit), (26 bytes).
    Removing stm32g4xx_hal_pwr.o(.ARM.exidx.text.HAL_PWR_DeInit), (8 bytes).
    Removing stm32g4xx_hal_pwr.o(.text.HAL_PWR_EnableBkUpAccess), (18 bytes).
    Removing stm32g4xx_hal_pwr.o(.ARM.exidx.text.HAL_PWR_EnableBkUpAccess), (8 bytes).
    Removing stm32g4xx_hal_pwr.o(.text.HAL_PWR_DisableBkUpAccess), (18 bytes).
    Removing stm32g4xx_hal_pwr.o(.ARM.exidx.text.HAL_PWR_DisableBkUpAccess), (8 bytes).
    Removing stm32g4xx_hal_pwr.o(.text.HAL_PWR_ConfigPVD), (136 bytes).
    Removing stm32g4xx_hal_pwr.o(.ARM.exidx.text.HAL_PWR_ConfigPVD), (8 bytes).
    Removing stm32g4xx_hal_pwr.o(.text.HAL_PWR_EnablePVD), (18 bytes).
    Removing stm32g4xx_hal_pwr.o(.ARM.exidx.text.HAL_PWR_EnablePVD), (8 bytes).
    Removing stm32g4xx_hal_pwr.o(.text.HAL_PWR_DisablePVD), (18 bytes).
    Removing stm32g4xx_hal_pwr.o(.ARM.exidx.text.HAL_PWR_DisablePVD), (8 bytes).
    Removing stm32g4xx_hal_pwr.o(.text.HAL_PWR_EnableWakeUpPin), (30 bytes).
    Removing stm32g4xx_hal_pwr.o(.ARM.exidx.text.HAL_PWR_EnableWakeUpPin), (8 bytes).
    Removing stm32g4xx_hal_pwr.o(.text.HAL_PWR_DisableWakeUpPin), (24 bytes).
    Removing stm32g4xx_hal_pwr.o(.ARM.exidx.text.HAL_PWR_DisableWakeUpPin), (8 bytes).
    Removing stm32g4xx_hal_pwr.o(.text.HAL_PWR_EnterSLEEPMode), (66 bytes).
    Removing stm32g4xx_hal_pwr.o(.ARM.exidx.text.HAL_PWR_EnterSLEEPMode), (8 bytes).
    Removing stm32g4xx_hal_pwr.o(.text.HAL_PWR_EnterSTOPMode), (16 bytes).
    Removing stm32g4xx_hal_pwr.o(.ARM.exidx.text.HAL_PWR_EnterSTOPMode), (8 bytes).
    Removing stm32g4xx_hal_pwr.o(.text.HAL_PWR_EnterSTANDBYMode), (38 bytes).
    Removing stm32g4xx_hal_pwr.o(.ARM.exidx.text.HAL_PWR_EnterSTANDBYMode), (8 bytes).
    Removing stm32g4xx_hal_pwr.o(.text.HAL_PWR_EnableSleepOnExit), (18 bytes).
    Removing stm32g4xx_hal_pwr.o(.ARM.exidx.text.HAL_PWR_EnableSleepOnExit), (8 bytes).
    Removing stm32g4xx_hal_pwr.o(.text.HAL_PWR_DisableSleepOnExit), (18 bytes).
    Removing stm32g4xx_hal_pwr.o(.ARM.exidx.text.HAL_PWR_DisableSleepOnExit), (8 bytes).
    Removing stm32g4xx_hal_pwr.o(.text.HAL_PWR_EnableSEVOnPend), (18 bytes).
    Removing stm32g4xx_hal_pwr.o(.ARM.exidx.text.HAL_PWR_EnableSEVOnPend), (8 bytes).
    Removing stm32g4xx_hal_pwr.o(.text.HAL_PWR_DisableSEVOnPend), (18 bytes).
    Removing stm32g4xx_hal_pwr.o(.ARM.exidx.text.HAL_PWR_DisableSEVOnPend), (8 bytes).
    Removing stm32g4xx_hal_pwr.o(.text.HAL_PWR_PVDCallback), (2 bytes).
    Removing stm32g4xx_hal_pwr.o(.ARM.exidx.text.HAL_PWR_PVDCallback), (8 bytes).
    Removing stm32g4xx_hal_cortex.o(.text), (0 bytes).
    Removing stm32g4xx_hal_cortex.o(.ARM.exidx.text.HAL_NVIC_SetPriorityGrouping), (8 bytes).
    Removing stm32g4xx_hal_cortex.o(.ARM.exidx.text.HAL_NVIC_SetPriority), (8 bytes).
    Removing stm32g4xx_hal_cortex.o(.text.HAL_NVIC_EnableIRQ), (34 bytes).
    Removing stm32g4xx_hal_cortex.o(.ARM.exidx.text.HAL_NVIC_EnableIRQ), (8 bytes).
    Removing stm32g4xx_hal_cortex.o(.text.HAL_NVIC_DisableIRQ), (42 bytes).
    Removing stm32g4xx_hal_cortex.o(.ARM.exidx.text.HAL_NVIC_DisableIRQ), (8 bytes).
    Removing stm32g4xx_hal_cortex.o(.text.HAL_NVIC_SystemReset), (4 bytes).
    Removing stm32g4xx_hal_cortex.o(.ARM.exidx.text.HAL_NVIC_SystemReset), (8 bytes).
    Removing stm32g4xx_hal_cortex.o(.text.__NVIC_SystemReset), (42 bytes).
    Removing stm32g4xx_hal_cortex.o(.ARM.exidx.text.__NVIC_SystemReset), (8 bytes).
    Removing stm32g4xx_hal_cortex.o(.ARM.exidx.text.HAL_SYSTICK_Config), (8 bytes).
    Removing stm32g4xx_hal_cortex.o(.text.HAL_NVIC_GetPriorityGrouping), (16 bytes).
    Removing stm32g4xx_hal_cortex.o(.ARM.exidx.text.HAL_NVIC_GetPriorityGrouping), (8 bytes).
    Removing stm32g4xx_hal_cortex.o(.text.HAL_NVIC_GetPriority), (88 bytes).
    Removing stm32g4xx_hal_cortex.o(.ARM.exidx.text.HAL_NVIC_GetPriority), (8 bytes).
    Removing stm32g4xx_hal_cortex.o(.text.HAL_NVIC_SetPendingIRQ), (34 bytes).
    Removing stm32g4xx_hal_cortex.o(.ARM.exidx.text.HAL_NVIC_SetPendingIRQ), (8 bytes).
    Removing stm32g4xx_hal_cortex.o(.text.HAL_NVIC_GetPendingIRQ), (38 bytes).
    Removing stm32g4xx_hal_cortex.o(.ARM.exidx.text.HAL_NVIC_GetPendingIRQ), (8 bytes).
    Removing stm32g4xx_hal_cortex.o(.text.HAL_NVIC_ClearPendingIRQ), (34 bytes).
    Removing stm32g4xx_hal_cortex.o(.ARM.exidx.text.HAL_NVIC_ClearPendingIRQ), (8 bytes).
    Removing stm32g4xx_hal_cortex.o(.text.HAL_NVIC_GetActive), (38 bytes).
    Removing stm32g4xx_hal_cortex.o(.ARM.exidx.text.HAL_NVIC_GetActive), (8 bytes).
    Removing stm32g4xx_hal_cortex.o(.text.HAL_SYSTICK_CLKSourceConfig), (24 bytes).
    Removing stm32g4xx_hal_cortex.o(.ARM.exidx.text.HAL_SYSTICK_CLKSourceConfig), (8 bytes).
    Removing stm32g4xx_hal_cortex.o(.text.HAL_SYSTICK_IRQHandler), (4 bytes).
    Removing stm32g4xx_hal_cortex.o(.ARM.exidx.text.HAL_SYSTICK_IRQHandler), (8 bytes).
    Removing stm32g4xx_hal_cortex.o(.text.HAL_SYSTICK_Callback), (2 bytes).
    Removing stm32g4xx_hal_cortex.o(.ARM.exidx.text.HAL_SYSTICK_Callback), (8 bytes).
    Removing stm32g4xx_hal_cortex.o(.text.HAL_MPU_Enable), (24 bytes).
    Removing stm32g4xx_hal_cortex.o(.ARM.exidx.text.HAL_MPU_Enable), (8 bytes).
    Removing stm32g4xx_hal_cortex.o(.text.HAL_MPU_Disable), (18 bytes).
    Removing stm32g4xx_hal_cortex.o(.ARM.exidx.text.HAL_MPU_Disable), (8 bytes).
    Removing stm32g4xx_hal_cortex.o(.text.HAL_MPU_ConfigRegion), (96 bytes).
    Removing stm32g4xx_hal_cortex.o(.ARM.exidx.text.HAL_MPU_ConfigRegion), (8 bytes).
    Removing system_stm32g4xx.o(.text), (0 bytes).
    Removing system_stm32g4xx.o(.ARM.exidx.text.SystemInit), (8 bytes).
    Removing system_stm32g4xx.o(.text.SystemCoreClockUpdate), (156 bytes).
    Removing system_stm32g4xx.o(.ARM.exidx.text.SystemCoreClockUpdate), (8 bytes).
    Removing system_stm32g4xx.o(.rodata.APBPrescTable), (8 bytes).

460 unused section(s) (total 19318 bytes) removed from the image.

==============================================================================

Image Symbol Table

    Local Symbols

    Symbol Name                              Value     Ov Type        Size  Object(Section)

    ../clib/angel/boardlib.s                 0x00000000   Number         0  boardinit1.o ABSOLUTE
    ../clib/angel/boardlib.s                 0x00000000   Number         0  boardinit2.o ABSOLUTE
    ../clib/angel/boardlib.s                 0x00000000   Number         0  boardinit3.o ABSOLUTE
    ../clib/angel/boardlib.s                 0x00000000   Number         0  boardshut.o ABSOLUTE
    ../clib/angel/handlers.s                 0x00000000   Number         0  __scatter_copy.o ABSOLUTE
    ../clib/angel/handlers.s                 0x00000000   Number         0  __scatter_zi.o ABSOLUTE
    ../clib/angel/kernel.s                   0x00000000   Number         0  __rtentry.o ABSOLUTE
    ../clib/angel/kernel.s                   0x00000000   Number         0  __rtentry2.o ABSOLUTE
    ../clib/angel/kernel.s                   0x00000000   Number         0  __rtentry4.o ABSOLUTE
    ../clib/angel/kernel.s                   0x00000000   Number         0  rtexit.o ABSOLUTE
    ../clib/angel/kernel.s                   0x00000000   Number         0  rtexit2.o ABSOLUTE
    ../clib/angel/rt.s                       0x00000000   Number         0  rt_errno_addr.o ABSOLUTE
    ../clib/angel/rt.s                       0x00000000   Number         0  rt_errno_addr_intlibspace.o ABSOLUTE
    ../clib/angel/rt.s                       0x00000000   Number         0  rt_raise.o ABSOLUTE
    ../clib/angel/scatter.s                  0x00000000   Number         0  __scatter.o ABSOLUTE
    ../clib/angel/startup.s                  0x00000000   Number         0  __main.o ABSOLUTE
    ../clib/angel/sys.s                      0x00000000   Number         0  libspace.o ABSOLUTE
    ../clib/angel/sys.s                      0x00000000   Number         0  sys_stackheap_outer.o ABSOLUTE
    ../clib/angel/sys.s                      0x00000000   Number         0  use_no_semi.o ABSOLUTE
    ../clib/angel/sys.s                      0x00000000   Number         0  indicate_semi.o ABSOLUTE
    ../clib/angel/sysapp.c                   0x00000000   Number         0  sys_command.o ABSOLUTE
    ../clib/angel/sysapp.c                   0x00000000   Number         0  sys_command_hlt.o ABSOLUTE
    ../clib/angel/sysapp.c                   0x00000000   Number         0  sys_exit.o ABSOLUTE
    ../clib/angel/sysapp.c                   0x00000000   Number         0  sys_exit_hlt.o ABSOLUTE
    ../clib/angel/sysapp.c                   0x00000000   Number         0  sys_wrch.o ABSOLUTE
    ../clib/angel/sysapp.c                   0x00000000   Number         0  sys_wrch_hlt.o ABSOLUTE
    ../clib/armsys.c                         0x00000000   Number         0  argv_veneer.o ABSOLUTE
    ../clib/armsys.c                         0x00000000   Number         0  argv_veneer.o ABSOLUTE
    ../clib/armsys.c                         0x00000000   Number         0  _get_argv_nomalloc.o ABSOLUTE
    ../clib/armsys.c                         0x00000000   Number         0  no_argv.o ABSOLUTE
    ../clib/fenv.c                           0x00000000   Number         0  _rserrno.o ABSOLUTE
    ../clib/heapalloc.c                      0x00000000   Number         0  hrguard.o ABSOLUTE
    ../clib/heapaux.c                        0x00000000   Number         0  heapauxi.o ABSOLUTE
    ../clib/libinit.s                        0x00000000   Number         0  libinit2.o ABSOLUTE
    ../clib/libinit.s                        0x00000000   Number         0  libinit.o ABSOLUTE
    ../clib/libinit.s                        0x00000000   Number         0  libshutdown.o ABSOLUTE
    ../clib/libinit.s                        0x00000000   Number         0  libshutdown2.o ABSOLUTE
    ../clib/memcpset.s                       0x00000000   Number         0  rt_memclr_w.o ABSOLUTE
    ../clib/signal.c                         0x00000000   Number         0  defsig_rtmem_outer.o ABSOLUTE
    ../clib/signal.c                         0x00000000   Number         0  defsig_rtmem_formal.o ABSOLUTE
    ../clib/signal.c                         0x00000000   Number         0  defsig_exit.o ABSOLUTE
    ../clib/signal.c                         0x00000000   Number         0  defsig_rtmem_inner.o ABSOLUTE
    ../clib/signal.c                         0x00000000   Number         0  __raise.o ABSOLUTE
    ../clib/signal.c                         0x00000000   Number         0  defsig_general.o ABSOLUTE
    ../clib/signal.c                         0x00000000   Number         0  defsig_abrt_inner.o ABSOLUTE
    ../clib/signal.c                         0x00000000   Number         0  defsig_fpe_inner.o ABSOLUTE
    ../clib/signal.c                         0x00000000   Number         0  defsig_rtred_inner.o ABSOLUTE
    ../clib/signal.c                         0x00000000   Number         0  defsig_stak_inner.o ABSOLUTE
    ../clib/signal.c                         0x00000000   Number         0  defsig_pvfn_inner.o ABSOLUTE
    ../clib/signal.c                         0x00000000   Number         0  defsig_cppl_inner.o ABSOLUTE
    ../clib/signal.c                         0x00000000   Number         0  defsig_segv_inner.o ABSOLUTE
    ../clib/signal.c                         0x00000000   Number         0  defsig_other.o ABSOLUTE
    ../clib/signal.s                         0x00000000   Number         0  defsig.o ABSOLUTE
    ../clib/stdlib.c                         0x00000000   Number         0  rand.o ABSOLUTE
    ../clib/stdlib.c                         0x00000000   Number         0  rand.o ABSOLUTE
    ../clib/stdlib.c                         0x00000000   Number         0  exit.o ABSOLUTE
    ../fplib/basic.s                         0x00000000   Number         0  basic.o ABSOLUTE
    ../fplib/daddsub.s                       0x00000000   Number         0  daddsub_clz.o ABSOLUTE
    ../fplib/ddiv.s                          0x00000000   Number         0  ddiv.o ABSOLUTE
    ../fplib/dfix.s                          0x00000000   Number         0  dfix.o ABSOLUTE
    ../fplib/dflt.s                          0x00000000   Number         0  dflt_clz.o ABSOLUTE
    ../fplib/dmul.s                          0x00000000   Number         0  dmul.o ABSOLUTE
    ../fplib/dnaninf.s                       0x00000000   Number         0  dnaninf.o ABSOLUTE
    ../fplib/dretinf.s                       0x00000000   Number         0  dretinf.o ABSOLUTE
    ../fplib/fpinit.s                        0x00000000   Number         0  fpinit.o ABSOLUTE
    ../fplib/usenofp.s                       0x00000000   Number         0  usenofp.o ABSOLUTE
    ../mathlib/cos.c                         0x00000000   Number         0  cos.o ABSOLUTE
    ../mathlib/cos_i.c                       0x00000000   Number         0  cos_i.o ABSOLUTE
    ../mathlib/dunder.c                      0x00000000   Number         0  dunder.o ABSOLUTE
    ../mathlib/fabs.c                        0x00000000   Number         0  fabs.o ABSOLUTE
    ../mathlib/fpclassify.c                  0x00000000   Number         0  fpclassify.o ABSOLUTE
    ../mathlib/poly.c                        0x00000000   Number         0  poly.o ABSOLUTE
    ../mathlib/rred.c                        0x00000000   Number         0  rred.o ABSOLUTE
    ../mathlib/sin.c                         0x00000000   Number         0  sin.o ABSOLUTE
    ../mathlib/sin_i.c                       0x00000000   Number         0  sin_i.o ABSOLUTE
    LCD.c                                    0x00000000   Number         0  lcd.o ABSOLUTE
    Pic.c                                    0x00000000   Number         0  pic.o ABSOLUTE
    dc.s                                     0x00000000   Number         0  dc.o ABSOLUTE
    function.c                               0x00000000   Number         0  function.o ABSOLUTE
    main.c                                   0x00000000   Number         0  main.o ABSOLUTE
    startup_stm32g474xx.s                    0x00000000   Number         0  startup_stm32g474xx.o ABSOLUTE
    stm32g4xx_hal.c                          0x00000000   Number         0  stm32g4xx_hal.o ABSOLUTE
    stm32g4xx_hal_cortex.c                   0x00000000   Number         0  stm32g4xx_hal_cortex.o ABSOLUTE
    stm32g4xx_hal_dma.c                      0x00000000   Number         0  stm32g4xx_hal_dma.o ABSOLUTE
    stm32g4xx_hal_dma_ex.c                   0x00000000   Number         0  stm32g4xx_hal_dma_ex.o ABSOLUTE
    stm32g4xx_hal_exti.c                     0x00000000   Number         0  stm32g4xx_hal_exti.o ABSOLUTE
    stm32g4xx_hal_flash.c                    0x00000000   Number         0  stm32g4xx_hal_flash.o ABSOLUTE
    stm32g4xx_hal_flash_ex.c                 0x00000000   Number         0  stm32g4xx_hal_flash_ex.o ABSOLUTE
    stm32g4xx_hal_flash_ramfunc.c            0x00000000   Number         0  stm32g4xx_hal_flash_ramfunc.o ABSOLUTE
    stm32g4xx_hal_gpio.c                     0x00000000   Number         0  stm32g4xx_hal_gpio.o ABSOLUTE
    stm32g4xx_hal_msp.c                      0x00000000   Number         0  stm32g4xx_hal_msp.o ABSOLUTE
    stm32g4xx_hal_pwr.c                      0x00000000   Number         0  stm32g4xx_hal_pwr.o ABSOLUTE
    stm32g4xx_hal_pwr_ex.c                   0x00000000   Number         0  stm32g4xx_hal_pwr_ex.o ABSOLUTE
    stm32g4xx_hal_rcc.c                      0x00000000   Number         0  stm32g4xx_hal_rcc.o ABSOLUTE
    stm32g4xx_hal_rcc_ex.c                   0x00000000   Number         0  stm32g4xx_hal_rcc_ex.o ABSOLUTE
    stm32g4xx_hal_tim.c                      0x00000000   Number         0  stm32g4xx_hal_tim.o ABSOLUTE
    stm32g4xx_hal_tim_ex.c                   0x00000000   Number         0  stm32g4xx_hal_tim_ex.o ABSOLUTE
    stm32g4xx_it.c                           0x00000000   Number         0  stm32g4xx_it.o ABSOLUTE
    system_stm32g4xx.c                       0x00000000   Number         0  system_stm32g4xx.o ABSOLUTE
    RESET                                    0x08000000   Section      472  startup_stm32g474xx.o(RESET)
    !!!main                                  0x080001d8   Section        8  __main.o(!!!main)
    !!!scatter                               0x080001e0   Section       92  __scatter.o(!!!scatter)
    !!handler_copy                           0x0800023c   Section       26  __scatter_copy.o(!!handler_copy)
    !!handler_null                           0x08000258   Section        2  __scatter.o(!!handler_null)
    !!handler_zi                             0x0800025c   Section       28  __scatter_zi.o(!!handler_zi)
    .ARM.Collect$$libinit$$00000000          0x08000278   Section        2  libinit.o(.ARM.Collect$$libinit$$00000000)
    .ARM.Collect$$libinit$$00000001          0x0800027a   Section        4  libinit2.o(.ARM.Collect$$libinit$$00000001)
    .ARM.Collect$$libinit$$00000004          0x0800027e   Section        0  libinit2.o(.ARM.Collect$$libinit$$00000004)
    .ARM.Collect$$libinit$$00000006          0x0800027e   Section        0  libinit2.o(.ARM.Collect$$libinit$$00000006)
    .ARM.Collect$$libinit$$0000000C          0x0800027e   Section        0  libinit2.o(.ARM.Collect$$libinit$$0000000C)
    .ARM.Collect$$libinit$$0000000E          0x0800027e   Section        0  libinit2.o(.ARM.Collect$$libinit$$0000000E)
    .ARM.Collect$$libinit$$0000000F          0x0800027e   Section        4  libinit2.o(.ARM.Collect$$libinit$$0000000F)
    .ARM.Collect$$libinit$$00000010          0x08000282   Section        0  libinit2.o(.ARM.Collect$$libinit$$00000010)
    .ARM.Collect$$libinit$$00000013          0x08000282   Section        0  libinit2.o(.ARM.Collect$$libinit$$00000013)
    .ARM.Collect$$libinit$$00000015          0x08000282   Section        0  libinit2.o(.ARM.Collect$$libinit$$00000015)
    .ARM.Collect$$libinit$$00000017          0x08000282   Section        0  libinit2.o(.ARM.Collect$$libinit$$00000017)
    .ARM.Collect$$libinit$$00000019          0x08000282   Section        0  libinit2.o(.ARM.Collect$$libinit$$00000019)
    .ARM.Collect$$libinit$$0000001B          0x08000282   Section        0  libinit2.o(.ARM.Collect$$libinit$$0000001B)
    .ARM.Collect$$libinit$$0000001D          0x08000282   Section        0  libinit2.o(.ARM.Collect$$libinit$$0000001D)
    .ARM.Collect$$libinit$$0000001F          0x08000282   Section        0  libinit2.o(.ARM.Collect$$libinit$$0000001F)
    .ARM.Collect$$libinit$$00000021          0x08000282   Section        0  libinit2.o(.ARM.Collect$$libinit$$00000021)
    .ARM.Collect$$libinit$$00000023          0x08000282   Section        0  libinit2.o(.ARM.Collect$$libinit$$00000023)
    .ARM.Collect$$libinit$$00000025          0x08000282   Section        0  libinit2.o(.ARM.Collect$$libinit$$00000025)
    .ARM.Collect$$libinit$$00000027          0x08000282   Section        0  libinit2.o(.ARM.Collect$$libinit$$00000027)
    .ARM.Collect$$libinit$$0000002E          0x08000282   Section        0  libinit2.o(.ARM.Collect$$libinit$$0000002E)
    .ARM.Collect$$libinit$$00000030          0x08000282   Section        0  libinit2.o(.ARM.Collect$$libinit$$00000030)
    .ARM.Collect$$libinit$$00000032          0x08000282   Section        0  libinit2.o(.ARM.Collect$$libinit$$00000032)
    .ARM.Collect$$libinit$$00000034          0x08000282   Section        0  libinit2.o(.ARM.Collect$$libinit$$00000034)
    .ARM.Collect$$libinit$$00000035          0x08000282   Section        2  libinit2.o(.ARM.Collect$$libinit$$00000035)
    .ARM.Collect$$libshutdown$$00000000      0x08000284   Section        2  libshutdown.o(.ARM.Collect$$libshutdown$$00000000)
    .ARM.Collect$$libshutdown$$00000002      0x08000286   Section        0  libshutdown2.o(.ARM.Collect$$libshutdown$$00000002)
    .ARM.Collect$$libshutdown$$00000004      0x08000286   Section        0  libshutdown2.o(.ARM.Collect$$libshutdown$$00000004)
    .ARM.Collect$$libshutdown$$00000007      0x08000286   Section        0  libshutdown2.o(.ARM.Collect$$libshutdown$$00000007)
    .ARM.Collect$$libshutdown$$0000000A      0x08000286   Section        0  libshutdown2.o(.ARM.Collect$$libshutdown$$0000000A)
    .ARM.Collect$$libshutdown$$0000000C      0x08000286   Section        0  libshutdown2.o(.ARM.Collect$$libshutdown$$0000000C)
    .ARM.Collect$$libshutdown$$0000000F      0x08000286   Section        0  libshutdown2.o(.ARM.Collect$$libshutdown$$0000000F)
    .ARM.Collect$$libshutdown$$00000010      0x08000286   Section        2  libshutdown2.o(.ARM.Collect$$libshutdown$$00000010)
    .ARM.Collect$$rtentry$$00000000          0x08000288   Section        0  __rtentry.o(.ARM.Collect$$rtentry$$00000000)
    .ARM.Collect$$rtentry$$00000002          0x08000288   Section        0  __rtentry2.o(.ARM.Collect$$rtentry$$00000002)
    .ARM.Collect$$rtentry$$00000004          0x08000288   Section        6  __rtentry4.o(.ARM.Collect$$rtentry$$00000004)
    .ARM.Collect$$rtentry$$00000009          0x0800028e   Section        0  __rtentry2.o(.ARM.Collect$$rtentry$$00000009)
    .ARM.Collect$$rtentry$$0000000A          0x0800028e   Section        4  __rtentry2.o(.ARM.Collect$$rtentry$$0000000A)
    .ARM.Collect$$rtentry$$0000000C          0x08000292   Section        0  __rtentry2.o(.ARM.Collect$$rtentry$$0000000C)
    .ARM.Collect$$rtentry$$0000000D          0x08000292   Section        8  __rtentry2.o(.ARM.Collect$$rtentry$$0000000D)
    .ARM.Collect$$rtexit$$00000000           0x0800029a   Section        2  rtexit.o(.ARM.Collect$$rtexit$$00000000)
    .ARM.Collect$$rtexit$$00000002           0x0800029c   Section        0  rtexit2.o(.ARM.Collect$$rtexit$$00000002)
    .ARM.Collect$$rtexit$$00000003           0x0800029c   Section        4  rtexit2.o(.ARM.Collect$$rtexit$$00000003)
    .ARM.Collect$$rtexit$$00000004           0x080002a0   Section        6  rtexit2.o(.ARM.Collect$$rtexit$$00000004)
    .emb_text                                0x080002a8   Section       52  rand.o(.emb_text)
    $v0                                      0x080002dc   Number         0  startup_stm32g474xx.o(.text)
    .text                                    0x080002dc   Section       64  startup_stm32g474xx.o(.text)
    .text                                    0x0800031c   Section        0  rand.o(.text)
    .text                                    0x08000358   Section       78  rt_memclr_w.o(.text)
    .text                                    0x080003a6   Section        0  heapauxi.o(.text)
    .text                                    0x080003ac   Section        0  _rserrno.o(.text)
    .text                                    0x080003c4   Section        8  rt_errno_addr_intlibspace.o(.text)
    .text                                    0x080003cc   Section        8  libspace.o(.text)
    .text                                    0x080003d4   Section       74  sys_stackheap_outer.o(.text)
    .text                                    0x0800041e   Section        0  exit.o(.text)
    .text                                    0x08000430   Section        2  use_no_semi.o(.text)
    .text                                    0x08000432   Section        0  indicate_semi.o(.text)
    .text                                    0x08000434   Section        0  sys_exit.o(.text)
    [Anonymous Symbol]                       0x08000440   Section        0  lcd.o(.text.BlockWrite)
    [Anonymous Symbol]                       0x080008b0   Section        0  stm32g4xx_it.o(.text.BusFault_Handler)
    [Anonymous Symbol]                       0x080008b4   Section        0  stm32g4xx_it.o(.text.DebugMon_Handler)
    [Anonymous Symbol]                       0x080008b8   Section        0  lcd.o(.text.DrawPixel)
    [Anonymous Symbol]                       0x08000a28   Section        0  stm32g4xx_hal.o(.text.HAL_Delay)
    [Anonymous Symbol]                       0x08000a50   Section        0  stm32g4xx_hal_gpio.o(.text.HAL_GPIO_Init)
    [Anonymous Symbol]                       0x08000c04   Section        0  stm32g4xx_hal_gpio.o(.text.HAL_GPIO_ReadPin)
    [Anonymous Symbol]                       0x08000c10   Section        0  stm32g4xx_hal_gpio.o(.text.HAL_GPIO_WritePin)
    [Anonymous Symbol]                       0x08000c1c   Section        0  stm32g4xx_hal.o(.text.HAL_GetTick)
    [Anonymous Symbol]                       0x08000c28   Section        0  stm32g4xx_hal.o(.text.HAL_IncTick)
    [Anonymous Symbol]                       0x08000c44   Section        0  stm32g4xx_hal.o(.text.HAL_Init)
    [Anonymous Symbol]                       0x08000c64   Section        0  stm32g4xx_hal.o(.text.HAL_InitTick)
    [Anonymous Symbol]                       0x08000cb4   Section        0  stm32g4xx_hal_msp.o(.text.HAL_MspInit)
    [Anonymous Symbol]                       0x08000ce8   Section        0  stm32g4xx_hal_cortex.o(.text.HAL_NVIC_SetPriority)
    [Anonymous Symbol]                       0x08000d40   Section        0  stm32g4xx_hal_cortex.o(.text.HAL_NVIC_SetPriorityGrouping)
    [Anonymous Symbol]                       0x08000d60   Section        0  stm32g4xx_hal_pwr_ex.o(.text.HAL_PWREx_ControlVoltageScaling)
    [Anonymous Symbol]                       0x08000e70   Section        0  stm32g4xx_hal_pwr_ex.o(.text.HAL_PWREx_DisableUCPDDeadBattery)
    [Anonymous Symbol]                       0x08000e84   Section        0  stm32g4xx_hal_rcc.o(.text.HAL_RCC_ClockConfig)
    [Anonymous Symbol]                       0x08001188   Section        0  stm32g4xx_hal_rcc.o(.text.HAL_RCC_OscConfig)
    [Anonymous Symbol]                       0x08001658   Section        0  stm32g4xx_hal_cortex.o(.text.HAL_SYSTICK_Config)
    [Anonymous Symbol]                       0x08001684   Section        0  stm32g4xx_it.o(.text.HardFault_Handler)
    [Anonymous Symbol]                       0x08001688   Section        0  lcd.o(.text.LCD_Fill_Pic)
    [Anonymous Symbol]                       0x08001840   Section        0  lcd.o(.text.LCD_GPIO_Config)
    [Anonymous Symbol]                       0x0800188c   Section        0  lcd.o(.text.LCD_Initial)
    [Anonymous Symbol]                       0x08006904   Section        0  lcd.o(.text.LCD_PutString)
    [Anonymous Symbol]                       0x08006960   Section        0  lcd.o(.text.LCD_WriteData)
    [Anonymous Symbol]                       0x08006ac8   Section        0  lcd.o(.text.LCD_delay)
    [Anonymous Symbol]                       0x08006b30   Section        0  lcd.o(.text.Lcd_ColorBox)
    [Anonymous Symbol]                       0x08006e20   Section        0  lcd.o(.text.Lcd_SetCursor)
    [Anonymous Symbol]                       0x08006fe0   Section        0  stm32g4xx_it.o(.text.MemManage_Handler)
    [Anonymous Symbol]                       0x08006fe4   Section        0  stm32g4xx_it.o(.text.NMI_Handler)
    [Anonymous Symbol]                       0x08006fe8   Section        0  stm32g4xx_it.o(.text.PendSV_Handler)
    [Anonymous Symbol]                       0x08006fec   Section        0  lcd.o(.text.PutGB1616)
    [Anonymous Symbol]                       0x08007394   Section        0  lcd.o(.text.SPILCD_ShowChar)
    [Anonymous Symbol]                       0x080076a4   Section        0  stm32g4xx_it.o(.text.SVC_Handler)
    [Anonymous Symbol]                       0x080076a8   Section        0  stm32g4xx_it.o(.text.SysTick_Handler)
    [Anonymous Symbol]                       0x080076ac   Section        0  system_stm32g4xx.o(.text.SystemInit)
    [Anonymous Symbol]                       0x080076c0   Section        0  stm32g4xx_it.o(.text.UsageFault_Handler)
    [Anonymous Symbol]                       0x080076c8   Section        0  function.o(.text.draw_menu)
    [Anonymous Symbol]                       0x08007e1c   Section        0  main.o(.text.main)
    i.__ARM_fpclassify                       0x080080d0   Section        0  fpclassify.o(i.__ARM_fpclassify)
    i.__hardfp_cos                           0x08008100   Section        0  cos.o(i.__hardfp_cos)
    i.__hardfp_sin                           0x080081c8   Section        0  sin.o(i.__hardfp_sin)
    i.__ieee754_rem_pio2                     0x08008290   Section        0  rred.o(i.__ieee754_rem_pio2)
    i.__kernel_cos                           0x080086c8   Section        0  cos_i.o(i.__kernel_cos)
    i.__kernel_poly                          0x08008838   Section        0  poly.o(i.__kernel_poly)
    i.__kernel_sin                           0x08008930   Section        0  sin_i.o(i.__kernel_sin)
    i.__mathlib_dbl_infnan                   0x08008a60   Section        0  dunder.o(i.__mathlib_dbl_infnan)
    i.__mathlib_dbl_invalid                  0x08008a78   Section        0  dunder.o(i.__mathlib_dbl_invalid)
    i.__mathlib_dbl_underflow                0x08008a98   Section        0  dunder.o(i.__mathlib_dbl_underflow)
    i.fabs                                   0x08008ab8   Section        0  fabs.o(i.fabs)
    $v0                                      0x08008ad0   Number         0  basic.o(x$fpl$basic)
    x$fpl$basic                              0x08008ad0   Section       24  basic.o(x$fpl$basic)
    $v0                                      0x08008ae8   Number         0  daddsub_clz.o(x$fpl$dadd)
    x$fpl$dadd                               0x08008ae8   Section      336  daddsub_clz.o(x$fpl$dadd)
    _dadd1                                   0x08008af9   Thumb Code     0  daddsub_clz.o(x$fpl$dadd)
    $v0                                      0x08008c38   Number         0  ddiv.o(x$fpl$ddiv)
    x$fpl$ddiv                               0x08008c38   Section      696  ddiv.o(x$fpl$ddiv)
    ddiv_entry                               0x08008c3f   Thumb Code     0  ddiv.o(x$fpl$ddiv)
    $v0                                      0x08008ef0   Number         0  dfix.o(x$fpl$dfix)
    x$fpl$dfix                               0x08008ef0   Section       94  dfix.o(x$fpl$dfix)
    $v0                                      0x08008f4e   Number         0  dflt_clz.o(x$fpl$dflt)
    x$fpl$dflt                               0x08008f4e   Section       46  dflt_clz.o(x$fpl$dflt)
    $v0                                      0x08008f7c   Number         0  dflt_clz.o(x$fpl$dfltu)
    x$fpl$dfltu                              0x08008f7c   Section       38  dflt_clz.o(x$fpl$dfltu)
    $v0                                      0x08008fa4   Number         0  dmul.o(x$fpl$dmul)
    x$fpl$dmul                               0x08008fa4   Section      340  dmul.o(x$fpl$dmul)
    $v0                                      0x080090f8   Number         0  dnaninf.o(x$fpl$dnaninf)
    x$fpl$dnaninf                            0x080090f8   Section      156  dnaninf.o(x$fpl$dnaninf)
    $v0                                      0x08009194   Number         0  dretinf.o(x$fpl$dretinf)
    x$fpl$dretinf                            0x08009194   Section       12  dretinf.o(x$fpl$dretinf)
    $v0                                      0x080091a0   Number         0  daddsub_clz.o(x$fpl$drsb)
    x$fpl$drsb                               0x080091a0   Section       22  daddsub_clz.o(x$fpl$drsb)
    $v0                                      0x080091b8   Number         0  daddsub_clz.o(x$fpl$dsub)
    x$fpl$dsub                               0x080091b8   Section      476  daddsub_clz.o(x$fpl$dsub)
    _dsub1                                   0x080091c9   Thumb Code     0  daddsub_clz.o(x$fpl$dsub)
    $v0                                      0x08009394   Number         0  fpinit.o(x$fpl$fpinit)
    x$fpl$fpinit                             0x08009394   Section       26  fpinit.o(x$fpl$fpinit)
    x$fpl$usenofp                            0x080093ae   Section        0  usenofp.o(x$fpl$usenofp)
    C                                        0x080093b0   Data          48  cos_i.o(.constdata)
    .constdata                               0x080093b0   Section       48  cos_i.o(.constdata)
    pio2s                                    0x080093e0   Data          48  rred.o(.constdata)
    .constdata                               0x080093e0   Section      204  rred.o(.constdata)
    twooverpi                                0x08009410   Data         156  rred.o(.constdata)
    S                                        0x080094b0   Data          40  sin_i.o(.constdata)
    .constdata                               0x080094b0   Section       40  sin_i.o(.constdata)
    .L_MergedGlobals                         0x20000000   Data           8  stm32g4xx_hal.o(.data..L_MergedGlobals)
    [Anonymous Symbol]                       0x20000000   Section        0  stm32g4xx_hal.o(.data..L_MergedGlobals)
    .bss                                     0x20000010   Section      228  rand.o(.bss)
    .bss                                     0x200000f4   Section       96  libspace.o(.bss)
    .L_MergedGlobals                         0x20000154   Data           2  main.o(.bss..L_MergedGlobals)
    [Anonymous Symbol]                       0x20000154   Section        0  main.o(.bss..L_MergedGlobals)
    Heap_Mem                                 0x20000160   Data         512  startup_stm32g474xx.o(HEAP)
    HEAP                                     0x20000160   Section      512  startup_stm32g474xx.o(HEAP)
    Stack_Mem                                0x20000360   Data        1024  startup_stm32g474xx.o(STACK)
    STACK                                    0x20000360   Section     1024  startup_stm32g474xx.o(STACK)
    __initial_sp                             0x20000760   Data           0  startup_stm32g474xx.o(STACK)

    Global Symbols

    Symbol Name                              Value     Ov Type        Size  Object(Section)

    BuildAttributes$$THM_ISAv4$E$P$D$K$B$S$7EM$VFPi3$EXTD16$VFPS$VFMA$PE$A:L22UL41UL21$X:L11$S22US41US21$IEEE1$IW$~IW$USESV6$~STKCKD$USESV7$~SHL$OTIME$ROPI$IEEEX$EBA8$UX$STANDARDLIB$REQ8$PRES8$EABIv2 0x00000000   Number         0  anon$$obj.o ABSOLUTE
    __ARM_exceptions_init                     - Undefined Weak Reference
    __alloca_initialize                       - Undefined Weak Reference
    __arm_preinit_                            - Undefined Weak Reference
    __arm_relocate_pie_                       - Undefined Weak Reference
    __cpp_initialize__aeabi_                  - Undefined Weak Reference
    __cxa_finalize                            - Undefined Weak Reference
    __rt_locale                               - Undefined Weak Reference
    __sigvec_lookup                           - Undefined Weak Reference
    _atexit_init                              - Undefined Weak Reference
    _call_atexit_fns                          - Undefined Weak Reference
    _clock_init                               - Undefined Weak Reference
    _fp_trap_init                             - Undefined Weak Reference
    _fp_trap_shutdown                         - Undefined Weak Reference
    _get_lc_collate                           - Undefined Weak Reference
    _get_lc_ctype                             - Undefined Weak Reference
    _get_lc_monetary                          - Undefined Weak Reference
    _get_lc_numeric                           - Undefined Weak Reference
    _get_lc_time                              - Undefined Weak Reference
    _getenv_init                              - Undefined Weak Reference
    _handle_redirection                       - Undefined Weak Reference
    _init_alloc                               - Undefined Weak Reference
    _init_user_alloc                          - Undefined Weak Reference
    _initio                                   - Undefined Weak Reference
    _signal_finish                            - Undefined Weak Reference
    _signal_init                              - Undefined Weak Reference
    _terminate_alloc                          - Undefined Weak Reference
    _terminate_user_alloc                     - Undefined Weak Reference
    _terminateio                              - Undefined Weak Reference
    __Vectors_Size                           0x000001d8   Number         0  startup_stm32g474xx.o ABSOLUTE
    __Vectors                                0x08000000   Data           4  startup_stm32g474xx.o(RESET)
    __Vectors_End                            0x080001d8   Data           0  startup_stm32g474xx.o(RESET)
    __main                                   0x080001d9   Thumb Code     8  __main.o(!!!main)
    __scatterload                            0x080001e1   Thumb Code     0  __scatter.o(!!!scatter)
    __scatterload_rt2                        0x080001e1   Thumb Code    84  __scatter.o(!!!scatter)
    __scatterload_rt2_thumb_only             0x080001e1   Thumb Code     0  __scatter.o(!!!scatter)
    __scatterload_loop                       0x080001eb   Thumb Code     0  __scatter.o(!!!scatter)
    __scatterload_copy                       0x0800023d   Thumb Code    26  __scatter_copy.o(!!handler_copy)
    __scatterload_null                       0x08000259   Thumb Code     2  __scatter.o(!!handler_null)
    __scatterload_zeroinit                   0x0800025d   Thumb Code    28  __scatter_zi.o(!!handler_zi)
    __rt_lib_init                            0x08000279   Thumb Code     0  libinit.o(.ARM.Collect$$libinit$$00000000)
    __rt_lib_init_fp_1                       0x0800027b   Thumb Code     0  libinit2.o(.ARM.Collect$$libinit$$00000001)
    __rt_lib_init_heap_1                     0x0800027f   Thumb Code     0  libinit2.o(.ARM.Collect$$libinit$$0000000C)
    __rt_lib_init_preinit_1                  0x0800027f   Thumb Code     0  libinit2.o(.ARM.Collect$$libinit$$00000006)
    __rt_lib_init_rand_2                     0x0800027f   Thumb Code     0  libinit2.o(.ARM.Collect$$libinit$$0000000F)
    __rt_lib_init_relocate_pie_1             0x0800027f   Thumb Code     0  libinit2.o(.ARM.Collect$$libinit$$00000004)
    __rt_lib_init_user_alloc_1               0x0800027f   Thumb Code     0  libinit2.o(.ARM.Collect$$libinit$$0000000E)
    __rt_lib_init_alloca_1                   0x08000283   Thumb Code     0  libinit2.o(.ARM.Collect$$libinit$$00000030)
    __rt_lib_init_argv_1                     0x08000283   Thumb Code     0  libinit2.o(.ARM.Collect$$libinit$$0000002E)
    __rt_lib_init_atexit_1                   0x08000283   Thumb Code     0  libinit2.o(.ARM.Collect$$libinit$$0000001D)
    __rt_lib_init_clock_1                    0x08000283   Thumb Code     0  libinit2.o(.ARM.Collect$$libinit$$00000023)
    __rt_lib_init_cpp_1                      0x08000283   Thumb Code     0  libinit2.o(.ARM.Collect$$libinit$$00000034)
    __rt_lib_init_exceptions_1               0x08000283   Thumb Code     0  libinit2.o(.ARM.Collect$$libinit$$00000032)
    __rt_lib_init_fp_trap_1                  0x08000283   Thumb Code     0  libinit2.o(.ARM.Collect$$libinit$$00000021)
    __rt_lib_init_getenv_1                   0x08000283   Thumb Code     0  libinit2.o(.ARM.Collect$$libinit$$00000025)
    __rt_lib_init_lc_collate_1               0x08000283   Thumb Code     0  libinit2.o(.ARM.Collect$$libinit$$00000013)
    __rt_lib_init_lc_ctype_1                 0x08000283   Thumb Code     0  libinit2.o(.ARM.Collect$$libinit$$00000015)
    __rt_lib_init_lc_monetary_1              0x08000283   Thumb Code     0  libinit2.o(.ARM.Collect$$libinit$$00000017)
    __rt_lib_init_lc_numeric_1               0x08000283   Thumb Code     0  libinit2.o(.ARM.Collect$$libinit$$00000019)
    __rt_lib_init_lc_time_1                  0x08000283   Thumb Code     0  libinit2.o(.ARM.Collect$$libinit$$0000001B)
    __rt_lib_init_rand_1                     0x08000283   Thumb Code     0  libinit2.o(.ARM.Collect$$libinit$$00000010)
    __rt_lib_init_return                     0x08000283   Thumb Code     0  libinit2.o(.ARM.Collect$$libinit$$00000035)
    __rt_lib_init_signal_1                   0x08000283   Thumb Code     0  libinit2.o(.ARM.Collect$$libinit$$0000001F)
    __rt_lib_init_stdio_1                    0x08000283   Thumb Code     0  libinit2.o(.ARM.Collect$$libinit$$00000027)
    __rt_lib_shutdown                        0x08000285   Thumb Code     0  libshutdown.o(.ARM.Collect$$libshutdown$$00000000)
    __rt_lib_shutdown_cpp_1                  0x08000287   Thumb Code     0  libshutdown2.o(.ARM.Collect$$libshutdown$$00000002)
    __rt_lib_shutdown_fp_trap_1              0x08000287   Thumb Code     0  libshutdown2.o(.ARM.Collect$$libshutdown$$00000007)
    __rt_lib_shutdown_heap_1                 0x08000287   Thumb Code     0  libshutdown2.o(.ARM.Collect$$libshutdown$$0000000F)
    __rt_lib_shutdown_return                 0x08000287   Thumb Code     0  libshutdown2.o(.ARM.Collect$$libshutdown$$00000010)
    __rt_lib_shutdown_signal_1               0x08000287   Thumb Code     0  libshutdown2.o(.ARM.Collect$$libshutdown$$0000000A)
    __rt_lib_shutdown_stdio_1                0x08000287   Thumb Code     0  libshutdown2.o(.ARM.Collect$$libshutdown$$00000004)
    __rt_lib_shutdown_user_alloc_1           0x08000287   Thumb Code     0  libshutdown2.o(.ARM.Collect$$libshutdown$$0000000C)
    __rt_entry                               0x08000289   Thumb Code     0  __rtentry.o(.ARM.Collect$$rtentry$$00000000)
    __rt_entry_presh_1                       0x08000289   Thumb Code     0  __rtentry2.o(.ARM.Collect$$rtentry$$00000002)
    __rt_entry_sh                            0x08000289   Thumb Code     0  __rtentry4.o(.ARM.Collect$$rtentry$$00000004)
    __rt_entry_li                            0x0800028f   Thumb Code     0  __rtentry2.o(.ARM.Collect$$rtentry$$0000000A)
    __rt_entry_postsh_1                      0x0800028f   Thumb Code     0  __rtentry2.o(.ARM.Collect$$rtentry$$00000009)
    __rt_entry_main                          0x08000293   Thumb Code     0  __rtentry2.o(.ARM.Collect$$rtentry$$0000000D)
    __rt_entry_postli_1                      0x08000293   Thumb Code     0  __rtentry2.o(.ARM.Collect$$rtentry$$0000000C)
    __rt_exit                                0x0800029b   Thumb Code     0  rtexit.o(.ARM.Collect$$rtexit$$00000000)
    __rt_exit_ls                             0x0800029d   Thumb Code     0  rtexit2.o(.ARM.Collect$$rtexit$$00000003)
    __rt_exit_prels_1                        0x0800029d   Thumb Code     0  rtexit2.o(.ARM.Collect$$rtexit$$00000002)
    __rt_exit_exit                           0x080002a1   Thumb Code     0  rtexit2.o(.ARM.Collect$$rtexit$$00000004)
    rand                                     0x080002a9   Thumb Code    48  rand.o(.emb_text)
    Reset_Handler                            0x080002dd   Thumb Code     8  startup_stm32g474xx.o(.text)
    ADC1_2_IRQHandler                        0x080002f7   Thumb Code     0  startup_stm32g474xx.o(.text)
    ADC3_IRQHandler                          0x080002f7   Thumb Code     0  startup_stm32g474xx.o(.text)
    ADC4_IRQHandler                          0x080002f7   Thumb Code     0  startup_stm32g474xx.o(.text)
    ADC5_IRQHandler                          0x080002f7   Thumb Code     0  startup_stm32g474xx.o(.text)
    COMP1_2_3_IRQHandler                     0x080002f7   Thumb Code     0  startup_stm32g474xx.o(.text)
    COMP4_5_6_IRQHandler                     0x080002f7   Thumb Code     0  startup_stm32g474xx.o(.text)
    COMP7_IRQHandler                         0x080002f7   Thumb Code     0  startup_stm32g474xx.o(.text)
    CORDIC_IRQHandler                        0x080002f7   Thumb Code     0  startup_stm32g474xx.o(.text)
    CRS_IRQHandler                           0x080002f7   Thumb Code     0  startup_stm32g474xx.o(.text)
    DMA1_Channel1_IRQHandler                 0x080002f7   Thumb Code     0  startup_stm32g474xx.o(.text)
    DMA1_Channel2_IRQHandler                 0x080002f7   Thumb Code     0  startup_stm32g474xx.o(.text)
    DMA1_Channel3_IRQHandler                 0x080002f7   Thumb Code     0  startup_stm32g474xx.o(.text)
    DMA1_Channel4_IRQHandler                 0x080002f7   Thumb Code     0  startup_stm32g474xx.o(.text)
    DMA1_Channel5_IRQHandler                 0x080002f7   Thumb Code     0  startup_stm32g474xx.o(.text)
    DMA1_Channel6_IRQHandler                 0x080002f7   Thumb Code     0  startup_stm32g474xx.o(.text)
    DMA1_Channel7_IRQHandler                 0x080002f7   Thumb Code     0  startup_stm32g474xx.o(.text)
    DMA1_Channel8_IRQHandler                 0x080002f7   Thumb Code     0  startup_stm32g474xx.o(.text)
    DMA2_Channel1_IRQHandler                 0x080002f7   Thumb Code     0  startup_stm32g474xx.o(.text)
    DMA2_Channel2_IRQHandler                 0x080002f7   Thumb Code     0  startup_stm32g474xx.o(.text)
    DMA2_Channel3_IRQHandler                 0x080002f7   Thumb Code     0  startup_stm32g474xx.o(.text)
    DMA2_Channel4_IRQHandler                 0x080002f7   Thumb Code     0  startup_stm32g474xx.o(.text)
    DMA2_Channel5_IRQHandler                 0x080002f7   Thumb Code     0  startup_stm32g474xx.o(.text)
    DMA2_Channel6_IRQHandler                 0x080002f7   Thumb Code     0  startup_stm32g474xx.o(.text)
    DMA2_Channel7_IRQHandler                 0x080002f7   Thumb Code     0  startup_stm32g474xx.o(.text)
    DMA2_Channel8_IRQHandler                 0x080002f7   Thumb Code     0  startup_stm32g474xx.o(.text)
    DMAMUX_OVR_IRQHandler                    0x080002f7   Thumb Code     0  startup_stm32g474xx.o(.text)
    EXTI0_IRQHandler                         0x080002f7   Thumb Code     0  startup_stm32g474xx.o(.text)
    EXTI15_10_IRQHandler                     0x080002f7   Thumb Code     0  startup_stm32g474xx.o(.text)
    EXTI1_IRQHandler                         0x080002f7   Thumb Code     0  startup_stm32g474xx.o(.text)
    EXTI2_IRQHandler                         0x080002f7   Thumb Code     0  startup_stm32g474xx.o(.text)
    EXTI3_IRQHandler                         0x080002f7   Thumb Code     0  startup_stm32g474xx.o(.text)
    EXTI4_IRQHandler                         0x080002f7   Thumb Code     0  startup_stm32g474xx.o(.text)
    EXTI9_5_IRQHandler                       0x080002f7   Thumb Code     0  startup_stm32g474xx.o(.text)
    FDCAN1_IT0_IRQHandler                    0x080002f7   Thumb Code     0  startup_stm32g474xx.o(.text)
    FDCAN1_IT1_IRQHandler                    0x080002f7   Thumb Code     0  startup_stm32g474xx.o(.text)
    FDCAN2_IT0_IRQHandler                    0x080002f7   Thumb Code     0  startup_stm32g474xx.o(.text)
    FDCAN2_IT1_IRQHandler                    0x080002f7   Thumb Code     0  startup_stm32g474xx.o(.text)
    FDCAN3_IT0_IRQHandler                    0x080002f7   Thumb Code     0  startup_stm32g474xx.o(.text)
    FDCAN3_IT1_IRQHandler                    0x080002f7   Thumb Code     0  startup_stm32g474xx.o(.text)
    FLASH_IRQHandler                         0x080002f7   Thumb Code     0  startup_stm32g474xx.o(.text)
    FMAC_IRQHandler                          0x080002f7   Thumb Code     0  startup_stm32g474xx.o(.text)
    FMC_IRQHandler                           0x080002f7   Thumb Code     0  startup_stm32g474xx.o(.text)
    FPU_IRQHandler                           0x080002f7   Thumb Code     0  startup_stm32g474xx.o(.text)
    HRTIM1_FLT_IRQHandler                    0x080002f7   Thumb Code     0  startup_stm32g474xx.o(.text)
    HRTIM1_Master_IRQHandler                 0x080002f7   Thumb Code     0  startup_stm32g474xx.o(.text)
    HRTIM1_TIMA_IRQHandler                   0x080002f7   Thumb Code     0  startup_stm32g474xx.o(.text)
    HRTIM1_TIMB_IRQHandler                   0x080002f7   Thumb Code     0  startup_stm32g474xx.o(.text)
    HRTIM1_TIMC_IRQHandler                   0x080002f7   Thumb Code     0  startup_stm32g474xx.o(.text)
    HRTIM1_TIMD_IRQHandler                   0x080002f7   Thumb Code     0  startup_stm32g474xx.o(.text)
    HRTIM1_TIME_IRQHandler                   0x080002f7   Thumb Code     0  startup_stm32g474xx.o(.text)
    HRTIM1_TIMF_IRQHandler                   0x080002f7   Thumb Code     0  startup_stm32g474xx.o(.text)
    I2C1_ER_IRQHandler                       0x080002f7   Thumb Code     0  startup_stm32g474xx.o(.text)
    I2C1_EV_IRQHandler                       0x080002f7   Thumb Code     0  startup_stm32g474xx.o(.text)
    I2C2_ER_IRQHandler                       0x080002f7   Thumb Code     0  startup_stm32g474xx.o(.text)
    I2C2_EV_IRQHandler                       0x080002f7   Thumb Code     0  startup_stm32g474xx.o(.text)
    I2C3_ER_IRQHandler                       0x080002f7   Thumb Code     0  startup_stm32g474xx.o(.text)
    I2C3_EV_IRQHandler                       0x080002f7   Thumb Code     0  startup_stm32g474xx.o(.text)
    I2C4_ER_IRQHandler                       0x080002f7   Thumb Code     0  startup_stm32g474xx.o(.text)
    I2C4_EV_IRQHandler                       0x080002f7   Thumb Code     0  startup_stm32g474xx.o(.text)
    LPTIM1_IRQHandler                        0x080002f7   Thumb Code     0  startup_stm32g474xx.o(.text)
    LPUART1_IRQHandler                       0x080002f7   Thumb Code     0  startup_stm32g474xx.o(.text)
    PVD_PVM_IRQHandler                       0x080002f7   Thumb Code     0  startup_stm32g474xx.o(.text)
    QUADSPI_IRQHandler                       0x080002f7   Thumb Code     0  startup_stm32g474xx.o(.text)
    RCC_IRQHandler                           0x080002f7   Thumb Code     0  startup_stm32g474xx.o(.text)
    RNG_IRQHandler                           0x080002f7   Thumb Code     0  startup_stm32g474xx.o(.text)
    RTC_Alarm_IRQHandler                     0x080002f7   Thumb Code     0  startup_stm32g474xx.o(.text)
    RTC_TAMP_LSECSS_IRQHandler               0x080002f7   Thumb Code     0  startup_stm32g474xx.o(.text)
    RTC_WKUP_IRQHandler                      0x080002f7   Thumb Code     0  startup_stm32g474xx.o(.text)
    SAI1_IRQHandler                          0x080002f7   Thumb Code     0  startup_stm32g474xx.o(.text)
    SPI1_IRQHandler                          0x080002f7   Thumb Code     0  startup_stm32g474xx.o(.text)
    SPI2_IRQHandler                          0x080002f7   Thumb Code     0  startup_stm32g474xx.o(.text)
    SPI3_IRQHandler                          0x080002f7   Thumb Code     0  startup_stm32g474xx.o(.text)
    SPI4_IRQHandler                          0x080002f7   Thumb Code     0  startup_stm32g474xx.o(.text)
    TIM1_BRK_TIM15_IRQHandler                0x080002f7   Thumb Code     0  startup_stm32g474xx.o(.text)
    TIM1_CC_IRQHandler                       0x080002f7   Thumb Code     0  startup_stm32g474xx.o(.text)
    TIM1_TRG_COM_TIM17_IRQHandler            0x080002f7   Thumb Code     0  startup_stm32g474xx.o(.text)
    TIM1_UP_TIM16_IRQHandler                 0x080002f7   Thumb Code     0  startup_stm32g474xx.o(.text)
    TIM20_BRK_IRQHandler                     0x080002f7   Thumb Code     0  startup_stm32g474xx.o(.text)
    TIM20_CC_IRQHandler                      0x080002f7   Thumb Code     0  startup_stm32g474xx.o(.text)
    TIM20_TRG_COM_IRQHandler                 0x080002f7   Thumb Code     0  startup_stm32g474xx.o(.text)
    TIM20_UP_IRQHandler                      0x080002f7   Thumb Code     0  startup_stm32g474xx.o(.text)
    TIM2_IRQHandler                          0x080002f7   Thumb Code     0  startup_stm32g474xx.o(.text)
    TIM3_IRQHandler                          0x080002f7   Thumb Code     0  startup_stm32g474xx.o(.text)
    TIM4_IRQHandler                          0x080002f7   Thumb Code     0  startup_stm32g474xx.o(.text)
    TIM5_IRQHandler                          0x080002f7   Thumb Code     0  startup_stm32g474xx.o(.text)
    TIM6_DAC_IRQHandler                      0x080002f7   Thumb Code     0  startup_stm32g474xx.o(.text)
    TIM7_DAC_IRQHandler                      0x080002f7   Thumb Code     0  startup_stm32g474xx.o(.text)
    TIM8_BRK_IRQHandler                      0x080002f7   Thumb Code     0  startup_stm32g474xx.o(.text)
    TIM8_CC_IRQHandler                       0x080002f7   Thumb Code     0  startup_stm32g474xx.o(.text)
    TIM8_TRG_COM_IRQHandler                  0x080002f7   Thumb Code     0  startup_stm32g474xx.o(.text)
    TIM8_UP_IRQHandler                       0x080002f7   Thumb Code     0  startup_stm32g474xx.o(.text)
    UART4_IRQHandler                         0x080002f7   Thumb Code     0  startup_stm32g474xx.o(.text)
    UART5_IRQHandler                         0x080002f7   Thumb Code     0  startup_stm32g474xx.o(.text)
    UCPD1_IRQHandler                         0x080002f7   Thumb Code     0  startup_stm32g474xx.o(.text)
    USART1_IRQHandler                        0x080002f7   Thumb Code     0  startup_stm32g474xx.o(.text)
    USART2_IRQHandler                        0x080002f7   Thumb Code     0  startup_stm32g474xx.o(.text)
    USART3_IRQHandler                        0x080002f7   Thumb Code     0  startup_stm32g474xx.o(.text)
    USBWakeUp_IRQHandler                     0x080002f7   Thumb Code     0  startup_stm32g474xx.o(.text)
    USB_HP_IRQHandler                        0x080002f7   Thumb Code     0  startup_stm32g474xx.o(.text)
    USB_LP_IRQHandler                        0x080002f7   Thumb Code     0  startup_stm32g474xx.o(.text)
    WWDG_IRQHandler                          0x080002f7   Thumb Code     0  startup_stm32g474xx.o(.text)
    __user_initial_stackheap                 0x080002f9   Thumb Code     0  startup_stm32g474xx.o(.text)
    srand                                    0x0800031d   Thumb Code    42  rand.o(.text)
    _rand_init                               0x08000347   Thumb Code     4  rand.o(.text)
    __aeabi_memclr4                          0x08000359   Thumb Code     0  rt_memclr_w.o(.text)
    __aeabi_memclr8                          0x08000359   Thumb Code     0  rt_memclr_w.o(.text)
    __rt_memclr_w                            0x08000359   Thumb Code     0  rt_memclr_w.o(.text)
    _memset_w                                0x0800035d   Thumb Code    74  rt_memclr_w.o(.text)
    __use_two_region_memory                  0x080003a7   Thumb Code     2  heapauxi.o(.text)
    __rt_heap_escrow$2region                 0x080003a9   Thumb Code     2  heapauxi.o(.text)
    __rt_heap_expand$2region                 0x080003ab   Thumb Code     2  heapauxi.o(.text)
    __read_errno                             0x080003ad   Thumb Code    10  _rserrno.o(.text)
    __set_errno                              0x080003b7   Thumb Code    12  _rserrno.o(.text)
    __aeabi_errno_addr                       0x080003c5   Thumb Code     8  rt_errno_addr_intlibspace.o(.text)
    __errno$intlibspace                      0x080003c5   Thumb Code     0  rt_errno_addr_intlibspace.o(.text)
    __rt_errno_addr$intlibspace              0x080003c5   Thumb Code     0  rt_errno_addr_intlibspace.o(.text)
    __user_libspace                          0x080003cd   Thumb Code     8  libspace.o(.text)
    __user_perproc_libspace                  0x080003cd   Thumb Code     0  libspace.o(.text)
    __user_perthread_libspace                0x080003cd   Thumb Code     0  libspace.o(.text)
    __user_setup_stackheap                   0x080003d5   Thumb Code    74  sys_stackheap_outer.o(.text)
    exit                                     0x0800041f   Thumb Code    18  exit.o(.text)
    __I$use$semihosting                      0x08000431   Thumb Code     0  use_no_semi.o(.text)
    __use_no_semihosting_swi                 0x08000431   Thumb Code     2  use_no_semi.o(.text)
    __semihosting_library_function           0x08000433   Thumb Code     0  indicate_semi.o(.text)
    _sys_exit                                0x08000435   Thumb Code     8  sys_exit.o(.text)
    BlockWrite                               0x08000441   Thumb Code  1134  lcd.o(.text.BlockWrite)
    BusFault_Handler                         0x080008b1   Thumb Code     2  stm32g4xx_it.o(.text.BusFault_Handler)
    DebugMon_Handler                         0x080008b5   Thumb Code     2  stm32g4xx_it.o(.text.DebugMon_Handler)
    DrawPixel                                0x080008b9   Thumb Code   366  lcd.o(.text.DrawPixel)
    HAL_Delay                                0x08000a29   Thumb Code    40  stm32g4xx_hal.o(.text.HAL_Delay)
    HAL_GPIO_Init                            0x08000a51   Thumb Code   434  stm32g4xx_hal_gpio.o(.text.HAL_GPIO_Init)
    HAL_GPIO_ReadPin                         0x08000c05   Thumb Code    10  stm32g4xx_hal_gpio.o(.text.HAL_GPIO_ReadPin)
    HAL_GPIO_WritePin                        0x08000c11   Thumb Code    12  stm32g4xx_hal_gpio.o(.text.HAL_GPIO_WritePin)
    HAL_GetTick                              0x08000c1d   Thumb Code    12  stm32g4xx_hal.o(.text.HAL_GetTick)
    HAL_IncTick                              0x08000c29   Thumb Code    26  stm32g4xx_hal.o(.text.HAL_IncTick)
    HAL_Init                                 0x08000c45   Thumb Code    30  stm32g4xx_hal.o(.text.HAL_Init)
    HAL_InitTick                             0x08000c65   Thumb Code    80  stm32g4xx_hal.o(.text.HAL_InitTick)
    HAL_MspInit                              0x08000cb5   Thumb Code    52  stm32g4xx_hal_msp.o(.text.HAL_MspInit)
    HAL_NVIC_SetPriority                     0x08000ce9   Thumb Code    86  stm32g4xx_hal_cortex.o(.text.HAL_NVIC_SetPriority)
    HAL_NVIC_SetPriorityGrouping             0x08000d41   Thumb Code    32  stm32g4xx_hal_cortex.o(.text.HAL_NVIC_SetPriorityGrouping)
    HAL_PWREx_ControlVoltageScaling          0x08000d61   Thumb Code   270  stm32g4xx_hal_pwr_ex.o(.text.HAL_PWREx_ControlVoltageScaling)
    HAL_PWREx_DisableUCPDDeadBattery         0x08000e71   Thumb Code    18  stm32g4xx_hal_pwr_ex.o(.text.HAL_PWREx_DisableUCPDDeadBattery)
    HAL_RCC_ClockConfig                      0x08000e85   Thumb Code   772  stm32g4xx_hal_rcc.o(.text.HAL_RCC_ClockConfig)
    HAL_RCC_OscConfig                        0x08001189   Thumb Code  1230  stm32g4xx_hal_rcc.o(.text.HAL_RCC_OscConfig)
    HAL_SYSTICK_Config                       0x08001659   Thumb Code    44  stm32g4xx_hal_cortex.o(.text.HAL_SYSTICK_Config)
    HardFault_Handler                        0x08001685   Thumb Code     2  stm32g4xx_it.o(.text.HardFault_Handler)
    LCD_Fill_Pic                             0x08001689   Thumb Code   440  lcd.o(.text.LCD_Fill_Pic)
    LCD_GPIO_Config                          0x08001841   Thumb Code    74  lcd.o(.text.LCD_GPIO_Config)
    LCD_Initial                              0x0800188d   Thumb Code 20598  lcd.o(.text.LCD_Initial)
    LCD_PutString                            0x08006905   Thumb Code    90  lcd.o(.text.LCD_PutString)
    LCD_WriteData                            0x08006961   Thumb Code   360  lcd.o(.text.LCD_WriteData)
    LCD_delay                                0x08006ac9   Thumb Code   102  lcd.o(.text.LCD_delay)
    Lcd_ColorBox                             0x08006b31   Thumb Code   752  lcd.o(.text.Lcd_ColorBox)
    Lcd_SetCursor                            0x08006e21   Thumb Code   448  lcd.o(.text.Lcd_SetCursor)
    MemManage_Handler                        0x08006fe1   Thumb Code     2  stm32g4xx_it.o(.text.MemManage_Handler)
    NMI_Handler                              0x08006fe5   Thumb Code     2  stm32g4xx_it.o(.text.NMI_Handler)
    PendSV_Handler                           0x08006fe9   Thumb Code     2  stm32g4xx_it.o(.text.PendSV_Handler)
    PutGB1616                                0x08006fed   Thumb Code   934  lcd.o(.text.PutGB1616)
    SPILCD_ShowChar                          0x08007395   Thumb Code   782  lcd.o(.text.SPILCD_ShowChar)
    SVC_Handler                              0x080076a5   Thumb Code     2  stm32g4xx_it.o(.text.SVC_Handler)
    SysTick_Handler                          0x080076a9   Thumb Code     4  stm32g4xx_it.o(.text.SysTick_Handler)
    SystemInit                               0x080076ad   Thumb Code    18  system_stm32g4xx.o(.text.SystemInit)
    UsageFault_Handler                       0x080076c1   Thumb Code     2  stm32g4xx_it.o(.text.UsageFault_Handler)
    draw_menu                                0x080076c9   Thumb Code  1824  function.o(.text.draw_menu)
    main                                     0x08007e1d   Thumb Code   636  main.o(.text.main)
    __ARM_fpclassify                         0x080080d1   Thumb Code    48  fpclassify.o(i.__ARM_fpclassify)
    __hardfp_cos                             0x08008101   Thumb Code   180  cos.o(i.__hardfp_cos)
    __hardfp_sin                             0x080081c9   Thumb Code   180  sin.o(i.__hardfp_sin)
    __ieee754_rem_pio2                       0x08008291   Thumb Code   938  rred.o(i.__ieee754_rem_pio2)
    __kernel_cos                             0x080086c9   Thumb Code   322  cos_i.o(i.__kernel_cos)
    __kernel_poly                            0x08008839   Thumb Code   248  poly.o(i.__kernel_poly)
    __kernel_sin                             0x08008931   Thumb Code   280  sin_i.o(i.__kernel_sin)
    __mathlib_dbl_infnan                     0x08008a61   Thumb Code    20  dunder.o(i.__mathlib_dbl_infnan)
    __mathlib_dbl_invalid                    0x08008a79   Thumb Code    24  dunder.o(i.__mathlib_dbl_invalid)
    __mathlib_dbl_underflow                  0x08008a99   Thumb Code    24  dunder.o(i.__mathlib_dbl_underflow)
    fabs                                     0x08008ab9   Thumb Code    24  fabs.o(i.fabs)
    __aeabi_dneg                             0x08008ad1   Thumb Code     0  basic.o(x$fpl$basic)
    _dneg                                    0x08008ad1   Thumb Code     6  basic.o(x$fpl$basic)
    __aeabi_fneg                             0x08008ad7   Thumb Code     0  basic.o(x$fpl$basic)
    _fneg                                    0x08008ad7   Thumb Code     6  basic.o(x$fpl$basic)
    _dabs                                    0x08008add   Thumb Code     6  basic.o(x$fpl$basic)
    _fabs                                    0x08008ae3   Thumb Code     6  basic.o(x$fpl$basic)
    __aeabi_dadd                             0x08008ae9   Thumb Code     0  daddsub_clz.o(x$fpl$dadd)
    _dadd                                    0x08008ae9   Thumb Code   332  daddsub_clz.o(x$fpl$dadd)
    __aeabi_ddiv                             0x08008c39   Thumb Code     0  ddiv.o(x$fpl$ddiv)
    _ddiv                                    0x08008c39   Thumb Code   560  ddiv.o(x$fpl$ddiv)
    __aeabi_d2iz                             0x08008ef1   Thumb Code     0  dfix.o(x$fpl$dfix)
    _dfix                                    0x08008ef1   Thumb Code    94  dfix.o(x$fpl$dfix)
    __aeabi_i2d                              0x08008f4f   Thumb Code     0  dflt_clz.o(x$fpl$dflt)
    _dflt                                    0x08008f4f   Thumb Code    46  dflt_clz.o(x$fpl$dflt)
    __aeabi_ui2d                             0x08008f7d   Thumb Code     0  dflt_clz.o(x$fpl$dfltu)
    _dfltu                                   0x08008f7d   Thumb Code    38  dflt_clz.o(x$fpl$dfltu)
    __aeabi_dmul                             0x08008fa5   Thumb Code     0  dmul.o(x$fpl$dmul)
    _dmul                                    0x08008fa5   Thumb Code   332  dmul.o(x$fpl$dmul)
    __fpl_dnaninf                            0x080090f9   Thumb Code   156  dnaninf.o(x$fpl$dnaninf)
    __fpl_dretinf                            0x08009195   Thumb Code    12  dretinf.o(x$fpl$dretinf)
    __aeabi_drsub                            0x080091a1   Thumb Code     0  daddsub_clz.o(x$fpl$drsb)
    _drsb                                    0x080091a1   Thumb Code    22  daddsub_clz.o(x$fpl$drsb)
    __aeabi_dsub                             0x080091b9   Thumb Code     0  daddsub_clz.o(x$fpl$dsub)
    _dsub                                    0x080091b9   Thumb Code   472  daddsub_clz.o(x$fpl$dsub)
    _fp_init                                 0x08009395   Thumb Code    26  fpinit.o(x$fpl$fpinit)
    __fplib_config_fpu_vfp                   0x080093ad   Thumb Code     0  fpinit.o(x$fpl$fpinit)
    __fplib_config_pureend_doubles           0x080093ad   Thumb Code     0  fpinit.o(x$fpl$fpinit)
    __I$use$fp                               0x080093ae   Number         0  usenofp.o(x$fpl$usenofp)
    AHBPrescTable                            0x080094d8   Data          16  system_stm32g4xx.o(.rodata.AHBPrescTable)
    codeGB_16                                0x080094e8   Data        1505  lcd.o(.rodata.codeGB_16)
    gImage_20                                0x08009ac9   Data       12800  pic.o(.rodata.gImage_20)
    nAsciiDot                                0x0800ccc9   Data        1536  lcd.o(.rodata.nAsciiDot)
    Region$$Table$$Base                      0x0800d2cc   Number         0  anon$$obj.o(Region$$Table)
    Region$$Table$$Limit                     0x0800d2ec   Number         0  anon$$obj.o(Region$$Table)
    uwTickPrio                               0x20000000   Data           4  stm32g4xx_hal.o(.data..L_MergedGlobals)
    uwTickFreq                               0x20000004   Data           4  stm32g4xx_hal.o(.data..L_MergedGlobals)
    SystemCoreClock                          0x20000008   Data           4  system_stm32g4xx.o(.data.SystemCoreClock)
    _random_number_data                      0x20000010   Data         228  rand.o(.bss)
    __libspace_start                         0x200000f4   Data          96  libspace.o(.bss)
    __temporary_stack_top$libspace           0x20000154   Data           0  libspace.o(.bss)
    layer                                    0x20000154   Data           1  main.o(.bss..L_MergedGlobals)
    target                                   0x20000155   Data           1  main.o(.bss..L_MergedGlobals)
    uwTick                                   0x20000158   Data           4  stm32g4xx_hal.o(.bss.uwTick)



==============================================================================

Memory Map of the image

  Image Entry point : 0x080001d9

  Load Region LR_IROM1 (Base: 0x08000000, Size: 0x0000d300, Max: 0x00080000, ABSOLUTE)

    Execution Region ER_IROM1 (Exec base: 0x08000000, Load base: 0x08000000, Size: 0x0000d2ec, Max: 0x00080000, ABSOLUTE)

    Exec Addr    Load Addr    Size         Type   Attr      Idx    E Section Name        Object

    0x08000000   0x08000000   0x000001d8   Data   RO            3    RESET               startup_stm32g474xx.o
    0x080001d8   0x080001d8   0x00000008   Code   RO          663  * !!!main             c_w.l(__main.o)
    0x080001e0   0x080001e0   0x0000005c   Code   RO          911    !!!scatter          c_w.l(__scatter.o)
    0x0800023c   0x0800023c   0x0000001a   Code   RO          915    !!handler_copy      c_w.l(__scatter_copy.o)
    0x08000256   0x08000256   0x00000002   PAD
    0x08000258   0x08000258   0x00000002   Code   RO          912    !!handler_null      c_w.l(__scatter.o)
    0x0800025a   0x0800025a   0x00000002   PAD
    0x0800025c   0x0800025c   0x0000001c   Code   RO          917    !!handler_zi        c_w.l(__scatter_zi.o)
    0x08000278   0x08000278   0x00000002   Code   RO          831    .ARM.Collect$$libinit$$00000000  c_w.l(libinit.o)
    0x0800027a   0x0800027a   0x00000004   Code   RO          702    .ARM.Collect$$libinit$$00000001  c_w.l(libinit2.o)
    0x0800027e   0x0800027e   0x00000000   Code   RO          705    .ARM.Collect$$libinit$$00000004  c_w.l(libinit2.o)
    0x0800027e   0x0800027e   0x00000000   Code   RO          707    .ARM.Collect$$libinit$$00000006  c_w.l(libinit2.o)
    0x0800027e   0x0800027e   0x00000000   Code   RO          710    .ARM.Collect$$libinit$$0000000C  c_w.l(libinit2.o)
    0x0800027e   0x0800027e   0x00000000   Code   RO          712    .ARM.Collect$$libinit$$0000000E  c_w.l(libinit2.o)
    0x0800027e   0x0800027e   0x00000004   Code   RO          713    .ARM.Collect$$libinit$$0000000F  c_w.l(libinit2.o)
    0x08000282   0x08000282   0x00000000   Code   RO          714    .ARM.Collect$$libinit$$00000010  c_w.l(libinit2.o)
    0x08000282   0x08000282   0x00000000   Code   RO          717    .ARM.Collect$$libinit$$00000013  c_w.l(libinit2.o)
    0x08000282   0x08000282   0x00000000   Code   RO          719    .ARM.Collect$$libinit$$00000015  c_w.l(libinit2.o)
    0x08000282   0x08000282   0x00000000   Code   RO          721    .ARM.Collect$$libinit$$00000017  c_w.l(libinit2.o)
    0x08000282   0x08000282   0x00000000   Code   RO          723    .ARM.Collect$$libinit$$00000019  c_w.l(libinit2.o)
    0x08000282   0x08000282   0x00000000   Code   RO          725    .ARM.Collect$$libinit$$0000001B  c_w.l(libinit2.o)
    0x08000282   0x08000282   0x00000000   Code   RO          727    .ARM.Collect$$libinit$$0000001D  c_w.l(libinit2.o)
    0x08000282   0x08000282   0x00000000   Code   RO          729    .ARM.Collect$$libinit$$0000001F  c_w.l(libinit2.o)
    0x08000282   0x08000282   0x00000000   Code   RO          731    .ARM.Collect$$libinit$$00000021  c_w.l(libinit2.o)
    0x08000282   0x08000282   0x00000000   Code   RO          733    .ARM.Collect$$libinit$$00000023  c_w.l(libinit2.o)
    0x08000282   0x08000282   0x00000000   Code   RO          735    .ARM.Collect$$libinit$$00000025  c_w.l(libinit2.o)
    0x08000282   0x08000282   0x00000000   Code   RO          737    .ARM.Collect$$libinit$$00000027  c_w.l(libinit2.o)
    0x08000282   0x08000282   0x00000000   Code   RO          741    .ARM.Collect$$libinit$$0000002E  c_w.l(libinit2.o)
    0x08000282   0x08000282   0x00000000   Code   RO          743    .ARM.Collect$$libinit$$00000030  c_w.l(libinit2.o)
    0x08000282   0x08000282   0x00000000   Code   RO          745    .ARM.Collect$$libinit$$00000032  c_w.l(libinit2.o)
    0x08000282   0x08000282   0x00000000   Code   RO          747    .ARM.Collect$$libinit$$00000034  c_w.l(libinit2.o)
    0x08000282   0x08000282   0x00000002   Code   RO          748    .ARM.Collect$$libinit$$00000035  c_w.l(libinit2.o)
    0x08000284   0x08000284   0x00000002   Code   RO          870    .ARM.Collect$$libshutdown$$00000000  c_w.l(libshutdown.o)
    0x08000286   0x08000286   0x00000000   Code   RO          878    .ARM.Collect$$libshutdown$$00000002  c_w.l(libshutdown2.o)
    0x08000286   0x08000286   0x00000000   Code   RO          880    .ARM.Collect$$libshutdown$$00000004  c_w.l(libshutdown2.o)
    0x08000286   0x08000286   0x00000000   Code   RO          883    .ARM.Collect$$libshutdown$$00000007  c_w.l(libshutdown2.o)
    0x08000286   0x08000286   0x00000000   Code   RO          886    .ARM.Collect$$libshutdown$$0000000A  c_w.l(libshutdown2.o)
    0x08000286   0x08000286   0x00000000   Code   RO          888    .ARM.Collect$$libshutdown$$0000000C  c_w.l(libshutdown2.o)
    0x08000286   0x08000286   0x00000000   Code   RO          891    .ARM.Collect$$libshutdown$$0000000F  c_w.l(libshutdown2.o)
    0x08000286   0x08000286   0x00000002   Code   RO          892    .ARM.Collect$$libshutdown$$00000010  c_w.l(libshutdown2.o)
    0x08000288   0x08000288   0x00000000   Code   RO          699    .ARM.Collect$$rtentry$$00000000  c_w.l(__rtentry.o)
    0x08000288   0x08000288   0x00000000   Code   RO          782    .ARM.Collect$$rtentry$$00000002  c_w.l(__rtentry2.o)
    0x08000288   0x08000288   0x00000006   Code   RO          794    .ARM.Collect$$rtentry$$00000004  c_w.l(__rtentry4.o)
    0x0800028e   0x0800028e   0x00000000   Code   RO          784    .ARM.Collect$$rtentry$$00000009  c_w.l(__rtentry2.o)
    0x0800028e   0x0800028e   0x00000004   Code   RO          785    .ARM.Collect$$rtentry$$0000000A  c_w.l(__rtentry2.o)
    0x08000292   0x08000292   0x00000000   Code   RO          787    .ARM.Collect$$rtentry$$0000000C  c_w.l(__rtentry2.o)
    0x08000292   0x08000292   0x00000008   Code   RO          788    .ARM.Collect$$rtentry$$0000000D  c_w.l(__rtentry2.o)
    0x0800029a   0x0800029a   0x00000002   Code   RO          836    .ARM.Collect$$rtexit$$00000000  c_w.l(rtexit.o)
    0x0800029c   0x0800029c   0x00000000   Code   RO          848    .ARM.Collect$$rtexit$$00000002  c_w.l(rtexit2.o)
    0x0800029c   0x0800029c   0x00000004   Code   RO          849    .ARM.Collect$$rtexit$$00000003  c_w.l(rtexit2.o)
    0x080002a0   0x080002a0   0x00000006   Code   RO          850    .ARM.Collect$$rtexit$$00000004  c_w.l(rtexit2.o)
    0x080002a6   0x080002a6   0x00000002   PAD
    0x080002a8   0x080002a8   0x00000034   Code   RO          654    .emb_text           c_w.l(rand.o)
    0x080002dc   0x080002dc   0x00000040   Code   RO            4    .text               startup_stm32g474xx.o
    0x0800031c   0x0800031c   0x0000003c   Code   RO          655    .text               c_w.l(rand.o)
    0x08000358   0x08000358   0x0000004e   Code   RO          659    .text               c_w.l(rt_memclr_w.o)
    0x080003a6   0x080003a6   0x00000006   Code   RO          661    .text               c_w.l(heapauxi.o)
    0x080003ac   0x080003ac   0x00000016   Code   RO          700    .text               c_w.l(_rserrno.o)
    0x080003c2   0x080003c2   0x00000002   PAD
    0x080003c4   0x080003c4   0x00000008   Code   RO          799    .text               c_w.l(rt_errno_addr_intlibspace.o)
    0x080003cc   0x080003cc   0x00000008   Code   RO          815    .text               c_w.l(libspace.o)
    0x080003d4   0x080003d4   0x0000004a   Code   RO          818    .text               c_w.l(sys_stackheap_outer.o)
    0x0800041e   0x0800041e   0x00000012   Code   RO          820    .text               c_w.l(exit.o)
    0x08000430   0x08000430   0x00000002   Code   RO          844    .text               c_w.l(use_no_semi.o)
    0x08000432   0x08000432   0x00000000   Code   RO          846    .text               c_w.l(indicate_semi.o)
    0x08000432   0x08000432   0x00000002   PAD
    0x08000434   0x08000434   0x0000000c   Code   RO          860    .text               c_w.l(sys_exit.o)
    0x08000440   0x08000440   0x0000046e   Code   RO           27    .text.BlockWrite    lcd.o
    0x080008ae   0x080008ae   0x00000002   PAD
    0x080008b0   0x080008b0   0x00000002   Code   RO           92    .text.BusFault_Handler  stm32g4xx_it.o
    0x080008b2   0x080008b2   0x00000002   PAD
    0x080008b4   0x080008b4   0x00000002   Code   RO           98    .text.DebugMon_Handler  stm32g4xx_it.o
    0x080008b6   0x080008b6   0x00000002   PAD
    0x080008b8   0x080008b8   0x0000016e   Code   RO           35    .text.DrawPixel     lcd.o
    0x08000a26   0x08000a26   0x00000002   PAD
    0x08000a28   0x08000a28   0x00000028   Code   RO          229    .text.HAL_Delay     stm32g4xx_hal.o
    0x08000a50   0x08000a50   0x000001b2   Code   RO          452    .text.HAL_GPIO_Init  stm32g4xx_hal_gpio.o
    0x08000c02   0x08000c02   0x00000002   PAD
    0x08000c04   0x08000c04   0x0000000a   Code   RO          456    .text.HAL_GPIO_ReadPin  stm32g4xx_hal_gpio.o
    0x08000c0e   0x08000c0e   0x00000002   PAD
    0x08000c10   0x08000c10   0x0000000c   Code   RO          458    .text.HAL_GPIO_WritePin  stm32g4xx_hal_gpio.o
    0x08000c1c   0x08000c1c   0x0000000c   Code   RO          221    .text.HAL_GetTick   stm32g4xx_hal.o
    0x08000c28   0x08000c28   0x0000001a   Code   RO          219    .text.HAL_IncTick   stm32g4xx_hal.o
    0x08000c42   0x08000c42   0x00000002   PAD
    0x08000c44   0x08000c44   0x0000001e   Code   RO          209    .text.HAL_Init      stm32g4xx_hal.o
    0x08000c62   0x08000c62   0x00000002   PAD
    0x08000c64   0x08000c64   0x00000050   Code   RO          211    .text.HAL_InitTick  stm32g4xx_hal.o
    0x08000cb4   0x08000cb4   0x00000034   Code   RO          111    .text.HAL_MspInit   stm32g4xx_hal_msp.o
    0x08000ce8   0x08000ce8   0x00000056   Code   RO          594    .text.HAL_NVIC_SetPriority  stm32g4xx_hal_cortex.o
    0x08000d3e   0x08000d3e   0x00000002   PAD
    0x08000d40   0x08000d40   0x00000020   Code   RO          592    .text.HAL_NVIC_SetPriorityGrouping  stm32g4xx_hal_cortex.o
    0x08000d60   0x08000d60   0x0000010e   Code   RO          129    .text.HAL_PWREx_ControlVoltageScaling  stm32g4xx_hal_pwr_ex.o
    0x08000e6e   0x08000e6e   0x00000002   PAD
    0x08000e70   0x08000e70   0x00000012   Code   RO          199    .text.HAL_PWREx_DisableUCPDDeadBattery  stm32g4xx_hal_pwr_ex.o
    0x08000e82   0x08000e82   0x00000002   PAD
    0x08000e84   0x08000e84   0x00000304   Code   RO          299    .text.HAL_RCC_ClockConfig  stm32g4xx_hal_rcc.o
    0x08001188   0x08001188   0x000004ce   Code   RO          297    .text.HAL_RCC_OscConfig  stm32g4xx_hal_rcc.o
    0x08001656   0x08001656   0x00000002   PAD
    0x08001658   0x08001658   0x0000002c   Code   RO          604    .text.HAL_SYSTICK_Config  stm32g4xx_hal_cortex.o
    0x08001684   0x08001684   0x00000002   Code   RO           88    .text.HardFault_Handler  stm32g4xx_it.o
    0x08001686   0x08001686   0x00000002   PAD
    0x08001688   0x08001688   0x000001b8   Code   RO           33    .text.LCD_Fill_Pic  lcd.o
    0x08001840   0x08001840   0x0000004a   Code   RO           11    .text.LCD_GPIO_Config  lcd.o
    0x0800188a   0x0800188a   0x00000002   PAD
    0x0800188c   0x0800188c   0x00005076   Code   RO           31    .text.LCD_Initial   lcd.o
    0x08006902   0x08006902   0x00000002   PAD
    0x08006904   0x08006904   0x0000005a   Code   RO           41    .text.LCD_PutString  lcd.o
    0x0800695e   0x0800695e   0x00000002   PAD
    0x08006960   0x08006960   0x00000168   Code   RO           21    .text.LCD_WriteData  lcd.o
    0x08006ac8   0x08006ac8   0x00000066   Code   RO           15    .text.LCD_delay     lcd.o
    0x08006b2e   0x08006b2e   0x00000002   PAD
    0x08006b30   0x08006b30   0x000002f0   Code   RO           29    .text.Lcd_ColorBox  lcd.o
    0x08006e20   0x08006e20   0x000001c0   Code   RO           25    .text.Lcd_SetCursor  lcd.o
    0x08006fe0   0x08006fe0   0x00000002   Code   RO           90    .text.MemManage_Handler  stm32g4xx_it.o
    0x08006fe2   0x08006fe2   0x00000002   PAD
    0x08006fe4   0x08006fe4   0x00000002   Code   RO           86    .text.NMI_Handler   stm32g4xx_it.o
    0x08006fe6   0x08006fe6   0x00000002   PAD
    0x08006fe8   0x08006fe8   0x00000002   Code   RO          100    .text.PendSV_Handler  stm32g4xx_it.o
    0x08006fea   0x08006fea   0x00000002   PAD
    0x08006fec   0x08006fec   0x000003a6   Code   RO           39    .text.PutGB1616     lcd.o
    0x08007392   0x08007392   0x00000002   PAD
    0x08007394   0x08007394   0x0000030e   Code   RO           37    .text.SPILCD_ShowChar  lcd.o
    0x080076a2   0x080076a2   0x00000002   PAD
    0x080076a4   0x080076a4   0x00000002   Code   RO           96    .text.SVC_Handler   stm32g4xx_it.o
    0x080076a6   0x080076a6   0x00000002   PAD
    0x080076a8   0x080076a8   0x00000004   Code   RO          102    .text.SysTick_Handler  stm32g4xx_it.o
    0x080076ac   0x080076ac   0x00000012   Code   RO          638    .text.SystemInit    system_stm32g4xx.o
    0x080076be   0x080076be   0x00000002   PAD
    0x080076c0   0x080076c0   0x00000002   Code   RO           94    .text.UsageFault_Handler  stm32g4xx_it.o
    0x080076c2   0x080076c2   0x00000006   PAD
    0x080076c8   0x080076c8   0x00000754   Code   RO           58    .text.draw_menu     function.o
    0x08007e1c   0x08007e1c   0x000002b4   Code   RO           70    .text.main          main.o
    0x080080d0   0x080080d0   0x00000030   Code   RO          811    i.__ARM_fpclassify  m_wm.l(fpclassify.o)
    0x08008100   0x08008100   0x000000c8   Code   RO          687    i.__hardfp_cos      m_wm.l(cos.o)
    0x080081c8   0x080081c8   0x000000c8   Code   RO          693    i.__hardfp_sin      m_wm.l(sin.o)
    0x08008290   0x08008290   0x00000438   Code   RO          773    i.__ieee754_rem_pio2  m_wm.l(rred.o)
    0x080086c8   0x080086c8   0x00000170   Code   RO          756    i.__kernel_cos      m_wm.l(cos_i.o)
    0x08008838   0x08008838   0x000000f8   Code   RO          813    i.__kernel_poly     m_wm.l(poly.o)
    0x08008930   0x08008930   0x00000130   Code   RO          778    i.__kernel_sin      m_wm.l(sin_i.o)
    0x08008a60   0x08008a60   0x00000014   Code   RO          760    i.__mathlib_dbl_infnan  m_wm.l(dunder.o)
    0x08008a74   0x08008a74   0x00000004   PAD
    0x08008a78   0x08008a78   0x00000020   Code   RO          762    i.__mathlib_dbl_invalid  m_wm.l(dunder.o)
    0x08008a98   0x08008a98   0x00000020   Code   RO          765    i.__mathlib_dbl_underflow  m_wm.l(dunder.o)
    0x08008ab8   0x08008ab8   0x00000018   Code   RO          807    i.fabs              m_wm.l(fabs.o)
    0x08008ad0   0x08008ad0   0x00000018   Code   RO          749    x$fpl$basic         fz_wm.l(basic.o)
    0x08008ae8   0x08008ae8   0x00000150   Code   RO          665    x$fpl$dadd          fz_wm.l(daddsub_clz.o)
    0x08008c38   0x08008c38   0x000002b8   Code   RO          672    x$fpl$ddiv          fz_wm.l(ddiv.o)
    0x08008ef0   0x08008ef0   0x0000005e   Code   RO          675    x$fpl$dfix          fz_wm.l(dfix.o)
    0x08008f4e   0x08008f4e   0x0000002e   Code   RO          680    x$fpl$dflt          fz_wm.l(dflt_clz.o)
    0x08008f7c   0x08008f7c   0x00000026   Code   RO          679    x$fpl$dfltu         fz_wm.l(dflt_clz.o)
    0x08008fa2   0x08008fa2   0x00000002   PAD
    0x08008fa4   0x08008fa4   0x00000154   Code   RO          685    x$fpl$dmul          fz_wm.l(dmul.o)
    0x080090f8   0x080090f8   0x0000009c   Code   RO          751    x$fpl$dnaninf       fz_wm.l(dnaninf.o)
    0x08009194   0x08009194   0x0000000c   Code   RO          753    x$fpl$dretinf       fz_wm.l(dretinf.o)
    0x080091a0   0x080091a0   0x00000016   Code   RO          666    x$fpl$drsb          fz_wm.l(daddsub_clz.o)
    0x080091b6   0x080091b6   0x00000002   PAD
    0x080091b8   0x080091b8   0x000001dc   Code   RO          667    x$fpl$dsub          fz_wm.l(daddsub_clz.o)
    0x08009394   0x08009394   0x0000001a   Code   RO          803    x$fpl$fpinit        fz_wm.l(fpinit.o)
    0x080093ae   0x080093ae   0x00000000   Code   RO          755    x$fpl$usenofp       fz_wm.l(usenofp.o)
    0x080093ae   0x080093ae   0x00000002   PAD
    0x080093b0   0x080093b0   0x00000030   Data   RO          757    .constdata          m_wm.l(cos_i.o)
    0x080093e0   0x080093e0   0x000000cc   Data   RO          775    .constdata          m_wm.l(rred.o)
    0x080094ac   0x080094ac   0x00000004   PAD
    0x080094b0   0x080094b0   0x00000028   Data   RO          779    .constdata          m_wm.l(sin_i.o)
    0x080094d8   0x080094d8   0x00000010   Data   RO          643    .rodata.AHBPrescTable  system_stm32g4xx.o
    0x080094e8   0x080094e8   0x000005e1   Data   RO           44    .rodata.codeGB_16   lcd.o
    0x08009ac9   0x08009ac9   0x00003200   Data   RO          119    .rodata.gImage_20   pic.o
    0x0800ccc9   0x0800ccc9   0x00000600   Data   RO           43    .rodata.nAsciiDot   lcd.o
    0x0800d2c9   0x0800d2c9   0x00000003   PAD
    0x0800d2cc   0x0800d2cc   0x00000020   Data   RO          910    Region$$Table       anon$$obj.o


    Execution Region RW_IRAM1 (Exec base: 0x20000000, Load base: 0x0800d2f0, Size: 0x00000760, Max: 0x00020000, ABSOLUTE)

    Exec Addr    Load Addr    Size         Type   Attr      Idx    E Section Name        Object

    0x20000000   0x0800d2f0   0x00000008   Data   RW          286    .data..L_MergedGlobals  stm32g4xx_hal.o
    0x20000008   0x0800d2f8   0x00000004   Data   RW          642    .data.SystemCoreClock  system_stm32g4xx.o
    0x2000000c   0x0800d2fc   0x00000004   PAD
    0x20000010        -       0x000000e4   Zero   RW          656    .bss                c_w.l(rand.o)
    0x200000f4        -       0x00000060   Zero   RW          816    .bss                c_w.l(libspace.o)
    0x20000154        -       0x00000002   Zero   RW           77    .bss..L_MergedGlobals  main.o
    0x20000156   0x0800d2fc   0x00000002   PAD
    0x20000158        -       0x00000004   Zero   RW          285    .bss.uwTick         stm32g4xx_hal.o
    0x2000015c   0x0800d2fc   0x00000004   PAD
    0x20000160        -       0x00000200   Zero   RW            2    HEAP                startup_stm32g474xx.o
    0x20000360        -       0x00000400   Zero   RW            1    STACK               startup_stm32g474xx.o


==============================================================================

Image component sizes


      Code (inc. data)   RO Data    RW Data    ZI Data      Debug   Object Name

      1876        118          0          0          0       5585   function.o
     26080          0       3041          0          0     138041   lcd.o
       692         56          0          0          2       5577   main.o
         0          0      12800          0          0        372   pic.o
        64         26        472          0       1536        848   startup_stm32g474xx.o
       188          0          0          8          4       9602   stm32g4xx_hal.o
       162          0          0          0          0      10849   stm32g4xx_hal_cortex.o
       456          0          0          0          0       5248   stm32g4xx_hal_gpio.o
        52          0          0          0          0       1772   stm32g4xx_hal_msp.o
       288          0          0          0          0       9107   stm32g4xx_hal_pwr_ex.o
      2002          0          0          0          0      10104   stm32g4xx_hal_rcc.o
        20          0          0          0          0       1147   stm32g4xx_it.o
        18          0         16          4          0       2777   system_stm32g4xx.o

    ----------------------------------------------------------------------
     31952        200      16364         12       1552     201029   Object Totals
         0          0         32          0          0          0   (incl. Generated)
        54          0          3          0         10          0   (incl. Padding)

    ----------------------------------------------------------------------

      Code (inc. data)   RO Data    RW Data    ZI Data      Debug   Library Member Name

         8          0          0          0          0         68   __main.o
         0          0          0          0          0          0   __rtentry.o
        12          0          0          0          0          0   __rtentry2.o
         6          0          0          0          0          0   __rtentry4.o
        94          8          0          0          0          0   __scatter.o
        26          0          0          0          0          0   __scatter_copy.o
        28          0          0          0          0          0   __scatter_zi.o
        22          0          0          0          0        100   _rserrno.o
        18          0          0          0          0         80   exit.o
         6          0          0          0          0        152   heapauxi.o
         0          0          0          0          0          0   indicate_semi.o
         2          0          0          0          0          0   libinit.o
        10          0          0          0          0          0   libinit2.o
         2          0          0          0          0          0   libshutdown.o
         2          0          0          0          0          0   libshutdown2.o
         8          4          0          0         96         68   libspace.o
       112         18          0          0        228        160   rand.o
         8          4          0          0          0         68   rt_errno_addr_intlibspace.o
        78          0          0          0          0         80   rt_memclr_w.o
         2          0          0          0          0          0   rtexit.o
        10          0          0          0          0          0   rtexit2.o
        12          4          0          0          0         68   sys_exit.o
        74          0          0          0          0         80   sys_stackheap_outer.o
         2          0          0          0          0         68   use_no_semi.o
        24          0          0          0          0        164   basic.o
       834         16          0          0          0        516   daddsub_clz.o
       696        140          0          0          0        264   ddiv.o
        94          4          0          0          0        140   dfix.o
        84          0          0          0          0        232   dflt_clz.o
       340         12          0          0          0        152   dmul.o
       156          4          0          0          0        140   dnaninf.o
        12          0          0          0          0        116   dretinf.o
        26          0          0          0          0        116   fpinit.o
         0          0          0          0          0          0   usenofp.o
       200         20          0          0          0        164   cos.o
       368         46         48          0          0        200   cos_i.o
        84         16          0          0          0        372   dunder.o
        24          0          0          0          0        124   fabs.o
        48          0          0          0          0        124   fpclassify.o
       248          0          0          0          0        152   poly.o
      1080        142        204          0          0        188   rred.o
       200         20          0          0          0        164   sin.o
       304         24         40          0          0        208   sin_i.o

    ----------------------------------------------------------------------
      5384        482        296          0        324       4528   Library Totals
        20          0          4          0          0          0   (incl. Padding)

    ----------------------------------------------------------------------

      Code (inc. data)   RO Data    RW Data    ZI Data      Debug   Library Name

       542         38          0          0        324        992   c_w.l
      2266        176          0          0          0       1840   fz_wm.l
      2556        268        292          0          0       1696   m_wm.l

    ----------------------------------------------------------------------
      5384        482        296          0        324       4528   Library Totals

    ----------------------------------------------------------------------

==============================================================================


      Code (inc. data)   RO Data    RW Data    ZI Data      Debug   

     37336        682      16660         12       1876     202909   Grand Totals
     37336        682      16660         12       1876     202909   ELF Image Totals
     37336        682      16660         12          0          0   ROM Totals

==============================================================================

    Total RO  Size (Code + RO Data)                53996 (  52.73kB)
    Total RW  Size (RW Data + ZI Data)              1888 (   1.84kB)
    Total ROM Size (Code + RO Data + RW Data)      54008 (  52.74kB)

==============================================================================

